	.text
	.syntax unified
	.eabi_attribute	67, "2.09"	@ Tag_conformance
	.cpu	cortex-m23
	.eabi_attribute	6, 16	@ Tag_CPU_arch
	.eabi_attribute	7, 77	@ Tag_CPU_arch_profile
	.eabi_attribute	8, 0	@ Tag_ARM_ISA_use
	.eabi_attribute	9, 3	@ Tag_THUMB_ISA_use
	.eabi_attribute	34, 0	@ Tag_CPU_unaligned_access
	.eabi_attribute	17, 1	@ Tag_ABI_PCS_GOT_use
	.eabi_attribute	20, 2	@ Tag_ABI_FP_denormal
	.eabi_attribute	21, 0	@ Tag_ABI_FP_exceptions
	.eabi_attribute	23, 1	@ Tag_ABI_FP_number_model
	.eabi_attribute	24, 1	@ Tag_ABI_align_needed
	.eabi_attribute	25, 1	@ Tag_ABI_align_preserved
	.eabi_attribute	38, 1	@ Tag_ABI_FP_16bit_format
	.eabi_attribute	18, 2	@ Tag_ABI_PCS_wchar_t
	.eabi_attribute	26, 1	@ Tag_ABI_enum_size
	.eabi_attribute	14, 0	@ Tag_ABI_PCS_R9_use
	.file	"common.c"
	.file	1 "D:\\Keil_v5\\ARM\\ARMCLANG\\Bin\\..\\include" "stdint.h"
	.section	.text.Delay_Ms,"ax",%progbits
	.hidden	Delay_Ms                @ -- Begin function Delay_Ms
	.globl	Delay_Ms
	.p2align	1
	.type	Delay_Ms,%function
	.code	16                      @ @Delay_Ms
	.thumb_func
Delay_Ms:
.Lfunc_begin0:
	.file	2 "E:\\Soway\\Soway_product-soft\\105 - T119-GD\\E230 -  ds18b20-F8\\MDK-ARM" "../APP/Src/common.c"
	.loc	2 4 0                   @ ../APP/Src/common.c:4:0
	.fnstart
	.cfi_sections .debug_frame
	.cfi_startproc
@ %bb.0:
	.pad	#4
	sub	sp, #4
	.cfi_def_cfa_offset 4
	str	r0, [sp]
.Ltmp0:
	.loc	2 5 11 prologue_end     @ ../APP/Src/common.c:5:11
	ldr	r0, [sp]
	movw	r1, #3200
	.loc	2 5 15 is_stmt 0        @ ../APP/Src/common.c:5:15
	muls	r1, r0, r1
	.loc	2 5 9                   @ ../APP/Src/common.c:5:9
	str	r1, [sp]
	.loc	2 8 5 is_stmt 1         @ ../APP/Src/common.c:8:5
	b	.LBB0_1
.LBB0_1:                                @ =>This Inner Loop Header: Depth=1
	.loc	2 8 15 is_stmt 0        @ ../APP/Src/common.c:8:15
	ldr	r0, [sp]
	subs	r1, r0, #1
	str	r1, [sp]
	.loc	2 8 5                   @ ../APP/Src/common.c:8:5
	cmp	r0, #0
	beq	.LBB0_3
	b	.LBB0_2
.LBB0_2:                                @   in Loop: Header=BB0_1 Depth=1
	b	.LBB0_1
.LBB0_3:
	.loc	2 9 1 is_stmt 1         @ ../APP/Src/common.c:9:1
	add	sp, #4
	bx	lr
.Ltmp1:
.Lfunc_end0:
	.size	Delay_Ms, .Lfunc_end0-Delay_Ms
	.cfi_endproc
	.cantunwind
	.fnend
                                        @ -- End function
	.section	.text.Delay_Us,"ax",%progbits
	.hidden	Delay_Us                @ -- Begin function Delay_Us
	.globl	Delay_Us
	.p2align	1
	.type	Delay_Us,%function
	.code	16                      @ @Delay_Us
	.thumb_func
Delay_Us:
.Lfunc_begin1:
	.loc	2 12 0                  @ ../APP/Src/common.c:12:0
	.fnstart
	.cfi_startproc
@ %bb.0:
	.pad	#4
	sub	sp, #4
	.cfi_def_cfa_offset 4
	str	r0, [sp]
.Ltmp2:
	.loc	2 13 11 prologue_end    @ ../APP/Src/common.c:13:11
	ldr	r0, [sp]
	.loc	2 13 15 is_stmt 0       @ ../APP/Src/common.c:13:15
	lsls	r0, r0, #3
	.loc	2 13 9                  @ ../APP/Src/common.c:13:9
	str	r0, [sp]
	.loc	2 15 5 is_stmt 1        @ ../APP/Src/common.c:15:5
	b	.LBB1_1
.LBB1_1:                                @ =>This Inner Loop Header: Depth=1
	.loc	2 15 15 is_stmt 0       @ ../APP/Src/common.c:15:15
	ldr	r0, [sp]
	subs	r1, r0, #1
	str	r1, [sp]
	.loc	2 15 5                  @ ../APP/Src/common.c:15:5
	cmp	r0, #0
	beq	.LBB1_3
	b	.LBB1_2
.LBB1_2:                                @   in Loop: Header=BB1_1 Depth=1
	b	.LBB1_1
.LBB1_3:
	.loc	2 16 1 is_stmt 1        @ ../APP/Src/common.c:16:1
	add	sp, #4
	bx	lr
.Ltmp3:
.Lfunc_end1:
	.size	Delay_Us, .Lfunc_end1-Delay_Us
	.cfi_endproc
	.cantunwind
	.fnend
                                        @ -- End function
	.section	.text.Unshort2Array,"ax",%progbits
	.hidden	Unshort2Array           @ -- Begin function Unshort2Array
	.globl	Unshort2Array
	.p2align	1
	.type	Unshort2Array,%function
	.code	16                      @ @Unshort2Array
	.thumb_func
Unshort2Array:
.Lfunc_begin2:
	.loc	2 31 0                  @ ../APP/Src/common.c:31:0
	.fnstart
	.cfi_startproc
@ %bb.0:
	.pad	#8
	sub	sp, #8
	.cfi_def_cfa_offset 8
	mov	r2, r0
	add	r3, sp, #4
	strh	r0, [r3]
	str	r1, [sp]
.Ltmp4:
	.loc	2 32 14 prologue_end    @ ../APP/Src/common.c:32:14
	ldrb	r0, [r3, #1]
	.loc	2 32 6 is_stmt 0        @ ../APP/Src/common.c:32:6
	ldr	r1, [sp]
	.loc	2 32 12                 @ ../APP/Src/common.c:32:12
	strb	r0, [r1]
	.loc	2 33 20 is_stmt 1       @ ../APP/Src/common.c:33:20
	ldr	r0, [sp, #4]
	.loc	2 33 7 is_stmt 0        @ ../APP/Src/common.c:33:7
	ldr	r1, [sp]
	.loc	2 33 18                 @ ../APP/Src/common.c:33:18
	strb	r0, [r1, #1]
	.loc	2 34 1 is_stmt 1        @ ../APP/Src/common.c:34:1
	add	sp, #8
	bx	lr
.Ltmp5:
.Lfunc_end2:
	.size	Unshort2Array, .Lfunc_end2-Unshort2Array
	.cfi_endproc
	.cantunwind
	.fnend
                                        @ -- End function
	.section	.text.long32Array,"ax",%progbits
	.hidden	long32Array             @ -- Begin function long32Array
	.globl	long32Array
	.p2align	1
	.type	long32Array,%function
	.code	16                      @ @long32Array
	.thumb_func
long32Array:
.Lfunc_begin3:
	.loc	2 50 0                  @ ../APP/Src/common.c:50:0
	.fnstart
	.cfi_startproc
@ %bb.0:
	.pad	#8
	sub	sp, #8
	.cfi_def_cfa_offset 8
	str	r0, [sp, #4]
	str	r1, [sp]
	add	r0, sp, #4
.Ltmp6:
	.loc	2 54 13 prologue_end    @ ../APP/Src/common.c:54:13
	ldrb	r1, [r0, #3]
	.loc	2 54 5 is_stmt 0        @ ../APP/Src/common.c:54:5
	ldr	r2, [sp]
	.loc	2 54 11                 @ ../APP/Src/common.c:54:11
	strb	r1, [r2]
	.loc	2 55 19 is_stmt 1       @ ../APP/Src/common.c:55:19
	ldrb	r1, [r0, #2]
	.loc	2 55 6 is_stmt 0        @ ../APP/Src/common.c:55:6
	ldr	r2, [sp]
	.loc	2 55 17                 @ ../APP/Src/common.c:55:17
	strb	r1, [r2, #1]
	.loc	2 56 19 is_stmt 1       @ ../APP/Src/common.c:56:19
	ldrb	r0, [r0, #1]
	.loc	2 56 6 is_stmt 0        @ ../APP/Src/common.c:56:6
	ldr	r1, [sp]
	.loc	2 56 17                 @ ../APP/Src/common.c:56:17
	strb	r0, [r1, #2]
	.loc	2 57 19 is_stmt 1       @ ../APP/Src/common.c:57:19
	ldr	r0, [sp, #4]
	.loc	2 57 6 is_stmt 0        @ ../APP/Src/common.c:57:6
	ldr	r1, [sp]
	.loc	2 57 17                 @ ../APP/Src/common.c:57:17
	strb	r0, [r1, #3]
	.loc	2 59 1 is_stmt 1        @ ../APP/Src/common.c:59:1
	add	sp, #8
	bx	lr
.Ltmp7:
.Lfunc_end3:
	.size	long32Array, .Lfunc_end3-long32Array
	.cfi_endproc
	.cantunwind
	.fnend
                                        @ -- End function
	.section	.text.Unlong2Array,"ax",%progbits
	.hidden	Unlong2Array            @ -- Begin function Unlong2Array
	.globl	Unlong2Array
	.p2align	1
	.type	Unlong2Array,%function
	.code	16                      @ @Unlong2Array
	.thumb_func
Unlong2Array:
.Lfunc_begin4:
	.loc	2 74 0                  @ ../APP/Src/common.c:74:0
	.fnstart
	.cfi_startproc
@ %bb.0:
	.pad	#12
	sub	sp, #12
	.cfi_def_cfa_offset 12
	str	r0, [sp, #8]
	str	r1, [sp, #4]
	mov	r0, sp
	movs	r1, #0
.Ltmp8:
	.loc	2 76 11 prologue_end    @ ../APP/Src/common.c:76:11
	strb	r1, [r0]
	.loc	2 76 9 is_stmt 0        @ ../APP/Src/common.c:76:9
	b	.LBB4_1
.LBB4_1:                                @ =>This Inner Loop Header: Depth=1
	.loc	2 0 9                   @ ../APP/Src/common.c:0:9
	mov	r0, sp
.Ltmp9:
	.loc	2 76 16                 @ ../APP/Src/common.c:76:16
	ldrb	r0, [r0]
.Ltmp10:
	.loc	2 76 5                  @ ../APP/Src/common.c:76:5
	cmp	r0, #3
	bgt	.LBB4_4
	b	.LBB4_2
.LBB4_2:                                @   in Loop: Header=BB4_1 Depth=1
	.loc	2 0 5                   @ ../APP/Src/common.c:0:5
	mov	r0, sp
.Ltmp11:
	.loc	2 78 54 is_stmt 1       @ ../APP/Src/common.c:78:54
	ldrb	r0, [r0]
	add	r1, sp, #8
	.loc	2 78 48 is_stmt 0       @ ../APP/Src/common.c:78:48
	subs	r1, r1, r0
	.loc	2 78 24                 @ ../APP/Src/common.c:78:24
	ldrb	r1, [r1, #3]
	.loc	2 78 11                 @ ../APP/Src/common.c:78:11
	ldr	r2, [sp, #4]
	.loc	2 78 22                 @ ../APP/Src/common.c:78:22
	strb	r1, [r2, r0]
	.loc	2 79 5 is_stmt 1        @ ../APP/Src/common.c:79:5
	b	.LBB4_3
.Ltmp12:
.LBB4_3:                                @   in Loop: Header=BB4_1 Depth=1
	.loc	2 76 24                 @ ../APP/Src/common.c:76:24
	ldr	r0, [sp]
	adds	r0, r0, #1
	mov	r1, sp
	strb	r0, [r1]
	.loc	2 76 5 is_stmt 0        @ ../APP/Src/common.c:76:5
	b	.LBB4_1
.Ltmp13:
.LBB4_4:
	.loc	2 80 1 is_stmt 1        @ ../APP/Src/common.c:80:1
	add	sp, #12
	bx	lr
.Ltmp14:
.Lfunc_end4:
	.size	Unlong2Array, .Lfunc_end4-Unlong2Array
	.cfi_endproc
	.cantunwind
	.fnend
                                        @ -- End function
	.section	.debug_str,"MS",%progbits,1
.Linfo_string0:
	.asciz	"Component: ARM Compiler 6.14 Tool: armclang [5db06c00]" @ string offset=0
.Linfo_string1:
	.asciz	"../APP/Src\\common.c"  @ string offset=55
.Linfo_string2:
	.asciz	"E:\\Soway\\Soway_product-soft\\105 - T119-GD\\E230 -  ds18b20-F8\\MDK-ARM" @ string offset=75
.Linfo_string3:
	.asciz	"unsigned char"         @ string offset=144
.Linfo_string4:
	.asciz	"uint8_t"               @ string offset=158
.Linfo_string5:
	.asciz	"Delay_Ms"              @ string offset=166
.Linfo_string6:
	.asciz	"Delay_Us"              @ string offset=175
.Linfo_string7:
	.asciz	"Unshort2Array"         @ string offset=184
.Linfo_string8:
	.asciz	"long32Array"           @ string offset=198
.Linfo_string9:
	.asciz	"Unlong2Array"          @ string offset=210
.Linfo_string10:
	.asciz	"cnt"                   @ string offset=223
.Linfo_string11:
	.asciz	"unsigned int"          @ string offset=227
.Linfo_string12:
	.asciz	"uint32_t"              @ string offset=240
.Linfo_string13:
	.asciz	"SourceData"            @ string offset=249
.Linfo_string14:
	.asciz	"unsigned short"        @ string offset=260
.Linfo_string15:
	.asciz	"uint16_t"              @ string offset=275
.Linfo_string16:
	.asciz	"Array"                 @ string offset=284
.Linfo_string17:
	.asciz	"i"                     @ string offset=290
	.section	.debug_abbrev,"",%progbits
	.byte	1                       @ Abbreviation Code
	.byte	17                      @ DW_TAG_compile_unit
	.byte	1                       @ DW_CHILDREN_yes
	.byte	37                      @ DW_AT_producer
	.byte	14                      @ DW_FORM_strp
	.byte	19                      @ DW_AT_language
	.byte	5                       @ DW_FORM_data2
	.byte	3                       @ DW_AT_name
	.byte	14                      @ DW_FORM_strp
	.byte	16                      @ DW_AT_stmt_list
	.byte	6                       @ DW_FORM_data4
	.byte	27                      @ DW_AT_comp_dir
	.byte	14                      @ DW_FORM_strp
	.byte	17                      @ DW_AT_low_pc
	.byte	1                       @ DW_FORM_addr
	.byte	85                      @ DW_AT_ranges
	.byte	6                       @ DW_FORM_data4
	.byte	0                       @ EOM(1)
	.byte	0                       @ EOM(2)
	.byte	2                       @ Abbreviation Code
	.byte	15                      @ DW_TAG_pointer_type
	.byte	0                       @ DW_CHILDREN_no
	.byte	73                      @ DW_AT_type
	.byte	19                      @ DW_FORM_ref4
	.byte	0                       @ EOM(1)
	.byte	0                       @ EOM(2)
	.byte	3                       @ Abbreviation Code
	.byte	22                      @ DW_TAG_typedef
	.byte	0                       @ DW_CHILDREN_no
	.byte	73                      @ DW_AT_type
	.byte	19                      @ DW_FORM_ref4
	.byte	3                       @ DW_AT_name
	.byte	14                      @ DW_FORM_strp
	.byte	58                      @ DW_AT_decl_file
	.byte	11                      @ DW_FORM_data1
	.byte	59                      @ DW_AT_decl_line
	.byte	11                      @ DW_FORM_data1
	.byte	0                       @ EOM(1)
	.byte	0                       @ EOM(2)
	.byte	4                       @ Abbreviation Code
	.byte	36                      @ DW_TAG_base_type
	.byte	0                       @ DW_CHILDREN_no
	.byte	3                       @ DW_AT_name
	.byte	14                      @ DW_FORM_strp
	.byte	62                      @ DW_AT_encoding
	.byte	11                      @ DW_FORM_data1
	.byte	11                      @ DW_AT_byte_size
	.byte	11                      @ DW_FORM_data1
	.byte	0                       @ EOM(1)
	.byte	0                       @ EOM(2)
	.byte	5                       @ Abbreviation Code
	.byte	46                      @ DW_TAG_subprogram
	.byte	1                       @ DW_CHILDREN_yes
	.byte	17                      @ DW_AT_low_pc
	.byte	1                       @ DW_FORM_addr
	.byte	18                      @ DW_AT_high_pc
	.byte	1                       @ DW_FORM_addr
	.byte	64                      @ DW_AT_frame_base
	.byte	10                      @ DW_FORM_block1
	.byte	3                       @ DW_AT_name
	.byte	14                      @ DW_FORM_strp
	.byte	58                      @ DW_AT_decl_file
	.byte	11                      @ DW_FORM_data1
	.byte	59                      @ DW_AT_decl_line
	.byte	11                      @ DW_FORM_data1
	.byte	39                      @ DW_AT_prototyped
	.byte	12                      @ DW_FORM_flag
	.byte	63                      @ DW_AT_external
	.byte	12                      @ DW_FORM_flag
	.byte	0                       @ EOM(1)
	.byte	0                       @ EOM(2)
	.byte	6                       @ Abbreviation Code
	.byte	5                       @ DW_TAG_formal_parameter
	.byte	0                       @ DW_CHILDREN_no
	.byte	2                       @ DW_AT_location
	.byte	10                      @ DW_FORM_block1
	.byte	3                       @ DW_AT_name
	.byte	14                      @ DW_FORM_strp
	.byte	58                      @ DW_AT_decl_file
	.byte	11                      @ DW_FORM_data1
	.byte	59                      @ DW_AT_decl_line
	.byte	11                      @ DW_FORM_data1
	.byte	73                      @ DW_AT_type
	.byte	19                      @ DW_FORM_ref4
	.byte	0                       @ EOM(1)
	.byte	0                       @ EOM(2)
	.byte	7                       @ Abbreviation Code
	.byte	52                      @ DW_TAG_variable
	.byte	0                       @ DW_CHILDREN_no
	.byte	2                       @ DW_AT_location
	.byte	10                      @ DW_FORM_block1
	.byte	3                       @ DW_AT_name
	.byte	14                      @ DW_FORM_strp
	.byte	58                      @ DW_AT_decl_file
	.byte	11                      @ DW_FORM_data1
	.byte	59                      @ DW_AT_decl_line
	.byte	11                      @ DW_FORM_data1
	.byte	73                      @ DW_AT_type
	.byte	19                      @ DW_FORM_ref4
	.byte	0                       @ EOM(1)
	.byte	0                       @ EOM(2)
	.byte	0                       @ EOM(3)
	.section	.debug_info,"",%progbits
.Lcu_begin0:
	.long	.Ldebug_info_end0-.Ldebug_info_start0 @ Length of Unit
.Ldebug_info_start0:
	.short	3                       @ DWARF version number
	.long	.debug_abbrev           @ Offset Into Abbrev. Section
	.byte	4                       @ Address Size (in bytes)
	.byte	1                       @ Abbrev [1] 0xb:0x139 DW_TAG_compile_unit
	.long	.Linfo_string0          @ DW_AT_producer
	.short	12                      @ DW_AT_language
	.long	.Linfo_string1          @ DW_AT_name
	.long	.Lline_table_start0     @ DW_AT_stmt_list
	.long	.Linfo_string2          @ DW_AT_comp_dir
	.long	0                       @ DW_AT_low_pc
	.long	.Ldebug_ranges0         @ DW_AT_ranges
	.byte	2                       @ Abbrev [2] 0x26:0x5 DW_TAG_pointer_type
	.long	43                      @ DW_AT_type
	.byte	3                       @ Abbrev [3] 0x2b:0xb DW_TAG_typedef
	.long	54                      @ DW_AT_type
	.long	.Linfo_string4          @ DW_AT_name
	.byte	1                       @ DW_AT_decl_file
	.byte	62                      @ DW_AT_decl_line
	.byte	4                       @ Abbrev [4] 0x36:0x7 DW_TAG_base_type
	.long	.Linfo_string3          @ DW_AT_name
	.byte	8                       @ DW_AT_encoding
	.byte	1                       @ DW_AT_byte_size
	.byte	5                       @ Abbrev [5] 0x3d:0x22 DW_TAG_subprogram
	.long	.Lfunc_begin0           @ DW_AT_low_pc
	.long	.Lfunc_end0             @ DW_AT_high_pc
	.byte	1                       @ DW_AT_frame_base
	.byte	93
	.long	.Linfo_string5          @ DW_AT_name
	.byte	2                       @ DW_AT_decl_file
	.byte	3                       @ DW_AT_decl_line
	.byte	1                       @ DW_AT_prototyped
	.byte	1                       @ DW_AT_external
	.byte	6                       @ Abbrev [6] 0x50:0xe DW_TAG_formal_parameter
	.byte	2                       @ DW_AT_location
	.byte	145
	.byte	0
	.long	.Linfo_string10         @ DW_AT_name
	.byte	2                       @ DW_AT_decl_file
	.byte	3                       @ DW_AT_decl_line
	.long	287                     @ DW_AT_type
	.byte	0                       @ End Of Children Mark
	.byte	5                       @ Abbrev [5] 0x5f:0x22 DW_TAG_subprogram
	.long	.Lfunc_begin1           @ DW_AT_low_pc
	.long	.Lfunc_end1             @ DW_AT_high_pc
	.byte	1                       @ DW_AT_frame_base
	.byte	93
	.long	.Linfo_string6          @ DW_AT_name
	.byte	2                       @ DW_AT_decl_file
	.byte	11                      @ DW_AT_decl_line
	.byte	1                       @ DW_AT_prototyped
	.byte	1                       @ DW_AT_external
	.byte	6                       @ Abbrev [6] 0x72:0xe DW_TAG_formal_parameter
	.byte	2                       @ DW_AT_location
	.byte	145
	.byte	0
	.long	.Linfo_string10         @ DW_AT_name
	.byte	2                       @ DW_AT_decl_file
	.byte	11                      @ DW_AT_decl_line
	.long	287                     @ DW_AT_type
	.byte	0                       @ End Of Children Mark
	.byte	5                       @ Abbrev [5] 0x81:0x30 DW_TAG_subprogram
	.long	.Lfunc_begin2           @ DW_AT_low_pc
	.long	.Lfunc_end2             @ DW_AT_high_pc
	.byte	1                       @ DW_AT_frame_base
	.byte	93
	.long	.Linfo_string7          @ DW_AT_name
	.byte	2                       @ DW_AT_decl_file
	.byte	30                      @ DW_AT_decl_line
	.byte	1                       @ DW_AT_prototyped
	.byte	1                       @ DW_AT_external
	.byte	6                       @ Abbrev [6] 0x94:0xe DW_TAG_formal_parameter
	.byte	2                       @ DW_AT_location
	.byte	145
	.byte	4
	.long	.Linfo_string13         @ DW_AT_name
	.byte	2                       @ DW_AT_decl_file
	.byte	30                      @ DW_AT_decl_line
	.long	305                     @ DW_AT_type
	.byte	6                       @ Abbrev [6] 0xa2:0xe DW_TAG_formal_parameter
	.byte	2                       @ DW_AT_location
	.byte	145
	.byte	0
	.long	.Linfo_string16         @ DW_AT_name
	.byte	2                       @ DW_AT_decl_file
	.byte	30                      @ DW_AT_decl_line
	.long	38                      @ DW_AT_type
	.byte	0                       @ End Of Children Mark
	.byte	5                       @ Abbrev [5] 0xb1:0x30 DW_TAG_subprogram
	.long	.Lfunc_begin3           @ DW_AT_low_pc
	.long	.Lfunc_end3             @ DW_AT_high_pc
	.byte	1                       @ DW_AT_frame_base
	.byte	93
	.long	.Linfo_string8          @ DW_AT_name
	.byte	2                       @ DW_AT_decl_file
	.byte	49                      @ DW_AT_decl_line
	.byte	1                       @ DW_AT_prototyped
	.byte	1                       @ DW_AT_external
	.byte	6                       @ Abbrev [6] 0xc4:0xe DW_TAG_formal_parameter
	.byte	2                       @ DW_AT_location
	.byte	145
	.byte	4
	.long	.Linfo_string13         @ DW_AT_name
	.byte	2                       @ DW_AT_decl_file
	.byte	49                      @ DW_AT_decl_line
	.long	287                     @ DW_AT_type
	.byte	6                       @ Abbrev [6] 0xd2:0xe DW_TAG_formal_parameter
	.byte	2                       @ DW_AT_location
	.byte	145
	.byte	0
	.long	.Linfo_string16         @ DW_AT_name
	.byte	2                       @ DW_AT_decl_file
	.byte	49                      @ DW_AT_decl_line
	.long	38                      @ DW_AT_type
	.byte	0                       @ End Of Children Mark
	.byte	5                       @ Abbrev [5] 0xe1:0x3e DW_TAG_subprogram
	.long	.Lfunc_begin4           @ DW_AT_low_pc
	.long	.Lfunc_end4             @ DW_AT_high_pc
	.byte	1                       @ DW_AT_frame_base
	.byte	93
	.long	.Linfo_string9          @ DW_AT_name
	.byte	2                       @ DW_AT_decl_file
	.byte	73                      @ DW_AT_decl_line
	.byte	1                       @ DW_AT_prototyped
	.byte	1                       @ DW_AT_external
	.byte	6                       @ Abbrev [6] 0xf4:0xe DW_TAG_formal_parameter
	.byte	2                       @ DW_AT_location
	.byte	145
	.byte	8
	.long	.Linfo_string13         @ DW_AT_name
	.byte	2                       @ DW_AT_decl_file
	.byte	73                      @ DW_AT_decl_line
	.long	287                     @ DW_AT_type
	.byte	6                       @ Abbrev [6] 0x102:0xe DW_TAG_formal_parameter
	.byte	2                       @ DW_AT_location
	.byte	145
	.byte	4
	.long	.Linfo_string16         @ DW_AT_name
	.byte	2                       @ DW_AT_decl_file
	.byte	73                      @ DW_AT_decl_line
	.long	38                      @ DW_AT_type
	.byte	7                       @ Abbrev [7] 0x110:0xe DW_TAG_variable
	.byte	2                       @ DW_AT_location
	.byte	145
	.byte	0
	.long	.Linfo_string17         @ DW_AT_name
	.byte	2                       @ DW_AT_decl_file
	.byte	75                      @ DW_AT_decl_line
	.long	43                      @ DW_AT_type
	.byte	0                       @ End Of Children Mark
	.byte	3                       @ Abbrev [3] 0x11f:0xb DW_TAG_typedef
	.long	298                     @ DW_AT_type
	.long	.Linfo_string12         @ DW_AT_name
	.byte	1                       @ DW_AT_decl_file
	.byte	64                      @ DW_AT_decl_line
	.byte	4                       @ Abbrev [4] 0x12a:0x7 DW_TAG_base_type
	.long	.Linfo_string11         @ DW_AT_name
	.byte	7                       @ DW_AT_encoding
	.byte	4                       @ DW_AT_byte_size
	.byte	3                       @ Abbrev [3] 0x131:0xb DW_TAG_typedef
	.long	316                     @ DW_AT_type
	.long	.Linfo_string15         @ DW_AT_name
	.byte	1                       @ DW_AT_decl_file
	.byte	63                      @ DW_AT_decl_line
	.byte	4                       @ Abbrev [4] 0x13c:0x7 DW_TAG_base_type
	.long	.Linfo_string14         @ DW_AT_name
	.byte	7                       @ DW_AT_encoding
	.byte	2                       @ DW_AT_byte_size
	.byte	0                       @ End Of Children Mark
.Ldebug_info_end0:
	.section	.debug_ranges,"",%progbits
.Ldebug_ranges0:
	.long	.Lfunc_begin0
	.long	.Lfunc_end0
	.long	.Lfunc_begin1
	.long	.Lfunc_end1
	.long	.Lfunc_begin2
	.long	.Lfunc_end2
	.long	.Lfunc_begin3
	.long	.Lfunc_end3
	.long	.Lfunc_begin4
	.long	.Lfunc_end4
	.long	0
	.long	0
	.ident	"Component: ARM Compiler 6.14 Tool: armclang [5db06c00]"
	.section	".note.GNU-stack","",%progbits
	.eabi_attribute	30, 6	@ Tag_ABI_optimization_goals
	.ARM_attribute	16, 1	@ Tag_AV_eba
	.section	.debug_line,"",%progbits
.Lline_table_start0:
