	.text
	.syntax unified
	.eabi_attribute	67, "2.09"	@ Tag_conformance
	.cpu	cortex-m23
	.eabi_attribute	6, 16	@ Tag_CPU_arch
	.eabi_attribute	7, 77	@ Tag_CPU_arch_profile
	.eabi_attribute	8, 0	@ Tag_ARM_ISA_use
	.eabi_attribute	9, 3	@ Tag_THUMB_ISA_use
	.eabi_attribute	34, 0	@ Tag_CPU_unaligned_access
	.eabi_attribute	17, 1	@ Tag_ABI_PCS_GOT_use
	.eabi_attribute	20, 2	@ Tag_ABI_FP_denormal
	.eabi_attribute	21, 0	@ Tag_ABI_FP_exceptions
	.eabi_attribute	23, 1	@ Tag_ABI_FP_number_model
	.eabi_attribute	24, 1	@ Tag_ABI_align_needed
	.eabi_attribute	25, 1	@ Tag_ABI_align_preserved
	.eabi_attribute	38, 1	@ Tag_ABI_FP_16bit_format
	.eabi_attribute	18, 2	@ Tag_ABI_PCS_wchar_t
	.eabi_attribute	26, 1	@ Tag_ABI_enum_size
	.eabi_attribute	14, 0	@ Tag_ABI_PCS_R9_use
	.file	"gd32e230_exti.c"
	.file	1 "E:\\Soway\\Soway_product-soft\\105 - T119-GD\\E230 -  ds18b20-F8\\MDK-ARM" "../GD32E230_Firmware_Library/GD32E230_standard_peripheral/Include\\gd32e230_exti.h"
	.file	2 "E:\\Soway\\Soway_product-soft\\105 - T119-GD\\E230 -  ds18b20-F8\\MDK-ARM" "../GD32E230_Firmware_Library/CMSIS/GD/GD32E230/Include\\gd32e230.h"
	.file	3 "D:\\Keil_v5\\ARM\\ARMCLANG\\Bin\\..\\include" "stdint.h"
	.section	.text.exti_deinit,"ax",%progbits
	.hidden	exti_deinit             @ -- Begin function exti_deinit
	.globl	exti_deinit
	.p2align	2
	.type	exti_deinit,%function
	.code	16                      @ @exti_deinit
	.thumb_func
exti_deinit:
.Lfunc_begin0:
	.file	4 "E:\\Soway\\Soway_product-soft\\105 - T119-GD\\E230 -  ds18b20-F8\\MDK-ARM" "../GD32E230_Firmware_Library/GD32E230_standard_peripheral/Source/gd32e230_exti.c"
	.loc	4 46 0                  @ ../GD32E230_Firmware_Library/GD32E230_standard_peripheral/Source/gd32e230_exti.c:46:0
	.fnstart
	.cfi_sections .debug_frame
	.cfi_startproc
@ %bb.0:
	ldr	r0, __arm_cp.0_0
	ldr	r1, __arm_cp.0_1
.Ltmp0:
	.loc	4 48 16 prologue_end    @ ../GD32E230_Firmware_Library/GD32E230_standard_peripheral/Source/gd32e230_exti.c:48:16
	str	r1, [r0]
	ldr	r0, __arm_cp.0_2
	movs	r1, #0
	.loc	4 49 16                 @ ../GD32E230_Firmware_Library/GD32E230_standard_peripheral/Source/gd32e230_exti.c:49:16
	str	r1, [r0]
	ldr	r0, __arm_cp.0_3
	.loc	4 50 16                 @ ../GD32E230_Firmware_Library/GD32E230_standard_peripheral/Source/gd32e230_exti.c:50:16
	str	r1, [r0]
	ldr	r0, __arm_cp.0_4
	.loc	4 51 16                 @ ../GD32E230_Firmware_Library/GD32E230_standard_peripheral/Source/gd32e230_exti.c:51:16
	str	r1, [r0]
	ldr	r0, __arm_cp.0_5
	.loc	4 52 16                 @ ../GD32E230_Firmware_Library/GD32E230_standard_peripheral/Source/gd32e230_exti.c:52:16
	str	r1, [r0]
	.loc	4 53 1                  @ ../GD32E230_Firmware_Library/GD32E230_standard_peripheral/Source/gd32e230_exti.c:53:1
	bx	lr
.Ltmp1:
	.p2align	2
@ %bb.1:
	.loc	4 0 1 is_stmt 0         @ ../GD32E230_Firmware_Library/GD32E230_standard_peripheral/Source/gd32e230_exti.c:0:1
__arm_cp.0_0:
	.long	1073808384              @ 0x40010400
.Lcpi_end0:
	.size	__arm_cp.0_0, .Lcpi_end0-__arm_cp.0_0
__arm_cp.0_1:
	.long	261357568               @ 0xf940000
.Lcpi_end1:
	.size	__arm_cp.0_1, .Lcpi_end1-__arm_cp.0_1
__arm_cp.0_2:
	.long	1073808388              @ 0x40010404
.Lcpi_end2:
	.size	__arm_cp.0_2, .Lcpi_end2-__arm_cp.0_2
__arm_cp.0_3:
	.long	1073808392              @ 0x40010408
.Lcpi_end3:
	.size	__arm_cp.0_3, .Lcpi_end3-__arm_cp.0_3
__arm_cp.0_4:
	.long	1073808396              @ 0x4001040c
.Lcpi_end4:
	.size	__arm_cp.0_4, .Lcpi_end4-__arm_cp.0_4
__arm_cp.0_5:
	.long	1073808400              @ 0x40010410
.Lcpi_end5:
	.size	__arm_cp.0_5, .Lcpi_end5-__arm_cp.0_5
.Lfunc_end0:
	.size	exti_deinit, .Lfunc_end0-exti_deinit
	.cfi_endproc
	.cantunwind
	.fnend
                                        @ -- End function
	.section	.text.exti_init,"ax",%progbits
	.hidden	exti_init               @ -- Begin function exti_init
	.globl	exti_init
	.p2align	2
	.type	exti_init,%function
	.code	16                      @ @exti_init
	.thumb_func
exti_init:
.Lfunc_begin1:
	.loc	4 75 0 is_stmt 1        @ ../GD32E230_Firmware_Library/GD32E230_standard_peripheral/Source/gd32e230_exti.c:75:0
	.fnstart
	.cfi_startproc
@ %bb.0:
	.save	{r4, r5, r7, lr}
	push	{r4, r5, r7, lr}
	.cfi_def_cfa_offset 16
	.cfi_offset lr, -4
	.cfi_offset r7, -8
	.cfi_offset r5, -12
	.cfi_offset r4, -16
	.pad	#20
	sub	sp, #20
	.cfi_def_cfa_offset 36
	mov	r3, r2
	mov	r4, r1
	str	r0, [sp, #16]
	add	r0, sp, #12
	strb	r1, [r0]
	add	r1, sp, #8
	strb	r2, [r1]
.Ltmp2:
	.loc	4 77 30 prologue_end    @ ../GD32E230_Firmware_Library/GD32E230_standard_peripheral/Source/gd32e230_exti.c:77:30
	ldr	r1, [sp, #16]
	ldr	r2, __arm_cp.1_0
	.loc	4 77 16 is_stmt 0       @ ../GD32E230_Firmware_Library/GD32E230_standard_peripheral/Source/gd32e230_exti.c:77:16
	ldr	r5, [r2]
	bics	r5, r1
	str	r5, [r2]
	.loc	4 78 29 is_stmt 1       @ ../GD32E230_Firmware_Library/GD32E230_standard_peripheral/Source/gd32e230_exti.c:78:29
	ldr	r1, [sp, #16]
	ldr	r2, __arm_cp.1_1
	.loc	4 78 15 is_stmt 0       @ ../GD32E230_Firmware_Library/GD32E230_standard_peripheral/Source/gd32e230_exti.c:78:15
	ldr	r5, [r2]
	bics	r5, r1
	str	r5, [r2]
	.loc	4 79 29 is_stmt 1       @ ../GD32E230_Firmware_Library/GD32E230_standard_peripheral/Source/gd32e230_exti.c:79:29
	ldr	r1, [sp, #16]
	ldr	r2, __arm_cp.1_2
	.loc	4 79 15 is_stmt 0       @ ../GD32E230_Firmware_Library/GD32E230_standard_peripheral/Source/gd32e230_exti.c:79:15
	ldr	r5, [r2]
	bics	r5, r1
	str	r5, [r2]
	.loc	4 80 29 is_stmt 1       @ ../GD32E230_Firmware_Library/GD32E230_standard_peripheral/Source/gd32e230_exti.c:80:29
	ldr	r1, [sp, #16]
	ldr	r2, __arm_cp.1_3
	.loc	4 80 15 is_stmt 0       @ ../GD32E230_Firmware_Library/GD32E230_standard_peripheral/Source/gd32e230_exti.c:80:15
	ldr	r5, [r2]
	bics	r5, r1
	str	r5, [r2]
	.loc	4 83 12 is_stmt 1       @ ../GD32E230_Firmware_Library/GD32E230_standard_peripheral/Source/gd32e230_exti.c:83:12
	ldrb	r0, [r0]
	.loc	4 83 5 is_stmt 0        @ ../GD32E230_Firmware_Library/GD32E230_standard_peripheral/Source/gd32e230_exti.c:83:5
	cmp	r0, #0
	str	r0, [sp, #4]            @ 4-byte Spill
	beq	.LBB1_2
	b	.LBB1_1
.LBB1_1:
	ldr	r0, [sp, #4]            @ 4-byte Reload
	cmp	r0, #1
	beq	.LBB1_3
	b	.LBB1_4
.LBB1_2:
.Ltmp3:
	.loc	4 85 33 is_stmt 1       @ ../GD32E230_Firmware_Library/GD32E230_standard_peripheral/Source/gd32e230_exti.c:85:33
	ldr	r0, [sp, #16]
	ldr	r1, __arm_cp.1_0
	.loc	4 85 20 is_stmt 0       @ ../GD32E230_Firmware_Library/GD32E230_standard_peripheral/Source/gd32e230_exti.c:85:20
	ldr	r2, [r1]
	orrs	r2, r0
	str	r2, [r1]
	.loc	4 86 9 is_stmt 1        @ ../GD32E230_Firmware_Library/GD32E230_standard_peripheral/Source/gd32e230_exti.c:86:9
	b	.LBB1_5
.LBB1_3:
	.loc	4 88 32                 @ ../GD32E230_Firmware_Library/GD32E230_standard_peripheral/Source/gd32e230_exti.c:88:32
	ldr	r0, [sp, #16]
	ldr	r1, __arm_cp.1_1
	.loc	4 88 19 is_stmt 0       @ ../GD32E230_Firmware_Library/GD32E230_standard_peripheral/Source/gd32e230_exti.c:88:19
	ldr	r2, [r1]
	orrs	r2, r0
	str	r2, [r1]
	.loc	4 89 9 is_stmt 1        @ ../GD32E230_Firmware_Library/GD32E230_standard_peripheral/Source/gd32e230_exti.c:89:9
	b	.LBB1_5
.LBB1_4:
	.loc	4 91 9                  @ ../GD32E230_Firmware_Library/GD32E230_standard_peripheral/Source/gd32e230_exti.c:91:9
	b	.LBB1_5
.Ltmp4:
.LBB1_5:
	.loc	4 0 9 is_stmt 0         @ ../GD32E230_Firmware_Library/GD32E230_standard_peripheral/Source/gd32e230_exti.c:0:9
	add	r0, sp, #8
	.loc	4 95 12 is_stmt 1       @ ../GD32E230_Firmware_Library/GD32E230_standard_peripheral/Source/gd32e230_exti.c:95:12
	ldrb	r0, [r0]
	.loc	4 95 5 is_stmt 0        @ ../GD32E230_Firmware_Library/GD32E230_standard_peripheral/Source/gd32e230_exti.c:95:5
	cmp	r0, #0
	str	r0, [sp]                @ 4-byte Spill
	beq	.LBB1_8
	b	.LBB1_6
.LBB1_6:
	ldr	r0, [sp]                @ 4-byte Reload
	cmp	r0, #1
	beq	.LBB1_9
	b	.LBB1_7
.LBB1_7:
	ldr	r0, [sp]                @ 4-byte Reload
	cmp	r0, #2
	beq	.LBB1_10
	b	.LBB1_11
.LBB1_8:
.Ltmp5:
	.loc	4 97 32 is_stmt 1       @ ../GD32E230_Firmware_Library/GD32E230_standard_peripheral/Source/gd32e230_exti.c:97:32
	ldr	r0, [sp, #16]
	ldr	r1, __arm_cp.1_2
	.loc	4 97 19 is_stmt 0       @ ../GD32E230_Firmware_Library/GD32E230_standard_peripheral/Source/gd32e230_exti.c:97:19
	ldr	r2, [r1]
	orrs	r2, r0
	str	r2, [r1]
	.loc	4 98 33 is_stmt 1       @ ../GD32E230_Firmware_Library/GD32E230_standard_peripheral/Source/gd32e230_exti.c:98:33
	ldr	r0, [sp, #16]
	ldr	r1, __arm_cp.1_3
	.loc	4 98 19 is_stmt 0       @ ../GD32E230_Firmware_Library/GD32E230_standard_peripheral/Source/gd32e230_exti.c:98:19
	ldr	r2, [r1]
	bics	r2, r0
	str	r2, [r1]
	.loc	4 99 9 is_stmt 1        @ ../GD32E230_Firmware_Library/GD32E230_standard_peripheral/Source/gd32e230_exti.c:99:9
	b	.LBB1_12
.LBB1_9:
	.loc	4 101 33                @ ../GD32E230_Firmware_Library/GD32E230_standard_peripheral/Source/gd32e230_exti.c:101:33
	ldr	r0, [sp, #16]
	ldr	r1, __arm_cp.1_2
	.loc	4 101 19 is_stmt 0      @ ../GD32E230_Firmware_Library/GD32E230_standard_peripheral/Source/gd32e230_exti.c:101:19
	ldr	r2, [r1]
	bics	r2, r0
	str	r2, [r1]
	.loc	4 102 32 is_stmt 1      @ ../GD32E230_Firmware_Library/GD32E230_standard_peripheral/Source/gd32e230_exti.c:102:32
	ldr	r0, [sp, #16]
	ldr	r1, __arm_cp.1_3
	.loc	4 102 19 is_stmt 0      @ ../GD32E230_Firmware_Library/GD32E230_standard_peripheral/Source/gd32e230_exti.c:102:19
	ldr	r2, [r1]
	orrs	r2, r0
	str	r2, [r1]
	.loc	4 103 9 is_stmt 1       @ ../GD32E230_Firmware_Library/GD32E230_standard_peripheral/Source/gd32e230_exti.c:103:9
	b	.LBB1_12
.LBB1_10:
	.loc	4 105 32                @ ../GD32E230_Firmware_Library/GD32E230_standard_peripheral/Source/gd32e230_exti.c:105:32
	ldr	r0, [sp, #16]
	ldr	r1, __arm_cp.1_2
	.loc	4 105 19 is_stmt 0      @ ../GD32E230_Firmware_Library/GD32E230_standard_peripheral/Source/gd32e230_exti.c:105:19
	ldr	r2, [r1]
	orrs	r2, r0
	str	r2, [r1]
	.loc	4 106 32 is_stmt 1      @ ../GD32E230_Firmware_Library/GD32E230_standard_peripheral/Source/gd32e230_exti.c:106:32
	ldr	r0, [sp, #16]
	ldr	r1, __arm_cp.1_3
	.loc	4 106 19 is_stmt 0      @ ../GD32E230_Firmware_Library/GD32E230_standard_peripheral/Source/gd32e230_exti.c:106:19
	ldr	r2, [r1]
	orrs	r2, r0
	str	r2, [r1]
	.loc	4 107 9 is_stmt 1       @ ../GD32E230_Firmware_Library/GD32E230_standard_peripheral/Source/gd32e230_exti.c:107:9
	b	.LBB1_12
.LBB1_11:
	.loc	4 109 9                 @ ../GD32E230_Firmware_Library/GD32E230_standard_peripheral/Source/gd32e230_exti.c:109:9
	b	.LBB1_12
.Ltmp6:
.LBB1_12:
	.loc	4 111 1                 @ ../GD32E230_Firmware_Library/GD32E230_standard_peripheral/Source/gd32e230_exti.c:111:1
	add	sp, #20
	pop	{r4, r5, r7, pc}
.Ltmp7:
	.p2align	2
@ %bb.13:
	.loc	4 0 1 is_stmt 0         @ ../GD32E230_Firmware_Library/GD32E230_standard_peripheral/Source/gd32e230_exti.c:0:1
__arm_cp.1_0:
	.long	1073808384              @ 0x40010400
.Lcpi_end6:
	.size	__arm_cp.1_0, .Lcpi_end6-__arm_cp.1_0
__arm_cp.1_1:
	.long	1073808388              @ 0x40010404
.Lcpi_end7:
	.size	__arm_cp.1_1, .Lcpi_end7-__arm_cp.1_1
__arm_cp.1_2:
	.long	1073808392              @ 0x40010408
.Lcpi_end8:
	.size	__arm_cp.1_2, .Lcpi_end8-__arm_cp.1_2
__arm_cp.1_3:
	.long	1073808396              @ 0x4001040c
.Lcpi_end9:
	.size	__arm_cp.1_3, .Lcpi_end9-__arm_cp.1_3
.Lfunc_end1:
	.size	exti_init, .Lfunc_end1-exti_init
	.cfi_endproc
	.cantunwind
	.fnend
                                        @ -- End function
	.section	.text.exti_interrupt_enable,"ax",%progbits
	.hidden	exti_interrupt_enable   @ -- Begin function exti_interrupt_enable
	.globl	exti_interrupt_enable
	.p2align	2
	.type	exti_interrupt_enable,%function
	.code	16                      @ @exti_interrupt_enable
	.thumb_func
exti_interrupt_enable:
.Lfunc_begin2:
	.loc	4 122 0 is_stmt 1       @ ../GD32E230_Firmware_Library/GD32E230_standard_peripheral/Source/gd32e230_exti.c:122:0
	.fnstart
	.cfi_startproc
@ %bb.0:
	.pad	#4
	sub	sp, #4
	.cfi_def_cfa_offset 4
	str	r0, [sp]
.Ltmp8:
	.loc	4 123 29 prologue_end   @ ../GD32E230_Firmware_Library/GD32E230_standard_peripheral/Source/gd32e230_exti.c:123:29
	ldr	r0, [sp]
	ldr	r1, __arm_cp.2_0
	.loc	4 123 16 is_stmt 0      @ ../GD32E230_Firmware_Library/GD32E230_standard_peripheral/Source/gd32e230_exti.c:123:16
	ldr	r2, [r1]
	orrs	r2, r0
	str	r2, [r1]
	.loc	4 124 1 is_stmt 1       @ ../GD32E230_Firmware_Library/GD32E230_standard_peripheral/Source/gd32e230_exti.c:124:1
	add	sp, #4
	bx	lr
.Ltmp9:
	.p2align	2
@ %bb.1:
	.loc	4 0 1 is_stmt 0         @ ../GD32E230_Firmware_Library/GD32E230_standard_peripheral/Source/gd32e230_exti.c:0:1
__arm_cp.2_0:
	.long	1073808384              @ 0x40010400
.Lcpi_end10:
	.size	__arm_cp.2_0, .Lcpi_end10-__arm_cp.2_0
.Lfunc_end2:
	.size	exti_interrupt_enable, .Lfunc_end2-exti_interrupt_enable
	.cfi_endproc
	.cantunwind
	.fnend
                                        @ -- End function
	.section	.text.exti_event_enable,"ax",%progbits
	.hidden	exti_event_enable       @ -- Begin function exti_event_enable
	.globl	exti_event_enable
	.p2align	2
	.type	exti_event_enable,%function
	.code	16                      @ @exti_event_enable
	.thumb_func
exti_event_enable:
.Lfunc_begin3:
	.loc	4 135 0 is_stmt 1       @ ../GD32E230_Firmware_Library/GD32E230_standard_peripheral/Source/gd32e230_exti.c:135:0
	.fnstart
	.cfi_startproc
@ %bb.0:
	.pad	#4
	sub	sp, #4
	.cfi_def_cfa_offset 4
	str	r0, [sp]
.Ltmp10:
	.loc	4 136 28 prologue_end   @ ../GD32E230_Firmware_Library/GD32E230_standard_peripheral/Source/gd32e230_exti.c:136:28
	ldr	r0, [sp]
	ldr	r1, __arm_cp.3_0
	.loc	4 136 15 is_stmt 0      @ ../GD32E230_Firmware_Library/GD32E230_standard_peripheral/Source/gd32e230_exti.c:136:15
	ldr	r2, [r1]
	orrs	r2, r0
	str	r2, [r1]
	.loc	4 137 1 is_stmt 1       @ ../GD32E230_Firmware_Library/GD32E230_standard_peripheral/Source/gd32e230_exti.c:137:1
	add	sp, #4
	bx	lr
.Ltmp11:
	.p2align	2
@ %bb.1:
	.loc	4 0 1 is_stmt 0         @ ../GD32E230_Firmware_Library/GD32E230_standard_peripheral/Source/gd32e230_exti.c:0:1
__arm_cp.3_0:
	.long	1073808388              @ 0x40010404
.Lcpi_end11:
	.size	__arm_cp.3_0, .Lcpi_end11-__arm_cp.3_0
.Lfunc_end3:
	.size	exti_event_enable, .Lfunc_end3-exti_event_enable
	.cfi_endproc
	.cantunwind
	.fnend
                                        @ -- End function
	.section	.text.exti_interrupt_disable,"ax",%progbits
	.hidden	exti_interrupt_disable  @ -- Begin function exti_interrupt_disable
	.globl	exti_interrupt_disable
	.p2align	2
	.type	exti_interrupt_disable,%function
	.code	16                      @ @exti_interrupt_disable
	.thumb_func
exti_interrupt_disable:
.Lfunc_begin4:
	.loc	4 148 0 is_stmt 1       @ ../GD32E230_Firmware_Library/GD32E230_standard_peripheral/Source/gd32e230_exti.c:148:0
	.fnstart
	.cfi_startproc
@ %bb.0:
	.pad	#4
	sub	sp, #4
	.cfi_def_cfa_offset 4
	str	r0, [sp]
.Ltmp12:
	.loc	4 149 30 prologue_end   @ ../GD32E230_Firmware_Library/GD32E230_standard_peripheral/Source/gd32e230_exti.c:149:30
	ldr	r0, [sp]
	ldr	r1, __arm_cp.4_0
	.loc	4 149 16 is_stmt 0      @ ../GD32E230_Firmware_Library/GD32E230_standard_peripheral/Source/gd32e230_exti.c:149:16
	ldr	r2, [r1]
	bics	r2, r0
	str	r2, [r1]
	.loc	4 150 1 is_stmt 1       @ ../GD32E230_Firmware_Library/GD32E230_standard_peripheral/Source/gd32e230_exti.c:150:1
	add	sp, #4
	bx	lr
.Ltmp13:
	.p2align	2
@ %bb.1:
	.loc	4 0 1 is_stmt 0         @ ../GD32E230_Firmware_Library/GD32E230_standard_peripheral/Source/gd32e230_exti.c:0:1
__arm_cp.4_0:
	.long	1073808384              @ 0x40010400
.Lcpi_end12:
	.size	__arm_cp.4_0, .Lcpi_end12-__arm_cp.4_0
.Lfunc_end4:
	.size	exti_interrupt_disable, .Lfunc_end4-exti_interrupt_disable
	.cfi_endproc
	.cantunwind
	.fnend
                                        @ -- End function
	.section	.text.exti_event_disable,"ax",%progbits
	.hidden	exti_event_disable      @ -- Begin function exti_event_disable
	.globl	exti_event_disable
	.p2align	2
	.type	exti_event_disable,%function
	.code	16                      @ @exti_event_disable
	.thumb_func
exti_event_disable:
.Lfunc_begin5:
	.loc	4 161 0 is_stmt 1       @ ../GD32E230_Firmware_Library/GD32E230_standard_peripheral/Source/gd32e230_exti.c:161:0
	.fnstart
	.cfi_startproc
@ %bb.0:
	.pad	#4
	sub	sp, #4
	.cfi_def_cfa_offset 4
	str	r0, [sp]
.Ltmp14:
	.loc	4 162 29 prologue_end   @ ../GD32E230_Firmware_Library/GD32E230_standard_peripheral/Source/gd32e230_exti.c:162:29
	ldr	r0, [sp]
	ldr	r1, __arm_cp.5_0
	.loc	4 162 15 is_stmt 0      @ ../GD32E230_Firmware_Library/GD32E230_standard_peripheral/Source/gd32e230_exti.c:162:15
	ldr	r2, [r1]
	bics	r2, r0
	str	r2, [r1]
	.loc	4 163 1 is_stmt 1       @ ../GD32E230_Firmware_Library/GD32E230_standard_peripheral/Source/gd32e230_exti.c:163:1
	add	sp, #4
	bx	lr
.Ltmp15:
	.p2align	2
@ %bb.1:
	.loc	4 0 1 is_stmt 0         @ ../GD32E230_Firmware_Library/GD32E230_standard_peripheral/Source/gd32e230_exti.c:0:1
__arm_cp.5_0:
	.long	1073808388              @ 0x40010404
.Lcpi_end13:
	.size	__arm_cp.5_0, .Lcpi_end13-__arm_cp.5_0
.Lfunc_end5:
	.size	exti_event_disable, .Lfunc_end5-exti_event_disable
	.cfi_endproc
	.cantunwind
	.fnend
                                        @ -- End function
	.section	.text.exti_flag_get,"ax",%progbits
	.hidden	exti_flag_get           @ -- Begin function exti_flag_get
	.globl	exti_flag_get
	.p2align	2
	.type	exti_flag_get,%function
	.code	16                      @ @exti_flag_get
	.thumb_func
exti_flag_get:
.Lfunc_begin6:
	.loc	4 174 0 is_stmt 1       @ ../GD32E230_Firmware_Library/GD32E230_standard_peripheral/Source/gd32e230_exti.c:174:0
	.fnstart
	.cfi_startproc
@ %bb.0:
	.pad	#8
	sub	sp, #8
	.cfi_def_cfa_offset 8
	str	r0, [sp]
	ldr	r0, __arm_cp.6_0
.Ltmp16:
	.loc	4 175 18 prologue_end   @ ../GD32E230_Firmware_Library/GD32E230_standard_peripheral/Source/gd32e230_exti.c:175:18
	ldr	r0, [r0]
	.loc	4 175 38 is_stmt 0      @ ../GD32E230_Firmware_Library/GD32E230_standard_peripheral/Source/gd32e230_exti.c:175:38
	ldr	r1, [sp]
.Ltmp17:
	.loc	4 175 8                 @ ../GD32E230_Firmware_Library/GD32E230_standard_peripheral/Source/gd32e230_exti.c:175:8
	tst	r0, r1
	beq	.LBB6_2
	b	.LBB6_1
.LBB6_1:
	.loc	4 0 8                   @ ../GD32E230_Firmware_Library/GD32E230_standard_peripheral/Source/gd32e230_exti.c:0:8
	add	r0, sp, #4
	movs	r1, #1
.Ltmp18:
	.loc	4 176 9 is_stmt 1       @ ../GD32E230_Firmware_Library/GD32E230_standard_peripheral/Source/gd32e230_exti.c:176:9
	strb	r1, [r0]
	b	.LBB6_3
.Ltmp19:
.LBB6_2:
	.loc	4 0 9 is_stmt 0         @ ../GD32E230_Firmware_Library/GD32E230_standard_peripheral/Source/gd32e230_exti.c:0:9
	add	r0, sp, #4
	movs	r1, #0
.Ltmp20:
	.loc	4 178 9 is_stmt 1       @ ../GD32E230_Firmware_Library/GD32E230_standard_peripheral/Source/gd32e230_exti.c:178:9
	strb	r1, [r0]
	b	.LBB6_3
.Ltmp21:
.LBB6_3:
	.loc	4 0 9 is_stmt 0         @ ../GD32E230_Firmware_Library/GD32E230_standard_peripheral/Source/gd32e230_exti.c:0:9
	add	r0, sp, #4
	.loc	4 180 1 is_stmt 1       @ ../GD32E230_Firmware_Library/GD32E230_standard_peripheral/Source/gd32e230_exti.c:180:1
	ldrb	r0, [r0]
	add	sp, #8
	bx	lr
.Ltmp22:
	.p2align	2
@ %bb.4:
	.loc	4 0 1 is_stmt 0         @ ../GD32E230_Firmware_Library/GD32E230_standard_peripheral/Source/gd32e230_exti.c:0:1
__arm_cp.6_0:
	.long	1073808404              @ 0x40010414
.Lcpi_end14:
	.size	__arm_cp.6_0, .Lcpi_end14-__arm_cp.6_0
.Lfunc_end6:
	.size	exti_flag_get, .Lfunc_end6-exti_flag_get
	.cfi_endproc
	.cantunwind
	.fnend
                                        @ -- End function
	.section	.text.exti_flag_clear,"ax",%progbits
	.hidden	exti_flag_clear         @ -- Begin function exti_flag_clear
	.globl	exti_flag_clear
	.p2align	2
	.type	exti_flag_clear,%function
	.code	16                      @ @exti_flag_clear
	.thumb_func
exti_flag_clear:
.Lfunc_begin7:
	.loc	4 191 0 is_stmt 1       @ ../GD32E230_Firmware_Library/GD32E230_standard_peripheral/Source/gd32e230_exti.c:191:0
	.fnstart
	.cfi_startproc
@ %bb.0:
	.pad	#4
	sub	sp, #4
	.cfi_def_cfa_offset 4
	str	r0, [sp]
.Ltmp23:
	.loc	4 192 25 prologue_end   @ ../GD32E230_Firmware_Library/GD32E230_standard_peripheral/Source/gd32e230_exti.c:192:25
	ldr	r0, [sp]
	ldr	r1, __arm_cp.7_0
	.loc	4 192 13 is_stmt 0      @ ../GD32E230_Firmware_Library/GD32E230_standard_peripheral/Source/gd32e230_exti.c:192:13
	str	r0, [r1]
	.loc	4 193 1 is_stmt 1       @ ../GD32E230_Firmware_Library/GD32E230_standard_peripheral/Source/gd32e230_exti.c:193:1
	add	sp, #4
	bx	lr
.Ltmp24:
	.p2align	2
@ %bb.1:
	.loc	4 0 1 is_stmt 0         @ ../GD32E230_Firmware_Library/GD32E230_standard_peripheral/Source/gd32e230_exti.c:0:1
__arm_cp.7_0:
	.long	1073808404              @ 0x40010414
.Lcpi_end15:
	.size	__arm_cp.7_0, .Lcpi_end15-__arm_cp.7_0
.Lfunc_end7:
	.size	exti_flag_clear, .Lfunc_end7-exti_flag_clear
	.cfi_endproc
	.cantunwind
	.fnend
                                        @ -- End function
	.section	.text.exti_interrupt_flag_get,"ax",%progbits
	.hidden	exti_interrupt_flag_get @ -- Begin function exti_interrupt_flag_get
	.globl	exti_interrupt_flag_get
	.p2align	2
	.type	exti_interrupt_flag_get,%function
	.code	16                      @ @exti_interrupt_flag_get
	.thumb_func
exti_interrupt_flag_get:
.Lfunc_begin8:
	.loc	4 204 0 is_stmt 1       @ ../GD32E230_Firmware_Library/GD32E230_standard_peripheral/Source/gd32e230_exti.c:204:0
	.fnstart
	.cfi_startproc
@ %bb.0:
	.pad	#16
	sub	sp, #16
	.cfi_def_cfa_offset 16
	str	r0, [sp, #8]
	ldr	r0, __arm_cp.8_0
.Ltmp25:
	.loc	4 207 17 prologue_end   @ ../GD32E230_Firmware_Library/GD32E230_standard_peripheral/Source/gd32e230_exti.c:207:17
	ldr	r0, [r0]
	.loc	4 207 37 is_stmt 0      @ ../GD32E230_Firmware_Library/GD32E230_standard_peripheral/Source/gd32e230_exti.c:207:37
	ldr	r1, [sp, #8]
	.loc	4 207 25                @ ../GD32E230_Firmware_Library/GD32E230_standard_peripheral/Source/gd32e230_exti.c:207:25
	ands	r0, r1
	.loc	4 207 15                @ ../GD32E230_Firmware_Library/GD32E230_standard_peripheral/Source/gd32e230_exti.c:207:15
	str	r0, [sp, #4]
	ldr	r0, __arm_cp.8_1
	.loc	4 208 18 is_stmt 1      @ ../GD32E230_Firmware_Library/GD32E230_standard_peripheral/Source/gd32e230_exti.c:208:18
	ldr	r0, [r0]
	.loc	4 208 41 is_stmt 0      @ ../GD32E230_Firmware_Library/GD32E230_standard_peripheral/Source/gd32e230_exti.c:208:41
	ldr	r1, [sp, #8]
	.loc	4 208 29                @ ../GD32E230_Firmware_Library/GD32E230_standard_peripheral/Source/gd32e230_exti.c:208:29
	ands	r0, r1
	.loc	4 208 16                @ ../GD32E230_Firmware_Library/GD32E230_standard_peripheral/Source/gd32e230_exti.c:208:16
	str	r0, [sp]
.Ltmp26:
	.loc	4 210 18 is_stmt 1      @ ../GD32E230_Firmware_Library/GD32E230_standard_peripheral/Source/gd32e230_exti.c:210:18
	ldr	r0, [sp, #4]
	.loc	4 210 29 is_stmt 0      @ ../GD32E230_Firmware_Library/GD32E230_standard_peripheral/Source/gd32e230_exti.c:210:29
	cmp	r0, #0
	beq	.LBB8_3
	b	.LBB8_1
.LBB8_1:
	.loc	4 210 42                @ ../GD32E230_Firmware_Library/GD32E230_standard_peripheral/Source/gd32e230_exti.c:210:42
	ldr	r0, [sp]
.Ltmp27:
	.loc	4 210 8                 @ ../GD32E230_Firmware_Library/GD32E230_standard_peripheral/Source/gd32e230_exti.c:210:8
	cmp	r0, #0
	beq	.LBB8_3
	b	.LBB8_2
.LBB8_2:
	.loc	4 0 8                   @ ../GD32E230_Firmware_Library/GD32E230_standard_peripheral/Source/gd32e230_exti.c:0:8
	add	r0, sp, #12
	movs	r1, #1
.Ltmp28:
	.loc	4 211 9 is_stmt 1       @ ../GD32E230_Firmware_Library/GD32E230_standard_peripheral/Source/gd32e230_exti.c:211:9
	strb	r1, [r0]
	b	.LBB8_4
.Ltmp29:
.LBB8_3:
	.loc	4 0 9 is_stmt 0         @ ../GD32E230_Firmware_Library/GD32E230_standard_peripheral/Source/gd32e230_exti.c:0:9
	add	r0, sp, #12
	movs	r1, #0
.Ltmp30:
	.loc	4 213 9 is_stmt 1       @ ../GD32E230_Firmware_Library/GD32E230_standard_peripheral/Source/gd32e230_exti.c:213:9
	strb	r1, [r0]
	b	.LBB8_4
.Ltmp31:
.LBB8_4:
	.loc	4 0 9 is_stmt 0         @ ../GD32E230_Firmware_Library/GD32E230_standard_peripheral/Source/gd32e230_exti.c:0:9
	add	r0, sp, #12
	.loc	4 215 1 is_stmt 1       @ ../GD32E230_Firmware_Library/GD32E230_standard_peripheral/Source/gd32e230_exti.c:215:1
	ldrb	r0, [r0]
	add	sp, #16
	bx	lr
.Ltmp32:
	.p2align	2
@ %bb.5:
	.loc	4 0 1 is_stmt 0         @ ../GD32E230_Firmware_Library/GD32E230_standard_peripheral/Source/gd32e230_exti.c:0:1
__arm_cp.8_0:
	.long	1073808404              @ 0x40010414
.Lcpi_end16:
	.size	__arm_cp.8_0, .Lcpi_end16-__arm_cp.8_0
__arm_cp.8_1:
	.long	1073808384              @ 0x40010400
.Lcpi_end17:
	.size	__arm_cp.8_1, .Lcpi_end17-__arm_cp.8_1
.Lfunc_end8:
	.size	exti_interrupt_flag_get, .Lfunc_end8-exti_interrupt_flag_get
	.cfi_endproc
	.cantunwind
	.fnend
                                        @ -- End function
	.section	.text.exti_interrupt_flag_clear,"ax",%progbits
	.hidden	exti_interrupt_flag_clear @ -- Begin function exti_interrupt_flag_clear
	.globl	exti_interrupt_flag_clear
	.p2align	2
	.type	exti_interrupt_flag_clear,%function
	.code	16                      @ @exti_interrupt_flag_clear
	.thumb_func
exti_interrupt_flag_clear:
.Lfunc_begin9:
	.loc	4 226 0 is_stmt 1       @ ../GD32E230_Firmware_Library/GD32E230_standard_peripheral/Source/gd32e230_exti.c:226:0
	.fnstart
	.cfi_startproc
@ %bb.0:
	.pad	#4
	sub	sp, #4
	.cfi_def_cfa_offset 4
	str	r0, [sp]
.Ltmp33:
	.loc	4 227 25 prologue_end   @ ../GD32E230_Firmware_Library/GD32E230_standard_peripheral/Source/gd32e230_exti.c:227:25
	ldr	r0, [sp]
	ldr	r1, __arm_cp.9_0
	.loc	4 227 13 is_stmt 0      @ ../GD32E230_Firmware_Library/GD32E230_standard_peripheral/Source/gd32e230_exti.c:227:13
	str	r0, [r1]
	.loc	4 228 1 is_stmt 1       @ ../GD32E230_Firmware_Library/GD32E230_standard_peripheral/Source/gd32e230_exti.c:228:1
	add	sp, #4
	bx	lr
.Ltmp34:
	.p2align	2
@ %bb.1:
	.loc	4 0 1 is_stmt 0         @ ../GD32E230_Firmware_Library/GD32E230_standard_peripheral/Source/gd32e230_exti.c:0:1
__arm_cp.9_0:
	.long	1073808404              @ 0x40010414
.Lcpi_end18:
	.size	__arm_cp.9_0, .Lcpi_end18-__arm_cp.9_0
.Lfunc_end9:
	.size	exti_interrupt_flag_clear, .Lfunc_end9-exti_interrupt_flag_clear
	.cfi_endproc
	.cantunwind
	.fnend
                                        @ -- End function
	.section	.text.exti_software_interrupt_enable,"ax",%progbits
	.hidden	exti_software_interrupt_enable @ -- Begin function exti_software_interrupt_enable
	.globl	exti_software_interrupt_enable
	.p2align	2
	.type	exti_software_interrupt_enable,%function
	.code	16                      @ @exti_software_interrupt_enable
	.thumb_func
exti_software_interrupt_enable:
.Lfunc_begin10:
	.loc	4 239 0 is_stmt 1       @ ../GD32E230_Firmware_Library/GD32E230_standard_peripheral/Source/gd32e230_exti.c:239:0
	.fnstart
	.cfi_startproc
@ %bb.0:
	.pad	#4
	sub	sp, #4
	.cfi_def_cfa_offset 4
	str	r0, [sp]
.Ltmp35:
	.loc	4 240 29 prologue_end   @ ../GD32E230_Firmware_Library/GD32E230_standard_peripheral/Source/gd32e230_exti.c:240:29
	ldr	r0, [sp]
	ldr	r1, __arm_cp.10_0
	.loc	4 240 16 is_stmt 0      @ ../GD32E230_Firmware_Library/GD32E230_standard_peripheral/Source/gd32e230_exti.c:240:16
	ldr	r2, [r1]
	orrs	r2, r0
	str	r2, [r1]
	.loc	4 241 1 is_stmt 1       @ ../GD32E230_Firmware_Library/GD32E230_standard_peripheral/Source/gd32e230_exti.c:241:1
	add	sp, #4
	bx	lr
.Ltmp36:
	.p2align	2
@ %bb.1:
	.loc	4 0 1 is_stmt 0         @ ../GD32E230_Firmware_Library/GD32E230_standard_peripheral/Source/gd32e230_exti.c:0:1
__arm_cp.10_0:
	.long	1073808400              @ 0x40010410
.Lcpi_end19:
	.size	__arm_cp.10_0, .Lcpi_end19-__arm_cp.10_0
.Lfunc_end10:
	.size	exti_software_interrupt_enable, .Lfunc_end10-exti_software_interrupt_enable
	.cfi_endproc
	.cantunwind
	.fnend
                                        @ -- End function
	.section	.text.exti_software_interrupt_disable,"ax",%progbits
	.hidden	exti_software_interrupt_disable @ -- Begin function exti_software_interrupt_disable
	.globl	exti_software_interrupt_disable
	.p2align	2
	.type	exti_software_interrupt_disable,%function
	.code	16                      @ @exti_software_interrupt_disable
	.thumb_func
exti_software_interrupt_disable:
.Lfunc_begin11:
	.loc	4 252 0 is_stmt 1       @ ../GD32E230_Firmware_Library/GD32E230_standard_peripheral/Source/gd32e230_exti.c:252:0
	.fnstart
	.cfi_startproc
@ %bb.0:
	.pad	#4
	sub	sp, #4
	.cfi_def_cfa_offset 4
	str	r0, [sp]
.Ltmp37:
	.loc	4 253 30 prologue_end   @ ../GD32E230_Firmware_Library/GD32E230_standard_peripheral/Source/gd32e230_exti.c:253:30
	ldr	r0, [sp]
	ldr	r1, __arm_cp.11_0
	.loc	4 253 16 is_stmt 0      @ ../GD32E230_Firmware_Library/GD32E230_standard_peripheral/Source/gd32e230_exti.c:253:16
	ldr	r2, [r1]
	bics	r2, r0
	str	r2, [r1]
	.loc	4 254 1 is_stmt 1       @ ../GD32E230_Firmware_Library/GD32E230_standard_peripheral/Source/gd32e230_exti.c:254:1
	add	sp, #4
	bx	lr
.Ltmp38:
	.p2align	2
@ %bb.1:
	.loc	4 0 1 is_stmt 0         @ ../GD32E230_Firmware_Library/GD32E230_standard_peripheral/Source/gd32e230_exti.c:0:1
__arm_cp.11_0:
	.long	1073808400              @ 0x40010410
.Lcpi_end20:
	.size	__arm_cp.11_0, .Lcpi_end20-__arm_cp.11_0
.Lfunc_end11:
	.size	exti_software_interrupt_disable, .Lfunc_end11-exti_software_interrupt_disable
	.cfi_endproc
	.cantunwind
	.fnend
                                        @ -- End function
	.section	.debug_str,"MS",%progbits,1
.Linfo_string0:
	.asciz	"Component: ARM Compiler 6.14 Tool: armclang [5db06c00]" @ string offset=0
.Linfo_string1:
	.asciz	"../GD32E230_Firmware_Library/GD32E230_standard_peripheral/Source\\gd32e230_exti.c" @ string offset=55
.Linfo_string2:
	.asciz	"E:\\Soway\\Soway_product-soft\\105 - T119-GD\\E230 -  ds18b20-F8\\MDK-ARM" @ string offset=136
.Linfo_string3:
	.asciz	"unsigned int"          @ string offset=205
.Linfo_string4:
	.asciz	"EXTI_0"                @ string offset=218
.Linfo_string5:
	.asciz	"EXTI_1"                @ string offset=225
.Linfo_string6:
	.asciz	"EXTI_2"                @ string offset=232
.Linfo_string7:
	.asciz	"EXTI_3"                @ string offset=239
.Linfo_string8:
	.asciz	"EXTI_4"                @ string offset=246
.Linfo_string9:
	.asciz	"EXTI_5"                @ string offset=253
.Linfo_string10:
	.asciz	"EXTI_6"                @ string offset=260
.Linfo_string11:
	.asciz	"EXTI_7"                @ string offset=267
.Linfo_string12:
	.asciz	"EXTI_8"                @ string offset=274
.Linfo_string13:
	.asciz	"EXTI_9"                @ string offset=281
.Linfo_string14:
	.asciz	"EXTI_10"               @ string offset=288
.Linfo_string15:
	.asciz	"EXTI_11"               @ string offset=296
.Linfo_string16:
	.asciz	"EXTI_12"               @ string offset=304
.Linfo_string17:
	.asciz	"EXTI_13"               @ string offset=312
.Linfo_string18:
	.asciz	"EXTI_14"               @ string offset=320
.Linfo_string19:
	.asciz	"EXTI_15"               @ string offset=328
.Linfo_string20:
	.asciz	"EXTI_16"               @ string offset=336
.Linfo_string21:
	.asciz	"EXTI_17"               @ string offset=344
.Linfo_string22:
	.asciz	"EXTI_18"               @ string offset=352
.Linfo_string23:
	.asciz	"EXTI_19"               @ string offset=360
.Linfo_string24:
	.asciz	"EXTI_20"               @ string offset=368
.Linfo_string25:
	.asciz	"EXTI_21"               @ string offset=376
.Linfo_string26:
	.asciz	"EXTI_22"               @ string offset=384
.Linfo_string27:
	.asciz	"EXTI_23"               @ string offset=392
.Linfo_string28:
	.asciz	"EXTI_24"               @ string offset=400
.Linfo_string29:
	.asciz	"EXTI_25"               @ string offset=408
.Linfo_string30:
	.asciz	"EXTI_26"               @ string offset=416
.Linfo_string31:
	.asciz	"EXTI_27"               @ string offset=424
.Linfo_string32:
	.asciz	"unsigned char"         @ string offset=432
.Linfo_string33:
	.asciz	"EXTI_INTERRUPT"        @ string offset=446
.Linfo_string34:
	.asciz	"EXTI_EVENT"            @ string offset=461
.Linfo_string35:
	.asciz	"EXTI_TRIG_RISING"      @ string offset=472
.Linfo_string36:
	.asciz	"EXTI_TRIG_FALLING"     @ string offset=489
.Linfo_string37:
	.asciz	"EXTI_TRIG_BOTH"        @ string offset=507
.Linfo_string38:
	.asciz	"RESET"                 @ string offset=522
.Linfo_string39:
	.asciz	"SET"                   @ string offset=528
.Linfo_string40:
	.asciz	"uint32_t"              @ string offset=532
.Linfo_string41:
	.asciz	"exti_deinit"           @ string offset=541
.Linfo_string42:
	.asciz	"exti_init"             @ string offset=553
.Linfo_string43:
	.asciz	"exti_interrupt_enable" @ string offset=563
.Linfo_string44:
	.asciz	"exti_event_enable"     @ string offset=585
.Linfo_string45:
	.asciz	"exti_interrupt_disable" @ string offset=603
.Linfo_string46:
	.asciz	"exti_event_disable"    @ string offset=626
.Linfo_string47:
	.asciz	"exti_flag_get"         @ string offset=645
.Linfo_string48:
	.asciz	"FlagStatus"            @ string offset=659
.Linfo_string49:
	.asciz	"exti_flag_clear"       @ string offset=670
.Linfo_string50:
	.asciz	"exti_interrupt_flag_get" @ string offset=686
.Linfo_string51:
	.asciz	"exti_interrupt_flag_clear" @ string offset=710
.Linfo_string52:
	.asciz	"exti_software_interrupt_enable" @ string offset=736
.Linfo_string53:
	.asciz	"exti_software_interrupt_disable" @ string offset=767
.Linfo_string54:
	.asciz	"linex"                 @ string offset=799
.Linfo_string55:
	.asciz	"exti_line_enum"        @ string offset=805
.Linfo_string56:
	.asciz	"mode"                  @ string offset=820
.Linfo_string57:
	.asciz	"exti_mode_enum"        @ string offset=825
.Linfo_string58:
	.asciz	"trig_type"             @ string offset=840
.Linfo_string59:
	.asciz	"exti_trig_type_enum"   @ string offset=850
.Linfo_string60:
	.asciz	"flag_left"             @ string offset=870
.Linfo_string61:
	.asciz	"flag_right"            @ string offset=880
	.section	.debug_abbrev,"",%progbits
	.byte	1                       @ Abbreviation Code
	.byte	17                      @ DW_TAG_compile_unit
	.byte	1                       @ DW_CHILDREN_yes
	.byte	37                      @ DW_AT_producer
	.byte	14                      @ DW_FORM_strp
	.byte	19                      @ DW_AT_language
	.byte	5                       @ DW_FORM_data2
	.byte	3                       @ DW_AT_name
	.byte	14                      @ DW_FORM_strp
	.byte	16                      @ DW_AT_stmt_list
	.byte	6                       @ DW_FORM_data4
	.byte	27                      @ DW_AT_comp_dir
	.byte	14                      @ DW_FORM_strp
	.byte	17                      @ DW_AT_low_pc
	.byte	1                       @ DW_FORM_addr
	.byte	85                      @ DW_AT_ranges
	.byte	6                       @ DW_FORM_data4
	.byte	0                       @ EOM(1)
	.byte	0                       @ EOM(2)
	.byte	2                       @ Abbreviation Code
	.byte	4                       @ DW_TAG_enumeration_type
	.byte	1                       @ DW_CHILDREN_yes
	.byte	73                      @ DW_AT_type
	.byte	19                      @ DW_FORM_ref4
	.byte	11                      @ DW_AT_byte_size
	.byte	11                      @ DW_FORM_data1
	.byte	58                      @ DW_AT_decl_file
	.byte	11                      @ DW_FORM_data1
	.byte	59                      @ DW_AT_decl_line
	.byte	11                      @ DW_FORM_data1
	.byte	0                       @ EOM(1)
	.byte	0                       @ EOM(2)
	.byte	3                       @ Abbreviation Code
	.byte	40                      @ DW_TAG_enumerator
	.byte	0                       @ DW_CHILDREN_no
	.byte	3                       @ DW_AT_name
	.byte	14                      @ DW_FORM_strp
	.byte	28                      @ DW_AT_const_value
	.byte	15                      @ DW_FORM_udata
	.byte	0                       @ EOM(1)
	.byte	0                       @ EOM(2)
	.byte	4                       @ Abbreviation Code
	.byte	36                      @ DW_TAG_base_type
	.byte	0                       @ DW_CHILDREN_no
	.byte	3                       @ DW_AT_name
	.byte	14                      @ DW_FORM_strp
	.byte	62                      @ DW_AT_encoding
	.byte	11                      @ DW_FORM_data1
	.byte	11                      @ DW_AT_byte_size
	.byte	11                      @ DW_FORM_data1
	.byte	0                       @ EOM(1)
	.byte	0                       @ EOM(2)
	.byte	5                       @ Abbreviation Code
	.byte	22                      @ DW_TAG_typedef
	.byte	0                       @ DW_CHILDREN_no
	.byte	73                      @ DW_AT_type
	.byte	19                      @ DW_FORM_ref4
	.byte	3                       @ DW_AT_name
	.byte	14                      @ DW_FORM_strp
	.byte	58                      @ DW_AT_decl_file
	.byte	11                      @ DW_FORM_data1
	.byte	59                      @ DW_AT_decl_line
	.byte	11                      @ DW_FORM_data1
	.byte	0                       @ EOM(1)
	.byte	0                       @ EOM(2)
	.byte	6                       @ Abbreviation Code
	.byte	15                      @ DW_TAG_pointer_type
	.byte	0                       @ DW_CHILDREN_no
	.byte	73                      @ DW_AT_type
	.byte	19                      @ DW_FORM_ref4
	.byte	0                       @ EOM(1)
	.byte	0                       @ EOM(2)
	.byte	7                       @ Abbreviation Code
	.byte	53                      @ DW_TAG_volatile_type
	.byte	0                       @ DW_CHILDREN_no
	.byte	73                      @ DW_AT_type
	.byte	19                      @ DW_FORM_ref4
	.byte	0                       @ EOM(1)
	.byte	0                       @ EOM(2)
	.byte	8                       @ Abbreviation Code
	.byte	46                      @ DW_TAG_subprogram
	.byte	0                       @ DW_CHILDREN_no
	.byte	17                      @ DW_AT_low_pc
	.byte	1                       @ DW_FORM_addr
	.byte	18                      @ DW_AT_high_pc
	.byte	1                       @ DW_FORM_addr
	.byte	64                      @ DW_AT_frame_base
	.byte	10                      @ DW_FORM_block1
	.byte	3                       @ DW_AT_name
	.byte	14                      @ DW_FORM_strp
	.byte	58                      @ DW_AT_decl_file
	.byte	11                      @ DW_FORM_data1
	.byte	59                      @ DW_AT_decl_line
	.byte	11                      @ DW_FORM_data1
	.byte	39                      @ DW_AT_prototyped
	.byte	12                      @ DW_FORM_flag
	.byte	63                      @ DW_AT_external
	.byte	12                      @ DW_FORM_flag
	.byte	0                       @ EOM(1)
	.byte	0                       @ EOM(2)
	.byte	9                       @ Abbreviation Code
	.byte	46                      @ DW_TAG_subprogram
	.byte	1                       @ DW_CHILDREN_yes
	.byte	17                      @ DW_AT_low_pc
	.byte	1                       @ DW_FORM_addr
	.byte	18                      @ DW_AT_high_pc
	.byte	1                       @ DW_FORM_addr
	.byte	64                      @ DW_AT_frame_base
	.byte	10                      @ DW_FORM_block1
	.byte	3                       @ DW_AT_name
	.byte	14                      @ DW_FORM_strp
	.byte	58                      @ DW_AT_decl_file
	.byte	11                      @ DW_FORM_data1
	.byte	59                      @ DW_AT_decl_line
	.byte	11                      @ DW_FORM_data1
	.byte	39                      @ DW_AT_prototyped
	.byte	12                      @ DW_FORM_flag
	.byte	63                      @ DW_AT_external
	.byte	12                      @ DW_FORM_flag
	.byte	0                       @ EOM(1)
	.byte	0                       @ EOM(2)
	.byte	10                      @ Abbreviation Code
	.byte	5                       @ DW_TAG_formal_parameter
	.byte	0                       @ DW_CHILDREN_no
	.byte	2                       @ DW_AT_location
	.byte	10                      @ DW_FORM_block1
	.byte	3                       @ DW_AT_name
	.byte	14                      @ DW_FORM_strp
	.byte	58                      @ DW_AT_decl_file
	.byte	11                      @ DW_FORM_data1
	.byte	59                      @ DW_AT_decl_line
	.byte	11                      @ DW_FORM_data1
	.byte	73                      @ DW_AT_type
	.byte	19                      @ DW_FORM_ref4
	.byte	0                       @ EOM(1)
	.byte	0                       @ EOM(2)
	.byte	11                      @ Abbreviation Code
	.byte	46                      @ DW_TAG_subprogram
	.byte	1                       @ DW_CHILDREN_yes
	.byte	17                      @ DW_AT_low_pc
	.byte	1                       @ DW_FORM_addr
	.byte	18                      @ DW_AT_high_pc
	.byte	1                       @ DW_FORM_addr
	.byte	64                      @ DW_AT_frame_base
	.byte	10                      @ DW_FORM_block1
	.byte	3                       @ DW_AT_name
	.byte	14                      @ DW_FORM_strp
	.byte	58                      @ DW_AT_decl_file
	.byte	11                      @ DW_FORM_data1
	.byte	59                      @ DW_AT_decl_line
	.byte	11                      @ DW_FORM_data1
	.byte	39                      @ DW_AT_prototyped
	.byte	12                      @ DW_FORM_flag
	.byte	73                      @ DW_AT_type
	.byte	19                      @ DW_FORM_ref4
	.byte	63                      @ DW_AT_external
	.byte	12                      @ DW_FORM_flag
	.byte	0                       @ EOM(1)
	.byte	0                       @ EOM(2)
	.byte	12                      @ Abbreviation Code
	.byte	52                      @ DW_TAG_variable
	.byte	0                       @ DW_CHILDREN_no
	.byte	2                       @ DW_AT_location
	.byte	10                      @ DW_FORM_block1
	.byte	3                       @ DW_AT_name
	.byte	14                      @ DW_FORM_strp
	.byte	58                      @ DW_AT_decl_file
	.byte	11                      @ DW_FORM_data1
	.byte	59                      @ DW_AT_decl_line
	.byte	11                      @ DW_FORM_data1
	.byte	73                      @ DW_AT_type
	.byte	19                      @ DW_FORM_ref4
	.byte	0                       @ EOM(1)
	.byte	0                       @ EOM(2)
	.byte	0                       @ EOM(3)
	.section	.debug_info,"",%progbits
.Lcu_begin0:
	.long	.Ldebug_info_end0-.Ldebug_info_start0 @ Length of Unit
.Ldebug_info_start0:
	.short	3                       @ DWARF version number
	.long	.debug_abbrev           @ Offset Into Abbrev. Section
	.byte	4                       @ Address Size (in bytes)
	.byte	1                       @ Abbrev [1] 0xb:0x354 DW_TAG_compile_unit
	.long	.Linfo_string0          @ DW_AT_producer
	.short	12                      @ DW_AT_language
	.long	.Linfo_string1          @ DW_AT_name
	.long	.Lline_table_start0     @ DW_AT_stmt_list
	.long	.Linfo_string2          @ DW_AT_comp_dir
	.long	0                       @ DW_AT_low_pc
	.long	.Ldebug_ranges0         @ DW_AT_ranges
	.byte	2                       @ Abbrev [2] 0x26:0xdb DW_TAG_enumeration_type
	.long	257                     @ DW_AT_type
	.byte	4                       @ DW_AT_byte_size
	.byte	1                       @ DW_AT_decl_file
	.byte	204                     @ DW_AT_decl_line
	.byte	3                       @ Abbrev [3] 0x2e:0x6 DW_TAG_enumerator
	.long	.Linfo_string4          @ DW_AT_name
	.byte	1                       @ DW_AT_const_value
	.byte	3                       @ Abbrev [3] 0x34:0x6 DW_TAG_enumerator
	.long	.Linfo_string5          @ DW_AT_name
	.byte	2                       @ DW_AT_const_value
	.byte	3                       @ Abbrev [3] 0x3a:0x6 DW_TAG_enumerator
	.long	.Linfo_string6          @ DW_AT_name
	.byte	4                       @ DW_AT_const_value
	.byte	3                       @ Abbrev [3] 0x40:0x6 DW_TAG_enumerator
	.long	.Linfo_string7          @ DW_AT_name
	.byte	8                       @ DW_AT_const_value
	.byte	3                       @ Abbrev [3] 0x46:0x6 DW_TAG_enumerator
	.long	.Linfo_string8          @ DW_AT_name
	.byte	16                      @ DW_AT_const_value
	.byte	3                       @ Abbrev [3] 0x4c:0x6 DW_TAG_enumerator
	.long	.Linfo_string9          @ DW_AT_name
	.byte	32                      @ DW_AT_const_value
	.byte	3                       @ Abbrev [3] 0x52:0x6 DW_TAG_enumerator
	.long	.Linfo_string10         @ DW_AT_name
	.byte	64                      @ DW_AT_const_value
	.byte	3                       @ Abbrev [3] 0x58:0x7 DW_TAG_enumerator
	.long	.Linfo_string11         @ DW_AT_name
	.ascii	"\200\001"              @ DW_AT_const_value
	.byte	3                       @ Abbrev [3] 0x5f:0x7 DW_TAG_enumerator
	.long	.Linfo_string12         @ DW_AT_name
	.ascii	"\200\002"              @ DW_AT_const_value
	.byte	3                       @ Abbrev [3] 0x66:0x7 DW_TAG_enumerator
	.long	.Linfo_string13         @ DW_AT_name
	.ascii	"\200\004"              @ DW_AT_const_value
	.byte	3                       @ Abbrev [3] 0x6d:0x7 DW_TAG_enumerator
	.long	.Linfo_string14         @ DW_AT_name
	.ascii	"\200\b"                @ DW_AT_const_value
	.byte	3                       @ Abbrev [3] 0x74:0x7 DW_TAG_enumerator
	.long	.Linfo_string15         @ DW_AT_name
	.ascii	"\200\020"              @ DW_AT_const_value
	.byte	3                       @ Abbrev [3] 0x7b:0x7 DW_TAG_enumerator
	.long	.Linfo_string16         @ DW_AT_name
	.ascii	"\200 "                 @ DW_AT_const_value
	.byte	3                       @ Abbrev [3] 0x82:0x7 DW_TAG_enumerator
	.long	.Linfo_string17         @ DW_AT_name
	.ascii	"\200@"                 @ DW_AT_const_value
	.byte	3                       @ Abbrev [3] 0x89:0x8 DW_TAG_enumerator
	.long	.Linfo_string18         @ DW_AT_name
	.ascii	"\200\200\001"          @ DW_AT_const_value
	.byte	3                       @ Abbrev [3] 0x91:0x8 DW_TAG_enumerator
	.long	.Linfo_string19         @ DW_AT_name
	.ascii	"\200\200\002"          @ DW_AT_const_value
	.byte	3                       @ Abbrev [3] 0x99:0x8 DW_TAG_enumerator
	.long	.Linfo_string20         @ DW_AT_name
	.ascii	"\200\200\004"          @ DW_AT_const_value
	.byte	3                       @ Abbrev [3] 0xa1:0x8 DW_TAG_enumerator
	.long	.Linfo_string21         @ DW_AT_name
	.ascii	"\200\200\b"            @ DW_AT_const_value
	.byte	3                       @ Abbrev [3] 0xa9:0x8 DW_TAG_enumerator
	.long	.Linfo_string22         @ DW_AT_name
	.ascii	"\200\200\020"          @ DW_AT_const_value
	.byte	3                       @ Abbrev [3] 0xb1:0x8 DW_TAG_enumerator
	.long	.Linfo_string23         @ DW_AT_name
	.ascii	"\200\200 "             @ DW_AT_const_value
	.byte	3                       @ Abbrev [3] 0xb9:0x8 DW_TAG_enumerator
	.long	.Linfo_string24         @ DW_AT_name
	.ascii	"\200\200@"             @ DW_AT_const_value
	.byte	3                       @ Abbrev [3] 0xc1:0x9 DW_TAG_enumerator
	.long	.Linfo_string25         @ DW_AT_name
	.ascii	"\200\200\200\001"      @ DW_AT_const_value
	.byte	3                       @ Abbrev [3] 0xca:0x9 DW_TAG_enumerator
	.long	.Linfo_string26         @ DW_AT_name
	.ascii	"\200\200\200\002"      @ DW_AT_const_value
	.byte	3                       @ Abbrev [3] 0xd3:0x9 DW_TAG_enumerator
	.long	.Linfo_string27         @ DW_AT_name
	.ascii	"\200\200\200\004"      @ DW_AT_const_value
	.byte	3                       @ Abbrev [3] 0xdc:0x9 DW_TAG_enumerator
	.long	.Linfo_string28         @ DW_AT_name
	.ascii	"\200\200\200\b"        @ DW_AT_const_value
	.byte	3                       @ Abbrev [3] 0xe5:0x9 DW_TAG_enumerator
	.long	.Linfo_string29         @ DW_AT_name
	.ascii	"\200\200\200\020"      @ DW_AT_const_value
	.byte	3                       @ Abbrev [3] 0xee:0x9 DW_TAG_enumerator
	.long	.Linfo_string30         @ DW_AT_name
	.ascii	"\200\200\200 "         @ DW_AT_const_value
	.byte	3                       @ Abbrev [3] 0xf7:0x9 DW_TAG_enumerator
	.long	.Linfo_string31         @ DW_AT_name
	.ascii	"\200\200\200@"         @ DW_AT_const_value
	.byte	0                       @ End Of Children Mark
	.byte	4                       @ Abbrev [4] 0x101:0x7 DW_TAG_base_type
	.long	.Linfo_string3          @ DW_AT_name
	.byte	7                       @ DW_AT_encoding
	.byte	4                       @ DW_AT_byte_size
	.byte	2                       @ Abbrev [2] 0x108:0x15 DW_TAG_enumeration_type
	.long	285                     @ DW_AT_type
	.byte	1                       @ DW_AT_byte_size
	.byte	1                       @ DW_AT_decl_file
	.byte	237                     @ DW_AT_decl_line
	.byte	3                       @ Abbrev [3] 0x110:0x6 DW_TAG_enumerator
	.long	.Linfo_string33         @ DW_AT_name
	.byte	0                       @ DW_AT_const_value
	.byte	3                       @ Abbrev [3] 0x116:0x6 DW_TAG_enumerator
	.long	.Linfo_string34         @ DW_AT_name
	.byte	1                       @ DW_AT_const_value
	.byte	0                       @ End Of Children Mark
	.byte	4                       @ Abbrev [4] 0x11d:0x7 DW_TAG_base_type
	.long	.Linfo_string32         @ DW_AT_name
	.byte	8                       @ DW_AT_encoding
	.byte	1                       @ DW_AT_byte_size
	.byte	2                       @ Abbrev [2] 0x124:0x1b DW_TAG_enumeration_type
	.long	285                     @ DW_AT_type
	.byte	1                       @ DW_AT_byte_size
	.byte	1                       @ DW_AT_decl_file
	.byte	244                     @ DW_AT_decl_line
	.byte	3                       @ Abbrev [3] 0x12c:0x6 DW_TAG_enumerator
	.long	.Linfo_string35         @ DW_AT_name
	.byte	0                       @ DW_AT_const_value
	.byte	3                       @ Abbrev [3] 0x132:0x6 DW_TAG_enumerator
	.long	.Linfo_string36         @ DW_AT_name
	.byte	1                       @ DW_AT_const_value
	.byte	3                       @ Abbrev [3] 0x138:0x6 DW_TAG_enumerator
	.long	.Linfo_string37         @ DW_AT_name
	.byte	2                       @ DW_AT_const_value
	.byte	0                       @ End Of Children Mark
	.byte	2                       @ Abbrev [2] 0x13f:0x15 DW_TAG_enumeration_type
	.long	285                     @ DW_AT_type
	.byte	1                       @ DW_AT_byte_size
	.byte	2                       @ DW_AT_decl_file
	.byte	158                     @ DW_AT_decl_line
	.byte	3                       @ Abbrev [3] 0x147:0x6 DW_TAG_enumerator
	.long	.Linfo_string38         @ DW_AT_name
	.byte	0                       @ DW_AT_const_value
	.byte	3                       @ Abbrev [3] 0x14d:0x6 DW_TAG_enumerator
	.long	.Linfo_string39         @ DW_AT_name
	.byte	1                       @ DW_AT_const_value
	.byte	0                       @ End Of Children Mark
	.byte	5                       @ Abbrev [5] 0x154:0xb DW_TAG_typedef
	.long	257                     @ DW_AT_type
	.long	.Linfo_string40         @ DW_AT_name
	.byte	3                       @ DW_AT_decl_file
	.byte	64                      @ DW_AT_decl_line
	.byte	6                       @ Abbrev [6] 0x15f:0x5 DW_TAG_pointer_type
	.long	356                     @ DW_AT_type
	.byte	7                       @ Abbrev [7] 0x164:0x5 DW_TAG_volatile_type
	.long	340                     @ DW_AT_type
	.byte	8                       @ Abbrev [8] 0x169:0x13 DW_TAG_subprogram
	.long	.Lfunc_begin0           @ DW_AT_low_pc
	.long	.Lfunc_end0             @ DW_AT_high_pc
	.byte	1                       @ DW_AT_frame_base
	.byte	93
	.long	.Linfo_string41         @ DW_AT_name
	.byte	4                       @ DW_AT_decl_file
	.byte	45                      @ DW_AT_decl_line
	.byte	1                       @ DW_AT_prototyped
	.byte	1                       @ DW_AT_external
	.byte	9                       @ Abbrev [9] 0x17c:0x3e DW_TAG_subprogram
	.long	.Lfunc_begin1           @ DW_AT_low_pc
	.long	.Lfunc_end1             @ DW_AT_high_pc
	.byte	1                       @ DW_AT_frame_base
	.byte	93
	.long	.Linfo_string42         @ DW_AT_name
	.byte	4                       @ DW_AT_decl_file
	.byte	72                      @ DW_AT_decl_line
	.byte	1                       @ DW_AT_prototyped
	.byte	1                       @ DW_AT_external
	.byte	10                      @ Abbrev [10] 0x18f:0xe DW_TAG_formal_parameter
	.byte	2                       @ DW_AT_location
	.byte	145
	.byte	16
	.long	.Linfo_string54         @ DW_AT_name
	.byte	4                       @ DW_AT_decl_file
	.byte	72                      @ DW_AT_decl_line
	.long	829                     @ DW_AT_type
	.byte	10                      @ Abbrev [10] 0x19d:0xe DW_TAG_formal_parameter
	.byte	2                       @ DW_AT_location
	.byte	145
	.byte	12
	.long	.Linfo_string56         @ DW_AT_name
	.byte	4                       @ DW_AT_decl_file
	.byte	73                      @ DW_AT_decl_line
	.long	840                     @ DW_AT_type
	.byte	10                      @ Abbrev [10] 0x1ab:0xe DW_TAG_formal_parameter
	.byte	2                       @ DW_AT_location
	.byte	145
	.byte	8
	.long	.Linfo_string58         @ DW_AT_name
	.byte	4                       @ DW_AT_decl_file
	.byte	74                      @ DW_AT_decl_line
	.long	851                     @ DW_AT_type
	.byte	0                       @ End Of Children Mark
	.byte	9                       @ Abbrev [9] 0x1ba:0x22 DW_TAG_subprogram
	.long	.Lfunc_begin2           @ DW_AT_low_pc
	.long	.Lfunc_end2             @ DW_AT_high_pc
	.byte	1                       @ DW_AT_frame_base
	.byte	93
	.long	.Linfo_string43         @ DW_AT_name
	.byte	4                       @ DW_AT_decl_file
	.byte	121                     @ DW_AT_decl_line
	.byte	1                       @ DW_AT_prototyped
	.byte	1                       @ DW_AT_external
	.byte	10                      @ Abbrev [10] 0x1cd:0xe DW_TAG_formal_parameter
	.byte	2                       @ DW_AT_location
	.byte	145
	.byte	0
	.long	.Linfo_string54         @ DW_AT_name
	.byte	4                       @ DW_AT_decl_file
	.byte	121                     @ DW_AT_decl_line
	.long	829                     @ DW_AT_type
	.byte	0                       @ End Of Children Mark
	.byte	9                       @ Abbrev [9] 0x1dc:0x22 DW_TAG_subprogram
	.long	.Lfunc_begin3           @ DW_AT_low_pc
	.long	.Lfunc_end3             @ DW_AT_high_pc
	.byte	1                       @ DW_AT_frame_base
	.byte	93
	.long	.Linfo_string44         @ DW_AT_name
	.byte	4                       @ DW_AT_decl_file
	.byte	134                     @ DW_AT_decl_line
	.byte	1                       @ DW_AT_prototyped
	.byte	1                       @ DW_AT_external
	.byte	10                      @ Abbrev [10] 0x1ef:0xe DW_TAG_formal_parameter
	.byte	2                       @ DW_AT_location
	.byte	145
	.byte	0
	.long	.Linfo_string54         @ DW_AT_name
	.byte	4                       @ DW_AT_decl_file
	.byte	134                     @ DW_AT_decl_line
	.long	829                     @ DW_AT_type
	.byte	0                       @ End Of Children Mark
	.byte	9                       @ Abbrev [9] 0x1fe:0x22 DW_TAG_subprogram
	.long	.Lfunc_begin4           @ DW_AT_low_pc
	.long	.Lfunc_end4             @ DW_AT_high_pc
	.byte	1                       @ DW_AT_frame_base
	.byte	93
	.long	.Linfo_string45         @ DW_AT_name
	.byte	4                       @ DW_AT_decl_file
	.byte	147                     @ DW_AT_decl_line
	.byte	1                       @ DW_AT_prototyped
	.byte	1                       @ DW_AT_external
	.byte	10                      @ Abbrev [10] 0x211:0xe DW_TAG_formal_parameter
	.byte	2                       @ DW_AT_location
	.byte	145
	.byte	0
	.long	.Linfo_string54         @ DW_AT_name
	.byte	4                       @ DW_AT_decl_file
	.byte	147                     @ DW_AT_decl_line
	.long	829                     @ DW_AT_type
	.byte	0                       @ End Of Children Mark
	.byte	9                       @ Abbrev [9] 0x220:0x22 DW_TAG_subprogram
	.long	.Lfunc_begin5           @ DW_AT_low_pc
	.long	.Lfunc_end5             @ DW_AT_high_pc
	.byte	1                       @ DW_AT_frame_base
	.byte	93
	.long	.Linfo_string46         @ DW_AT_name
	.byte	4                       @ DW_AT_decl_file
	.byte	160                     @ DW_AT_decl_line
	.byte	1                       @ DW_AT_prototyped
	.byte	1                       @ DW_AT_external
	.byte	10                      @ Abbrev [10] 0x233:0xe DW_TAG_formal_parameter
	.byte	2                       @ DW_AT_location
	.byte	145
	.byte	0
	.long	.Linfo_string54         @ DW_AT_name
	.byte	4                       @ DW_AT_decl_file
	.byte	160                     @ DW_AT_decl_line
	.long	829                     @ DW_AT_type
	.byte	0                       @ End Of Children Mark
	.byte	11                      @ Abbrev [11] 0x242:0x26 DW_TAG_subprogram
	.long	.Lfunc_begin6           @ DW_AT_low_pc
	.long	.Lfunc_end6             @ DW_AT_high_pc
	.byte	1                       @ DW_AT_frame_base
	.byte	93
	.long	.Linfo_string47         @ DW_AT_name
	.byte	4                       @ DW_AT_decl_file
	.byte	173                     @ DW_AT_decl_line
	.byte	1                       @ DW_AT_prototyped
	.long	818                     @ DW_AT_type
	.byte	1                       @ DW_AT_external
	.byte	10                      @ Abbrev [10] 0x259:0xe DW_TAG_formal_parameter
	.byte	2                       @ DW_AT_location
	.byte	145
	.byte	0
	.long	.Linfo_string54         @ DW_AT_name
	.byte	4                       @ DW_AT_decl_file
	.byte	173                     @ DW_AT_decl_line
	.long	829                     @ DW_AT_type
	.byte	0                       @ End Of Children Mark
	.byte	9                       @ Abbrev [9] 0x268:0x22 DW_TAG_subprogram
	.long	.Lfunc_begin7           @ DW_AT_low_pc
	.long	.Lfunc_end7             @ DW_AT_high_pc
	.byte	1                       @ DW_AT_frame_base
	.byte	93
	.long	.Linfo_string49         @ DW_AT_name
	.byte	4                       @ DW_AT_decl_file
	.byte	190                     @ DW_AT_decl_line
	.byte	1                       @ DW_AT_prototyped
	.byte	1                       @ DW_AT_external
	.byte	10                      @ Abbrev [10] 0x27b:0xe DW_TAG_formal_parameter
	.byte	2                       @ DW_AT_location
	.byte	145
	.byte	0
	.long	.Linfo_string54         @ DW_AT_name
	.byte	4                       @ DW_AT_decl_file
	.byte	190                     @ DW_AT_decl_line
	.long	829                     @ DW_AT_type
	.byte	0                       @ End Of Children Mark
	.byte	11                      @ Abbrev [11] 0x28a:0x42 DW_TAG_subprogram
	.long	.Lfunc_begin8           @ DW_AT_low_pc
	.long	.Lfunc_end8             @ DW_AT_high_pc
	.byte	1                       @ DW_AT_frame_base
	.byte	93
	.long	.Linfo_string50         @ DW_AT_name
	.byte	4                       @ DW_AT_decl_file
	.byte	203                     @ DW_AT_decl_line
	.byte	1                       @ DW_AT_prototyped
	.long	818                     @ DW_AT_type
	.byte	1                       @ DW_AT_external
	.byte	10                      @ Abbrev [10] 0x2a1:0xe DW_TAG_formal_parameter
	.byte	2                       @ DW_AT_location
	.byte	145
	.byte	8
	.long	.Linfo_string54         @ DW_AT_name
	.byte	4                       @ DW_AT_decl_file
	.byte	203                     @ DW_AT_decl_line
	.long	829                     @ DW_AT_type
	.byte	12                      @ Abbrev [12] 0x2af:0xe DW_TAG_variable
	.byte	2                       @ DW_AT_location
	.byte	145
	.byte	4
	.long	.Linfo_string60         @ DW_AT_name
	.byte	4                       @ DW_AT_decl_file
	.byte	205                     @ DW_AT_decl_line
	.long	340                     @ DW_AT_type
	.byte	12                      @ Abbrev [12] 0x2bd:0xe DW_TAG_variable
	.byte	2                       @ DW_AT_location
	.byte	145
	.byte	0
	.long	.Linfo_string61         @ DW_AT_name
	.byte	4                       @ DW_AT_decl_file
	.byte	205                     @ DW_AT_decl_line
	.long	340                     @ DW_AT_type
	.byte	0                       @ End Of Children Mark
	.byte	9                       @ Abbrev [9] 0x2cc:0x22 DW_TAG_subprogram
	.long	.Lfunc_begin9           @ DW_AT_low_pc
	.long	.Lfunc_end9             @ DW_AT_high_pc
	.byte	1                       @ DW_AT_frame_base
	.byte	93
	.long	.Linfo_string51         @ DW_AT_name
	.byte	4                       @ DW_AT_decl_file
	.byte	225                     @ DW_AT_decl_line
	.byte	1                       @ DW_AT_prototyped
	.byte	1                       @ DW_AT_external
	.byte	10                      @ Abbrev [10] 0x2df:0xe DW_TAG_formal_parameter
	.byte	2                       @ DW_AT_location
	.byte	145
	.byte	0
	.long	.Linfo_string54         @ DW_AT_name
	.byte	4                       @ DW_AT_decl_file
	.byte	225                     @ DW_AT_decl_line
	.long	829                     @ DW_AT_type
	.byte	0                       @ End Of Children Mark
	.byte	9                       @ Abbrev [9] 0x2ee:0x22 DW_TAG_subprogram
	.long	.Lfunc_begin10          @ DW_AT_low_pc
	.long	.Lfunc_end10            @ DW_AT_high_pc
	.byte	1                       @ DW_AT_frame_base
	.byte	93
	.long	.Linfo_string52         @ DW_AT_name
	.byte	4                       @ DW_AT_decl_file
	.byte	238                     @ DW_AT_decl_line
	.byte	1                       @ DW_AT_prototyped
	.byte	1                       @ DW_AT_external
	.byte	10                      @ Abbrev [10] 0x301:0xe DW_TAG_formal_parameter
	.byte	2                       @ DW_AT_location
	.byte	145
	.byte	0
	.long	.Linfo_string54         @ DW_AT_name
	.byte	4                       @ DW_AT_decl_file
	.byte	238                     @ DW_AT_decl_line
	.long	829                     @ DW_AT_type
	.byte	0                       @ End Of Children Mark
	.byte	9                       @ Abbrev [9] 0x310:0x22 DW_TAG_subprogram
	.long	.Lfunc_begin11          @ DW_AT_low_pc
	.long	.Lfunc_end11            @ DW_AT_high_pc
	.byte	1                       @ DW_AT_frame_base
	.byte	93
	.long	.Linfo_string53         @ DW_AT_name
	.byte	4                       @ DW_AT_decl_file
	.byte	251                     @ DW_AT_decl_line
	.byte	1                       @ DW_AT_prototyped
	.byte	1                       @ DW_AT_external
	.byte	10                      @ Abbrev [10] 0x323:0xe DW_TAG_formal_parameter
	.byte	2                       @ DW_AT_location
	.byte	145
	.byte	0
	.long	.Linfo_string54         @ DW_AT_name
	.byte	4                       @ DW_AT_decl_file
	.byte	251                     @ DW_AT_decl_line
	.long	829                     @ DW_AT_type
	.byte	0                       @ End Of Children Mark
	.byte	5                       @ Abbrev [5] 0x332:0xb DW_TAG_typedef
	.long	319                     @ DW_AT_type
	.long	.Linfo_string48         @ DW_AT_name
	.byte	2                       @ DW_AT_decl_file
	.byte	158                     @ DW_AT_decl_line
	.byte	5                       @ Abbrev [5] 0x33d:0xb DW_TAG_typedef
	.long	38                      @ DW_AT_type
	.long	.Linfo_string55         @ DW_AT_name
	.byte	1                       @ DW_AT_decl_file
	.byte	234                     @ DW_AT_decl_line
	.byte	5                       @ Abbrev [5] 0x348:0xb DW_TAG_typedef
	.long	264                     @ DW_AT_type
	.long	.Linfo_string57         @ DW_AT_name
	.byte	1                       @ DW_AT_decl_file
	.byte	241                     @ DW_AT_decl_line
	.byte	5                       @ Abbrev [5] 0x353:0xb DW_TAG_typedef
	.long	292                     @ DW_AT_type
	.long	.Linfo_string59         @ DW_AT_name
	.byte	1                       @ DW_AT_decl_file
	.byte	249                     @ DW_AT_decl_line
	.byte	0                       @ End Of Children Mark
.Ldebug_info_end0:
	.section	.debug_ranges,"",%progbits
.Ldebug_ranges0:
	.long	.Lfunc_begin0
	.long	.Lfunc_end0
	.long	.Lfunc_begin1
	.long	.Lfunc_end1
	.long	.Lfunc_begin2
	.long	.Lfunc_end2
	.long	.Lfunc_begin3
	.long	.Lfunc_end3
	.long	.Lfunc_begin4
	.long	.Lfunc_end4
	.long	.Lfunc_begin5
	.long	.Lfunc_end5
	.long	.Lfunc_begin6
	.long	.Lfunc_end6
	.long	.Lfunc_begin7
	.long	.Lfunc_end7
	.long	.Lfunc_begin8
	.long	.Lfunc_end8
	.long	.Lfunc_begin9
	.long	.Lfunc_end9
	.long	.Lfunc_begin10
	.long	.Lfunc_end10
	.long	.Lfunc_begin11
	.long	.Lfunc_end11
	.long	0
	.long	0
	.ident	"Component: ARM Compiler 6.14 Tool: armclang [5db06c00]"
	.section	".note.GNU-stack","",%progbits
	.eabi_attribute	30, 6	@ Tag_ABI_optimization_goals
	.ARM_attribute	16, 1	@ Tag_AV_eba
	.section	.debug_line,"",%progbits
.Lline_table_start0:
