Component: ARM Compiler 6.14 Tool: armlink [5db06800]

==============================================================================

Section Cross References

    gd32e230_it.o(.ARM.exidx.text.NMI_Handler) refers to gd32e230_it.o(.text.NMI_Handler) for [Anonymous Symbol]
    gd32e230_it.o(.ARM.exidx.text.HardFault_Handler) refers to gd32e230_it.o(.text.HardFault_Handler) for [Anonymous Symbol]
    gd32e230_it.o(.ARM.exidx.text.MemManage_Handler) refers to gd32e230_it.o(.text.MemManage_Handler) for [Anonymous Symbol]
    gd32e230_it.o(.ARM.exidx.text.BusFault_Handler) refers to gd32e230_it.o(.text.BusFault_Handler) for [Anonymous Symbol]
    gd32e230_it.o(.ARM.exidx.text.UsageFault_Handler) refers to gd32e230_it.o(.text.UsageFault_Handler) for [Anonymous Symbol]
    gd32e230_it.o(.ARM.exidx.text.SVC_Handler) refers to gd32e230_it.o(.text.SVC_Handler) for [Anonymous Symbol]
    gd32e230_it.o(.ARM.exidx.text.DebugMon_Handler) refers to gd32e230_it.o(.text.DebugMon_Handler) for [Anonymous Symbol]
    gd32e230_it.o(.ARM.exidx.text.PendSV_Handler) refers to gd32e230_it.o(.text.PendSV_Handler) for [Anonymous Symbol]
    gd32e230_it.o(.text.SysTick_Handler) refers to systick.o(.text.delay_decrement) for delay_decrement
    gd32e230_it.o(.ARM.exidx.text.SysTick_Handler) refers to gd32e230_it.o(.text.SysTick_Handler) for [Anonymous Symbol]
    main.o(.text.DRV_IWDG_Init) refers to gd32e230_rcu.o(.text.rcu_osci_on) for rcu_osci_on
    main.o(.text.DRV_IWDG_Init) refers to gd32e230_rcu.o(.text.rcu_osci_stab_wait) for rcu_osci_stab_wait
    main.o(.text.DRV_IWDG_Init) refers to gd32e230_fwdgt.o(.text.fwdgt_config) for fwdgt_config
    main.o(.text.DRV_IWDG_Init) refers to gd32e230_fwdgt.o(.text.fwdgt_enable) for fwdgt_enable
    main.o(.ARM.exidx.text.DRV_IWDG_Init) refers to main.o(.text.DRV_IWDG_Init) for [Anonymous Symbol]
    main.o(.text.rs485_Init) refers to gd32e230_rcu.o(.text.rcu_periph_clock_enable) for rcu_periph_clock_enable
    main.o(.text.rs485_Init) refers to gd32e230_gpio.o(.text.gpio_mode_set) for gpio_mode_set
    main.o(.text.rs485_Init) refers to gd32e230_gpio.o(.text.gpio_output_options_set) for gpio_output_options_set
    main.o(.text.rs485_Init) refers to gd32e230_gpio.o(.text.gpio_bit_reset) for gpio_bit_reset
    main.o(.ARM.exidx.text.rs485_Init) refers to main.o(.text.rs485_Init) for [Anonymous Symbol]
    main.o(.ARM.exidx.text.delayms) refers to main.o(.text.delayms) for [Anonymous Symbol]
    main.o(.text.main) refers to gd32e230_misc.o(.text.nvic_vector_table_set) for nvic_vector_table_set
    main.o(.text.main) refers to gd32e230_misc.o(.text.nvic_irq_enable) for nvic_irq_enable
    main.o(.text.main) refers to main.o(.text.com_gpio_init) for com_gpio_init
    main.o(.text.main) refers to main.o(.text.com_usart_init) for com_usart_init
    main.o(.text.main) refers to gd32e230_usart.o(.text.usart_interrupt_enable) for usart_interrupt_enable
    main.o(.text.main) refers to main.o(.text.DRV_IWDG_Init) for DRV_IWDG_Init
    main.o(.text.main) refers to timer.o(.text.TIMER2_Init) for TIMER2_Init
    main.o(.text.main) refers to timer.o(.text.TIMER15_Init) for TIMER15_Init
    main.o(.text.main) refers to para.o(.text.ReadPara) for ReadPara
    main.o(.text.main) refers to ds18b20.o(.text.DS18B20_Init) for DS18B20_Init
    main.o(.text.main) refers to gd32e230_fwdgt.o(.text.fwdgt_counter_reload) for fwdgt_counter_reload
    main.o(.text.main) refers to main.o(.text.TemData_Handle) for TemData_Handle
    main.o(.text.main) refers to modbus_asc.o(.text.MBASC_Function) for MBASC_Function
    main.o(.text.main) refers to main.o(.bss.j) for j
    main.o(.text.main) refers to timer.o(.bss.Time_1s_flag) for Time_1s_flag
    main.o(.text.main) refers to main.o(.bss.i) for i
    main.o(.ARM.exidx.text.main) refers to main.o(.text.main) for [Anonymous Symbol]
    main.o(.text.com_gpio_init) refers to gd32e230_rcu.o(.text.rcu_periph_clock_enable) for rcu_periph_clock_enable
    main.o(.text.com_gpio_init) refers to gd32e230_gpio.o(.text.gpio_af_set) for gpio_af_set
    main.o(.text.com_gpio_init) refers to gd32e230_gpio.o(.text.gpio_mode_set) for gpio_mode_set
    main.o(.text.com_gpio_init) refers to gd32e230_gpio.o(.text.gpio_output_options_set) for gpio_output_options_set
    main.o(.ARM.exidx.text.com_gpio_init) refers to main.o(.text.com_gpio_init) for [Anonymous Symbol]
    main.o(.text.com_usart_init) refers to gd32e230_rcu.o(.text.rcu_periph_clock_enable) for rcu_periph_clock_enable
    main.o(.text.com_usart_init) refers to flash.o(.text.flash_read_multi) for flash_read_multi
    main.o(.text.com_usart_init) refers to gd32e230_usart.o(.text.usart_deinit) for usart_deinit
    main.o(.text.com_usart_init) refers to gd32e230_usart.o(.text.usart_baudrate_set) for usart_baudrate_set
    main.o(.text.com_usart_init) refers to main.o(.text.rs485_Init) for rs485_Init
    main.o(.text.com_usart_init) refers to gd32e230_usart.o(.text.usart_receive_config) for usart_receive_config
[...]
    Removing gd32e230_usart.o(.text.usart_smartcard_mode_enable), (28 bytes).
    Removing gd32e230_usart.o(.ARM.exidx.text.usart_smartcard_mode_enable), (8 bytes).
    Removing gd32e230_usart.o(.text.usart_smartcard_mode_disable), (28 bytes).
    Removing gd32e230_usart.o(.ARM.exidx.text.usart_smartcard_mode_disable), (8 bytes).
    Removing gd32e230_usart.o(.text.usart_smartcard_mode_nack_enable), (28 bytes).
    Removing gd32e230_usart.o(.ARM.exidx.text.usart_smartcard_mode_nack_enable), (8 bytes).
    Removing gd32e230_usart.o(.text.usart_smartcard_mode_nack_disable), (28 bytes).
    Removing gd32e230_usart.o(.ARM.exidx.text.usart_smartcard_mode_nack_disable), (8 bytes).
    Removing gd32e230_usart.o(.text.usart_smartcard_mode_early_nack_enable), (20 bytes).
    Removing gd32e230_usart.o(.ARM.exidx.text.usart_smartcard_mode_early_nack_enable), (8 bytes).
    Removing gd32e230_usart.o(.text.usart_smartcard_mode_early_nack_disable), (20 bytes).
    Removing gd32e230_usart.o(.ARM.exidx.text.usart_smartcard_mode_early_nack_disable), (8 bytes).
    Removing gd32e230_usart.o(.text.usart_smartcard_autoretry_config), (46 bytes).
    Removing gd32e230_usart.o(.ARM.exidx.text.usart_smartcard_autoretry_config), (8 bytes).
    Removing gd32e230_usart.o(.text.usart_block_length_config), (34 bytes).
    Removing gd32e230_usart.o(.ARM.exidx.text.usart_block_length_config), (8 bytes).
    Removing gd32e230_usart.o(.text.usart_irda_mode_enable), (28 bytes).
    Removing gd32e230_usart.o(.ARM.exidx.text.usart_irda_mode_enable), (8 bytes).
    Removing gd32e230_usart.o(.text.usart_irda_mode_disable), (28 bytes).
    Removing gd32e230_usart.o(.ARM.exidx.text.usart_irda_mode_disable), (8 bytes).
    Removing gd32e230_usart.o(.text.usart_prescaler_config), (40 bytes).
    Removing gd32e230_usart.o(.ARM.exidx.text.usart_prescaler_config), (8 bytes).
    Removing gd32e230_usart.o(.text.usart_irda_lowpower_config), (42 bytes).
    Removing gd32e230_usart.o(.ARM.exidx.text.usart_irda_lowpower_config), (8 bytes).
    Removing gd32e230_usart.o(.text.usart_hardware_flow_rts_config), (42 bytes).
    Removing gd32e230_usart.o(.ARM.exidx.text.usart_hardware_flow_rts_config), (8 bytes).
    Removing gd32e230_usart.o(.text.usart_hardware_flow_cts_config), (42 bytes).
    Removing gd32e230_usart.o(.ARM.exidx.text.usart_hardware_flow_cts_config), (8 bytes).
    Removing gd32e230_usart.o(.text.usart_hardware_flow_coherence_config), (34 bytes).
    Removing gd32e230_usart.o(.ARM.exidx.text.usart_hardware_flow_coherence_config), (8 bytes).
    Removing gd32e230_usart.o(.text.usart_rs485_driver_enable), (30 bytes).
    Removing gd32e230_usart.o(.ARM.exidx.text.usart_rs485_driver_enable), (8 bytes).
    Removing gd32e230_usart.o(.text.usart_rs485_driver_disable), (30 bytes).
    Removing gd32e230_usart.o(.ARM.exidx.text.usart_rs485_driver_disable), (8 bytes).
    Removing gd32e230_usart.o(.text.usart_driver_assertime_config), (46 bytes).
    Removing gd32e230_usart.o(.ARM.exidx.text.usart_driver_assertime_config), (8 bytes).
    Removing gd32e230_usart.o(.text.usart_driver_deassertime_config), (46 bytes).
    Removing gd32e230_usart.o(.ARM.exidx.text.usart_driver_deassertime_config), (8 bytes).
    Removing gd32e230_usart.o(.text.usart_depolarity_config), (44 bytes).
    Removing gd32e230_usart.o(.ARM.exidx.text.usart_depolarity_config), (8 bytes).
    Removing gd32e230_usart.o(.text.usart_dma_receive_config), (30 bytes).
    Removing gd32e230_usart.o(.ARM.exidx.text.usart_dma_receive_config), (8 bytes).
    Removing gd32e230_usart.o(.text.usart_dma_transmit_config), (30 bytes).
    Removing gd32e230_usart.o(.ARM.exidx.text.usart_dma_transmit_config), (8 bytes).
    Removing gd32e230_usart.o(.text.usart_reception_error_dma_disable), (30 bytes).
    Removing gd32e230_usart.o(.ARM.exidx.text.usart_reception_error_dma_disable), (8 bytes).
    Removing gd32e230_usart.o(.text.usart_reception_error_dma_enable), (30 bytes).
    Removing gd32e230_usart.o(.ARM.exidx.text.usart_reception_error_dma_enable), (8 bytes).
    Removing gd32e230_usart.o(.text.usart_wakeup_enable), (18 bytes).
    Removing gd32e230_usart.o(.ARM.exidx.text.usart_wakeup_enable), (8 bytes).
    Removing gd32e230_usart.o(.text.usart_wakeup_disable), (18 bytes).
    Removing gd32e230_usart.o(.ARM.exidx.text.usart_wakeup_disable), (8 bytes).
    Removing gd32e230_usart.o(.text.usart_wakeup_mode_config), (44 bytes).
    Removing gd32e230_usart.o(.ARM.exidx.text.usart_wakeup_mode_config), (8 bytes).
    Removing gd32e230_usart.o(.text.usart_receive_fifo_enable), (22 bytes).
    Removing gd32e230_usart.o(.ARM.exidx.text.usart_receive_fifo_enable), (8 bytes).
    Removing gd32e230_usart.o(.text.usart_receive_fifo_disable), (22 bytes).
    Removing gd32e230_usart.o(.ARM.exidx.text.usart_receive_fifo_disable), (8 bytes).
    Removing gd32e230_usart.o(.text.usart_receive_fifo_counter_number), (22 bytes).
    Removing gd32e230_usart.o(.ARM.exidx.text.usart_receive_fifo_counter_number), (8 bytes).
    Removing gd32e230_usart.o(.text.usart_flag_get), (58 bytes).
    Removing gd32e230_usart.o(.ARM.exidx.text.usart_flag_get), (8 bytes).
    Removing gd32e230_usart.o(.text.usart_flag_clear), (32 bytes).
    Removing gd32e230_usart.o(.ARM.exidx.text.usart_flag_clear), (8 bytes).
    Removing gd32e230_usart.o(.ARM.exidx.text.usart_interrupt_enable), (8 bytes).
    Removing gd32e230_usart.o(.ARM.exidx.text.usart_interrupt_disable), (8 bytes).
    Removing gd32e230_usart.o(.text.usart_command_enable), (20 bytes).
    Removing gd32e230_usart.o(.ARM.exidx.text.usart_command_enable), (8 bytes).
    Removing gd32e230_usart.o(.ARM.exidx.text.usart_interrupt_flag_get), (8 bytes).
    Removing gd32e230_usart.o(.ARM.exidx.text.usart_interrupt_flag_clear), (8 bytes).
    Removing gd32e230_wwdgt.o(.text), (0 bytes).
    Removing gd32e230_wwdgt.o(.text.wwdgt_deinit), (28 bytes).
    Removing gd32e230_wwdgt.o(.ARM.exidx.text.wwdgt_deinit), (8 bytes).
    Removing gd32e230_wwdgt.o(.text.wwdgt_enable), (16 bytes).
    Removing gd32e230_wwdgt.o(.ARM.exidx.text.wwdgt_enable), (8 bytes).
    Removing gd32e230_wwdgt.o(.text.wwdgt_counter_update), (48 bytes).
    Removing gd32e230_wwdgt.o(.ARM.exidx.text.wwdgt_counter_update), (8 bytes).
    Removing gd32e230_wwdgt.o(.text.wwdgt_config), (96 bytes).
    Removing gd32e230_wwdgt.o(.ARM.exidx.text.wwdgt_config), (8 bytes).
    Removing gd32e230_wwdgt.o(.text.wwdgt_interrupt_enable), (20 bytes).
    Removing gd32e230_wwdgt.o(.ARM.exidx.text.wwdgt_interrupt_enable), (8 bytes).
    Removing gd32e230_wwdgt.o(.text.wwdgt_flag_get), (44 bytes).
    Removing gd32e230_wwdgt.o(.ARM.exidx.text.wwdgt_flag_get), (8 bytes).
    Removing gd32e230_wwdgt.o(.text.wwdgt_flag_clear), (16 bytes).
    Removing gd32e230_wwdgt.o(.ARM.exidx.text.wwdgt_flag_clear), (8 bytes).
    Removing gd32e230c_eval.o(.text), (0 bytes).
    Removing gd32e230c_eval.o(.text.gd_eval_led_init), (120 bytes).
    Removing gd32e230c_eval.o(.ARM.exidx.text.gd_eval_led_init), (8 bytes).
    Removing gd32e230c_eval.o(.text.gd_eval_led_on), (36 bytes).
    Removing gd32e230c_eval.o(.ARM.exidx.text.gd_eval_led_on), (8 bytes).
    Removing gd32e230c_eval.o(.text.gd_eval_led_off), (36 bytes).
    Removing gd32e230c_eval.o(.ARM.exidx.text.gd_eval_led_off), (8 bytes).
    Removing gd32e230c_eval.o(.text.gd_eval_led_toggle), (36 bytes).
    Removing gd32e230c_eval.o(.ARM.exidx.text.gd_eval_led_toggle), (8 bytes).
    Removing gd32e230c_eval.o(.text.gd_eval_key_init), (188 bytes).
    Removing gd32e230c_eval.o(.ARM.exidx.text.gd_eval_key_init), (8 bytes).
    Removing gd32e230c_eval.o(.text.gd_eval_key_state_get), (48 bytes).
    Removing gd32e230c_eval.o(.ARM.exidx.text.gd_eval_key_state_get), (8 bytes).
    Removing gd32e230c_eval.o(.text.gd_eval_com_init), (216 bytes).
    Removing gd32e230c_eval.o(.ARM.exidx.text.gd_eval_com_init), (8 bytes).
    Removing gd32e230c_eval.o(.ARM.exidx.text.Delayms), (8 bytes).
    Removing gd32e230c_eval.o(.ARM.exidx.text.USART1_IRQHandler), (8 bytes).
    Removing gd32e230c_eval.o(.ARM.exidx.text.UARTx_SendData), (8 bytes).
    Removing gd32e230c_eval.o(.rodata.GPIO_CLK), (8 bytes).
    Removing gd32e230c_eval.o(.rodata.GPIO_PORT), (16 bytes).
    Removing gd32e230c_eval.o(.rodata.GPIO_PIN), (16 bytes).
    Removing gd32e230c_eval.o(.rodata.KEY_CLK), (4 bytes).
    Removing gd32e230c_eval.o(.rodata.KEY_PORT), (8 bytes).
    Removing gd32e230c_eval.o(.rodata.KEY_PIN), (8 bytes).
    Removing gd32e230c_eval.o(.rodata.KEY_IRQn), (2 bytes).
    Removing gd32e230c_eval.o(.rodata.KEY_PORT_SOURCE), (2 bytes).
    Removing gd32e230c_eval.o(.rodata.KEY_PIN_SOURCE), (2 bytes).
    Removing gd32e230c_eval.o(.rodata.KEY_EXTI_LINE), (8 bytes).
    Removing gd32e230c_eval.o(.rodata.COM_CLK), (2 bytes).
    Removing gd32e230c_eval.o(.rodata.COM_TX_PIN), (4 bytes).
    Removing gd32e230c_eval.o(.rodata.COM_RX_PIN), (4 bytes).
    Removing startup_gd32e230.o(HEAP), (1024 bytes).

1156 unused section(s) (total 35652 bytes) removed from the image.

==============================================================================

Image Symbol Table

    Local Symbols

    Symbol Name                              Value     Ov Type        Size  Object(Section)

    ../clib/microlib/division.c              0x00000000   Number         0  ldiv.o ABSOLUTE
    ../clib/microlib/division.c              0x00000000   Number         0  uldiv.o ABSOLUTE
    ../clib/microlib/init/entry.s            0x00000000   Number         0  entry.o ABSOLUTE
    ../clib/microlib/init/entry.s            0x00000000   Number         0  entry2.o ABSOLUTE
    ../clib/microlib/init/entry.s            0x00000000   Number         0  entry5.o ABSOLUTE
    ../clib/microlib/init/entry.s            0x00000000   Number         0  entry7a.o ABSOLUTE
    ../clib/microlib/init/entry.s            0x00000000   Number         0  entry7b.o ABSOLUTE
    ../clib/microlib/init/entry.s            0x00000000   Number         0  entry8a.o ABSOLUTE
    ../clib/microlib/init/entry.s            0x00000000   Number         0  entry8b.o ABSOLUTE
    ../clib/microlib/init/entry.s            0x00000000   Number         0  entry9a.o ABSOLUTE
    ../clib/microlib/init/entry.s            0x00000000   Number         0  entry9b.o ABSOLUTE
    ../clib/microlib/init/entry.s            0x00000000   Number         0  entry10a.o ABSOLUTE
    ../clib/microlib/init/entry.s            0x00000000   Number         0  entry10b.o ABSOLUTE
    ../clib/microlib/init/entry.s            0x00000000   Number         0  entry11a.o ABSOLUTE
    ../clib/microlib/init/entry.s            0x00000000   Number         0  entry11b.o ABSOLUTE
    ../clib/microlib/longlong.c              0x00000000   Number         0  llshl.o ABSOLUTE
    ../clib/microlib/longlong.c              0x00000000   Number         0  llushr.o ABSOLUTE
    ../clib/microlib/string/memset.c         0x00000000   Number         0  memseta.o ABSOLUTE
    ..\GD32E230_Firmware_Library\CMSIS\GD\GD32E230\Source\ARM\startup_gd32e230.s 0x00000000   Number         0  startup_gd32e230.o ABSOLUTE
    algorithm.c                              0x00000000   Number         0  algorithm.o ABSOLUTE
    common.c                                 0x00000000   Number         0  common.o ABSOLUTE
    dc.s                                     0x00000000   Number         0  dc.o ABSOLUTE
    ds18b20.c                                0x00000000   Number         0  ds18b20.o ABSOLUTE
    flash.c                                  0x00000000   Number         0  flash.o ABSOLUTE
    gd32e230_adc.c                           0x00000000   Number         0  gd32e230_adc.o ABSOLUTE
    gd32e230_cmp.c                           0x00000000   Number         0  gd32e230_cmp.o ABSOLUTE
    gd32e230_crc.c                           0x00000000   Number         0  gd32e230_crc.o ABSOLUTE
    gd32e230_dbg.c                           0x00000000   Number         0  gd32e230_dbg.o ABSOLUTE
    gd32e230_dma.c                           0x00000000   Number         0  gd32e230_dma.o ABSOLUTE
    gd32e230_exti.c                          0x00000000   Number         0  gd32e230_exti.o ABSOLUTE
    gd32e230_fmc.c                           0x00000000   Number         0  gd32e230_fmc.o ABSOLUTE
    gd32e230_fwdgt.c                         0x00000000   Number         0  gd32e230_fwdgt.o ABSOLUTE
    gd32e230_gpio.c                          0x00000000   Number         0  gd32e230_gpio.o ABSOLUTE
    gd32e230_i2c.c                           0x00000000   Number         0  gd32e230_i2c.o ABSOLUTE
    gd32e230_it.c                            0x00000000   Number         0  gd32e230_it.o ABSOLUTE
    gd32e230_misc.c                          0x00000000   Number         0  gd32e230_misc.o ABSOLUTE
    gd32e230_pmu.c                           0x00000000   Number         0  gd32e230_pmu.o ABSOLUTE
    gd32e230_rcu.c                           0x00000000   Number         0  gd32e230_rcu.o ABSOLUTE
    gd32e230_rtc.c                           0x00000000   Number         0  gd32e230_rtc.o ABSOLUTE
    gd32e230_spi.c                           0x00000000   Number         0  gd32e230_spi.o ABSOLUTE
    gd32e230_syscfg.c                        0x00000000   Number         0  gd32e230_syscfg.o ABSOLUTE
    gd32e230_timer.c                         0x00000000   Number         0  gd32e230_timer.o ABSOLUTE
    gd32e230_usart.c                         0x00000000   Number         0  gd32e230_usart.o ABSOLUTE
    gd32e230_wwdgt.c                         0x00000000   Number         0  gd32e230_wwdgt.o ABSOLUTE
    gd32e230c_eval.c                         0x00000000   Number         0  gd32e230c_eval.o ABSOLUTE
    handlers.s                               0x00000000   Number         0  handlers.o ABSOLUTE
    init.s                                   0x00000000   Number         0  init.o ABSOLUTE
    main.c                                   0x00000000   Number         0  main.o ABSOLUTE
    modbus_asc.c                             0x00000000   Number         0  modbus_asc.o ABSOLUTE
    modbus_ascii.c                           0x00000000   Number         0  modbus_ascii.o ABSOLUTE
    para.c                                   0x00000000   Number         0  para.o ABSOLUTE
    system_gd32e230.c                        0x00000000   Number         0  system_gd32e230.o ABSOLUTE
    systick.c                                0x00000000   Number         0  systick.o ABSOLUTE
    timer.c                                  0x00000000   Number         0  timer.o ABSOLUTE
    RESET                                    0x08004000   Section      204  startup_gd32e230.o(RESET)
    .ARM.Collect$$$$00000000                 0x080040cc   Section        0  entry.o(.ARM.Collect$$$$00000000)
    .ARM.Collect$$$$00000001                 0x080040cc   Section        4  entry2.o(.ARM.Collect$$$$00000001)
    .ARM.Collect$$$$00000004                 0x080040d0   Section        4  entry5.o(.ARM.Collect$$$$00000004)
    .ARM.Collect$$$$00000008                 0x080040d4   Section        0  entry7b.o(.ARM.Collect$$$$00000008)
    .ARM.Collect$$$$0000000A                 0x080040d4   Section        0  entry8b.o(.ARM.Collect$$$$0000000A)
    .ARM.Collect$$$$0000000B                 0x080040d4   Section        8  entry9a.o(.ARM.Collect$$$$0000000B)
    __lit__00000000                          0x080040dc   Data           4  entry2.o(.ARM.Collect$$$$00002712)
    .ARM.Collect$$$$0000000D                 0x080040dc   Section        0  entry10a.o(.ARM.Collect$$$$0000000D)
    .ARM.Collect$$$$0000000F                 0x080040dc   Section        0  entry11a.o(.ARM.Collect$$$$0000000F)
    .ARM.Collect$$$$00002712                 0x080040dc   Section        4  entry2.o(.ARM.Collect$$$$00002712)
    .text                                    0x080040e0   Section       28  startup_gd32e230.o(.text)
    .text                                    0x080040fc   Section        0  memseta.o(.text)
    .text                                    0x08004120   Section       36  init.o(.text)
    [Anonymous Symbol]                       0x08004144   Section        0  main.o(.text.DRV_IWDG_Init)
    __arm_cp.0_0                             0x08004174   Number         4  main.o(.text.DRV_IWDG_Init)
    [Anonymous Symbol]                       0x08004178   Section        0  ds18b20.o(.text.DS18B20_Check)
    [Anonymous Symbol]                       0x0800425c   Section        0  ds18b20.o(.text.DS18B20_Get_Temp)
    __arm_cp.16_0                            0x080042f4   Number         4  ds18b20.o(.text.DS18B20_Get_Temp)
    __arm_cp.16_1                            0x080042f8   Number         4  ds18b20.o(.text.DS18B20_Get_Temp)
    [Anonymous Symbol]                       0x080042fc   Section        0  ds18b20.o(.text.DS18B20_Init)
    [Anonymous Symbol]                       0x0800430c   Section        0  ds18b20.o(.text.DS18B20_Input)
    [Anonymous Symbol]                       0x0800433c   Section        0  ds18b20.o(.text.DS18B20_Output)
    __arm_cp.7_0                             0x0800436c   Number         4  ds18b20.o(.text.DS18B20_Output)
    [Anonymous Symbol]                       0x08004370   Section        0  ds18b20.o(.text.DS18B20_Read_Bit)
    [Anonymous Symbol]                       0x080043d0   Section        0  ds18b20.o(.text.DS18B20_Read_Byte)
    [Anonymous Symbol]                       0x08004416   Section        0  ds18b20.o(.text.DS18B20_Rst)
    [Anonymous Symbol]                       0x08004446   Section        0  ds18b20.o(.text.DS18B20_Start)
    [Anonymous Symbol]                       0x08004466   Section        0  ds18b20.o(.text.DS18B20_Write_Byte)
    [Anonymous Symbol]                       0x08004502   Section        0  modbus_asc.o(.text.Delay_1Ms)
    [Anonymous Symbol]                       0x08004524   Section        0  common.o(.text.Delay_Ms)
    [Anonymous Symbol]                       0x08004548   Section        0  gd32e230c_eval.o(.text.Delayms)
    __arm_cp.7_0                             0x080045a0   Number         4  gd32e230c_eval.o(.text.Delayms)
    [Anonymous Symbol]                       0x080045a4   Section        0  flash.o(.text.Flash_Read_OneByte)
    [Anonymous Symbol]                       0x080045b8   Section        0  flash.o(.text.Flash_Write_MultiBytes)
    __arm_cp.4_0                             0x080046d0   Number         4  flash.o(.text.Flash_Write_MultiBytes)
    __arm_cp.4_1                             0x080046d4   Number         4  flash.o(.text.Flash_Write_MultiBytes)
    __arm_cp.4_2                             0x080046d8   Number         4  flash.o(.text.Flash_Write_MultiBytes)
    __arm_cp.4_3                             0x080046dc   Number         4  flash.o(.text.Flash_Write_MultiBytes)
    [Anonymous Symbol]                       0x080046e0   Section        0  gd32e230_it.o(.text.HardFault_Handler)
    [Anonymous Symbol]                       0x080046e4   Section        0  modbus_asc.o(.text.MBASC_AutoUpLoadFrame)
    [Anonymous Symbol]                       0x08004764   Section        0  modbus_asc.o(.text.MBASC_Fun03)
    __arm_cp.4_3                             0x0800491c   Number         4  modbus_asc.o(.text.MBASC_Fun03)
    [Anonymous Symbol]                       0x08004920   Section        0  modbus_asc.o(.text.MBASC_Fun04)
    __arm_cp.5_0                             0x08004ac8   Number         4  modbus_asc.o(.text.MBASC_Fun04)
    __arm_cp.5_1                             0x08004acc   Number         4  modbus_asc.o(.text.MBASC_Fun04)
    __arm_cp.5_2                             0x08004ad0   Number         4  modbus_asc.o(.text.MBASC_Fun04)
    __arm_cp.5_3                             0x08004ad4   Number         4  modbus_asc.o(.text.MBASC_Fun04)
    __arm_cp.5_4                             0x08004ad8   Number         4  modbus_asc.o(.text.MBASC_Fun04)
    __arm_cp.5_5                             0x08004adc   Number         4  modbus_asc.o(.text.MBASC_Fun04)
    __arm_cp.5_6                             0x08004ae0   Number         4  modbus_asc.o(.text.MBASC_Fun04)
    __arm_cp.5_7                             0x08004ae4   Number         4  modbus_asc.o(.text.MBASC_Fun04)
    __arm_cp.5_8                             0x08004ae8   Number         4  modbus_asc.o(.text.MBASC_Fun04)
    __arm_cp.5_9                             0x08004aec   Number         4  modbus_asc.o(.text.MBASC_Fun04)
    __arm_cp.5_10                            0x08004af0   Number         4  modbus_asc.o(.text.MBASC_Fun04)
    __arm_cp.5_11                            0x08004af4   Number         4  modbus_asc.o(.text.MBASC_Fun04)
    __arm_cp.5_12                            0x08004af8   Number         4  modbus_asc.o(.text.MBASC_Fun04)
    [Anonymous Symbol]                       0x08004afc   Section        0  modbus_asc.o(.text.MBASC_Fun10)
    __arm_cp.6_0                             0x08004dfc   Number         4  modbus_asc.o(.text.MBASC_Fun10)
    __arm_cp.6_1                             0x08004e00   Number         4  modbus_asc.o(.text.MBASC_Fun10)
    __arm_cp.6_2                             0x08004e04   Number         4  modbus_asc.o(.text.MBASC_Fun10)
    __arm_cp.6_3                             0x08004e08   Number         4  modbus_asc.o(.text.MBASC_Fun10)
    [Anonymous Symbol]                       0x08004e0c   Section        0  modbus_asc.o(.text.MBASC_Fun2B)
    __arm_cp.7_0                             0x08005060   Number         4  modbus_asc.o(.text.MBASC_Fun2B)
    __arm_cp.7_1                             0x08005064   Number         4  modbus_asc.o(.text.MBASC_Fun2B)
    __arm_cp.7_4                             0x08005068   Number         4  modbus_asc.o(.text.MBASC_Fun2B)
    __arm_cp.7_5                             0x0800506c   Number         4  modbus_asc.o(.text.MBASC_Fun2B)
    __arm_cp.7_6                             0x08005070   Number         4  modbus_asc.o(.text.MBASC_Fun2B)
    __arm_cp.7_7                             0x08005074   Number         4  modbus_asc.o(.text.MBASC_Fun2B)
    [Anonymous Symbol]                       0x08005078   Section        0  modbus_asc.o(.text.MBASC_Fun41)
    __arm_cp.9_0                             0x08005148   Number         4  modbus_asc.o(.text.MBASC_Fun41)
    __arm_cp.9_1                             0x0800514c   Number         4  modbus_asc.o(.text.MBASC_Fun41)
    __arm_cp.9_2                             0x08005150   Number         4  modbus_asc.o(.text.MBASC_Fun41)
    [Anonymous Symbol]                       0x08005154   Section        0  modbus_asc.o(.text.MBASC_Function)
    __arm_cp.11_0                            0x08005270   Number         4  modbus_asc.o(.text.MBASC_Function)
    __arm_cp.11_1                            0x08005274   Number         4  modbus_asc.o(.text.MBASC_Function)
    __arm_cp.11_2                            0x08005278   Number         4  modbus_asc.o(.text.MBASC_Function)
    __arm_cp.11_3                            0x0800527c   Number         4  modbus_asc.o(.text.MBASC_Function)
    __arm_cp.11_4                            0x08005280   Number         4  modbus_asc.o(.text.MBASC_Function)
    [Anonymous Symbol]                       0x08005284   Section        0  modbus_asc.o(.text.MBASC_GetSlaveAddr)
    [Anonymous Symbol]                       0x08005290   Section        0  modbus_asc.o(.text.MBASC_SendErr)
    __arm_cp.3_0                             0x080052d0   Number         4  modbus_asc.o(.text.MBASC_SendErr)
    __arm_cp.3_1                             0x080052d4   Number         4  modbus_asc.o(.text.MBASC_SendErr)
    [Anonymous Symbol]                       0x080052d8   Section        0  modbus_asc.o(.text.MBASC_SendMsg)
    [Anonymous Symbol]                       0x08005304   Section        0  modbus_asc.o(.text.MBASC_SendMsg_NoLimit)
    [Anonymous Symbol]                       0x0800532a   Section        0  modbus_ascii.o(.text.MODBUS_ASCII_AsciiPacketToRtuPacket)
    [Anonymous Symbol]                       0x0800539e   Section        0  modbus_ascii.o(.text.MODBUS_ASCII_AsciiToHex)
    [Anonymous Symbol]                       0x08005444   Section        0  modbus_ascii.o(.text.MODBUS_ASCII_CheckAscii)
    [Anonymous Symbol]                       0x080054f2   Section        0  modbus_ascii.o(.text.MODBUS_ASCII_GetLrc)
    [Anonymous Symbol]                       0x08005574   Section        0  modbus_ascii.o(.text.MODBUS_ASCII_HandlRevData)
    __arm_cp.5_0                             0x08005674   Number         4  modbus_ascii.o(.text.MODBUS_ASCII_HandlRevData)
    __arm_cp.5_4                             0x08005678   Number         4  modbus_ascii.o(.text.MODBUS_ASCII_HandlRevData)
    [Anonymous Symbol]                       0x0800567c   Section        0  modbus_ascii.o(.text.MODBUS_ASCII_HexToAscii)
    [Anonymous Symbol]                       0x080056d8   Section        0  modbus_ascii.o(.text.MODBUS_ASCII_RecvData)
    __arm_cp.7_0                             0x080057a8   Number         4  modbus_ascii.o(.text.MODBUS_ASCII_RecvData)
    __arm_cp.7_1                             0x080057ac   Number         4  modbus_ascii.o(.text.MODBUS_ASCII_RecvData)
    __arm_cp.7_2                             0x080057b0   Number         4  modbus_ascii.o(.text.MODBUS_ASCII_RecvData)
    [Anonymous Symbol]                       0x080057b4   Section        0  modbus_ascii.o(.text.MODBUS_ASCII_RtuPacketToAsciiPacket)
    [Anonymous Symbol]                       0x08005808   Section        0  modbus_ascii.o(.text.MODBUS_ASCII_SendData)
    [Anonymous Symbol]                       0x080058c8   Section        0  modbus_ascii.o(.text.MODBUS_ASCII_SendData1)
    __arm_cp.9_0                             0x08005988   Number         4  modbus_ascii.o(.text.MODBUS_ASCII_SendData1)
    __arm_cp.9_1                             0x0800598c   Number         4  modbus_ascii.o(.text.MODBUS_ASCII_SendData1)
    [Anonymous Symbol]                       0x08005990   Section        0  gd32e230_it.o(.text.NMI_Handler)
    [Anonymous Symbol]                       0x08005992   Section        0  gd32e230_it.o(.text.PendSV_Handler)
    [Anonymous Symbol]                       0x08005994   Section        0  para.o(.text.ReadPara)
    __arm_cp.0_0                             0x08005a08   Number         4  para.o(.text.ReadPara)
    __arm_cp.0_1                             0x08005a0c   Number         4  para.o(.text.ReadPara)
    __arm_cp.0_2                             0x08005a10   Number         4  para.o(.text.ReadPara)
    [Anonymous Symbol]                       0x08005a14   Section        0  gd32e230_it.o(.text.SVC_Handler)
    [Anonymous Symbol]                       0x08005a16   Section        0  gd32e230_it.o(.text.SysTick_Handler)
    [Anonymous Symbol]                       0x08005a20   Section        0  system_gd32e230.o(.text.SystemInit)
    __arm_cp.0_0                             0x08005aa8   Number         4  system_gd32e230.o(.text.SystemInit)
    __arm_cp.0_1                             0x08005aac   Number         4  system_gd32e230.o(.text.SystemInit)
    __arm_cp.0_2                             0x08005ab0   Number         4  system_gd32e230.o(.text.SystemInit)
    __arm_cp.0_3                             0x08005ab4   Number         4  system_gd32e230.o(.text.SystemInit)
    __arm_cp.0_4                             0x08005ab8   Number         4  system_gd32e230.o(.text.SystemInit)
    __arm_cp.0_5                             0x08005abc   Number         4  system_gd32e230.o(.text.SystemInit)
    __arm_cp.0_6                             0x08005ac0   Number         4  system_gd32e230.o(.text.SystemInit)
    __arm_cp.0_7                             0x08005ac4   Number         4  system_gd32e230.o(.text.SystemInit)
    __arm_cp.0_8                             0x08005ac8   Number         4  system_gd32e230.o(.text.SystemInit)
    [Anonymous Symbol]                       0x08005acc   Section        0  timer.o(.text.TIMER0_Channel_IRQHandler)
    __arm_cp.2_0                             0x08005b70   Number         4  timer.o(.text.TIMER0_Channel_IRQHandler)
    __arm_cp.2_1                             0x08005b74   Number         4  timer.o(.text.TIMER0_Channel_IRQHandler)
    __arm_cp.2_2                             0x08005b78   Number         4  timer.o(.text.TIMER0_Channel_IRQHandler)
    __arm_cp.2_3                             0x08005b7c   Number         4  timer.o(.text.TIMER0_Channel_IRQHandler)
    __arm_cp.2_4                             0x08005b80   Number         4  timer.o(.text.TIMER0_Channel_IRQHandler)
    [Anonymous Symbol]                       0x08005b84   Section        0  timer.o(.text.TIMER15_IRQHandler)
    __arm_cp.4_1                             0x08005bb4   Number         4  timer.o(.text.TIMER15_IRQHandler)
    [Anonymous Symbol]                       0x08005bb8   Section        0  timer.o(.text.TIMER15_Init)
    __arm_cp.1_0                             0x08005c0c   Number         4  timer.o(.text.TIMER15_Init)
    __arm_cp.1_1                             0x08005c10   Number         4  timer.o(.text.TIMER15_Init)
    [Anonymous Symbol]                       0x08005c14   Section        0  timer.o(.text.TIMER2_IRQHandler)
    __arm_cp.3_1                             0x08005c44   Number         4  timer.o(.text.TIMER2_IRQHandler)
    [Anonymous Symbol]                       0x08005c48   Section        0  timer.o(.text.TIMER2_Init)
    __arm_cp.0_0                             0x08005c9c   Number         4  timer.o(.text.TIMER2_Init)
    __arm_cp.0_1                             0x08005ca0   Number         4  timer.o(.text.TIMER2_Init)
    __arm_cp.0_2                             0x08005ca4   Number         4  timer.o(.text.TIMER2_Init)
    __arm_cp.0_3                             0x08005ca8   Number         4  timer.o(.text.TIMER2_Init)
    TemData_Handle                           0x08005cad   Thumb Code   472  main.o(.text.TemData_Handle)
    [Anonymous Symbol]                       0x08005cac   Section        0  main.o(.text.TemData_Handle)
    __arm_cp.6_0                             0x08005e54   Number         4  main.o(.text.TemData_Handle)
    __arm_cp.6_1                             0x08005e58   Number         4  main.o(.text.TemData_Handle)
    __arm_cp.6_2                             0x08005e5c   Number         4  main.o(.text.TemData_Handle)
    __arm_cp.6_3                             0x08005e60   Number         4  main.o(.text.TemData_Handle)
    __arm_cp.6_4                             0x08005e64   Number         4  main.o(.text.TemData_Handle)
    __arm_cp.6_5                             0x08005e68   Number         4  main.o(.text.TemData_Handle)
    __arm_cp.6_6                             0x08005e6c   Number         4  main.o(.text.TemData_Handle)
    __arm_cp.6_7                             0x08005e70   Number         4  main.o(.text.TemData_Handle)
    __arm_cp.6_8                             0x08005e74   Number         4  main.o(.text.TemData_Handle)
    __arm_cp.6_9                             0x08005e78   Number         4  main.o(.text.TemData_Handle)
    __arm_cp.6_10                            0x08005e7c   Number         4  main.o(.text.TemData_Handle)
    __arm_cp.6_11                            0x08005e80   Number         4  main.o(.text.TemData_Handle)
    [Anonymous Symbol]                       0x08005e84   Section        0  gd32e230c_eval.o(.text.UARTx_SendData)
    __arm_cp.9_1                             0x08005f24   Number         4  gd32e230c_eval.o(.text.UARTx_SendData)
    [Anonymous Symbol]                       0x08005f28   Section        0  gd32e230c_eval.o(.text.USART1_IRQHandler)
    __arm_cp.8_0                             0x08005fe0   Number         4  gd32e230c_eval.o(.text.USART1_IRQHandler)
    __arm_cp.8_2                             0x08005fe4   Number         4  gd32e230c_eval.o(.text.USART1_IRQHandler)
    __arm_cp.8_3                             0x08005fe8   Number         4  gd32e230c_eval.o(.text.USART1_IRQHandler)
    __arm_cp.8_4                             0x08005fec   Number         4  gd32e230c_eval.o(.text.USART1_IRQHandler)
    __arm_cp.8_5                             0x08005ff0   Number         4  gd32e230c_eval.o(.text.USART1_IRQHandler)
    __arm_cp.8_6                             0x08005ff4   Number         4  gd32e230c_eval.o(.text.USART1_IRQHandler)
    __arm_cp.8_7                             0x08005ff8   Number         4  gd32e230c_eval.o(.text.USART1_IRQHandler)
    __arm_cp.8_8                             0x08005ffc   Number         4  gd32e230c_eval.o(.text.USART1_IRQHandler)
    __NVIC_EnableIRQ                         0x08006001   Thumb Code    52  gd32e230_misc.o(.text.__NVIC_EnableIRQ)
    [Anonymous Symbol]                       0x08006000   Section        0  gd32e230_misc.o(.text.__NVIC_EnableIRQ)
    __arm_cp.2_0                             0x08006030   Number         4  gd32e230_misc.o(.text.__NVIC_EnableIRQ)
    __NVIC_SetPriority                       0x08006035   Thumb Code   136  gd32e230_misc.o(.text.__NVIC_SetPriority)
    [Anonymous Symbol]                       0x08006034   Section        0  gd32e230_misc.o(.text.__NVIC_SetPriority)
    __arm_cp.1_0                             0x080060b4   Number         4  gd32e230_misc.o(.text.__NVIC_SetPriority)
    __arm_cp.1_1                             0x080060b8   Number         4  gd32e230_misc.o(.text.__NVIC_SetPriority)
    __NVIC_SystemReset                       0x080060bd   Thumb Code    28  modbus_asc.o(.text.__NVIC_SystemReset)
    [Anonymous Symbol]                       0x080060bc   Section        0  modbus_asc.o(.text.__NVIC_SystemReset)
    __arm_cp.10_0                            0x080060d0   Number         4  modbus_asc.o(.text.__NVIC_SystemReset)
    __arm_cp.10_1                            0x080060d4   Number         4  modbus_asc.o(.text.__NVIC_SystemReset)
    [Anonymous Symbol]                       0x080060d8   Section        0  main.o(.text.com_gpio_init)
    __arm_cp.4_0                             0x08006144   Number         4  main.o(.text.com_gpio_init)
    [Anonymous Symbol]                       0x08006148   Section        0  main.o(.text.com_usart_init)
    __arm_cp.5_0                             0x0800621c   Number         4  main.o(.text.com_usart_init)
    __arm_cp.5_1                             0x08006220   Number         4  main.o(.text.com_usart_init)
    __arm_cp.5_2                             0x08006224   Number         4  main.o(.text.com_usart_init)
    [Anonymous Symbol]                       0x08006228   Section        0  ds18b20.o(.text.delay_15us)
    [Anonymous Symbol]                       0x08006242   Section        0  ds18b20.o(.text.delay_60us)
    [Anonymous Symbol]                       0x0800625e   Section        0  ds18b20.o(.text.delay_750us)
    [Anonymous Symbol]                       0x0800627c   Section        0  systick.o(.text.delay_decrement)
    __arm_cp.4_0                             0x08006294   Number         4  systick.o(.text.delay_decrement)
    [Anonymous Symbol]                       0x08006298   Section        0  ds18b20.o(.text.delay_us)
    [Anonymous Symbol]                       0x080062b0   Section        0  flash.o(.text.flash_read_multi)
    __arm_cp.1_0                             0x080062fc   Number         4  flash.o(.text.flash_read_multi)
    [Anonymous Symbol]                       0x08006300   Section        0  gd32e230_fmc.o(.text.fmc_flag_clear)
    [Anonymous Symbol]                       0x08006310   Section        0  gd32e230_fmc.o(.text.fmc_lock)
    [Anonymous Symbol]                       0x0800631c   Section        0  gd32e230_fmc.o(.text.fmc_page_erase)
    __arm_cp.5_1                             0x08006374   Number         4  gd32e230_fmc.o(.text.fmc_page_erase)
    [Anonymous Symbol]                       0x08006378   Section        0  gd32e230_fmc.o(.text.fmc_ready_wait)
    [Anonymous Symbol]                       0x080063d4   Section        0  gd32e230_fmc.o(.text.fmc_state_get)
    __arm_cp.29_0                            0x08006424   Number         4  gd32e230_fmc.o(.text.fmc_state_get)
    [Anonymous Symbol]                       0x08006428   Section        0  gd32e230_fmc.o(.text.fmc_unlock)
    __arm_cp.0_1                             0x08006444   Number         4  gd32e230_fmc.o(.text.fmc_unlock)
    __arm_cp.0_2                             0x08006448   Number         4  gd32e230_fmc.o(.text.fmc_unlock)
    __arm_cp.0_3                             0x0800644c   Number         4  gd32e230_fmc.o(.text.fmc_unlock)
    [Anonymous Symbol]                       0x08006450   Section        0  gd32e230_fmc.o(.text.fmc_word_program)
    __arm_cp.9_0                             0x080064a4   Number         4  gd32e230_fmc.o(.text.fmc_word_program)
    [Anonymous Symbol]                       0x080064a8   Section        0  gd32e230_fwdgt.o(.text.fwdgt_config)
    __arm_cp.7_0                             0x08006578   Number         4  gd32e230_fwdgt.o(.text.fwdgt_config)
    __arm_cp.7_2                             0x0800657c   Number         4  gd32e230_fwdgt.o(.text.fwdgt_config)
    __arm_cp.7_3                             0x08006580   Number         4  gd32e230_fwdgt.o(.text.fwdgt_config)
    __arm_cp.7_4                             0x08006584   Number         4  gd32e230_fwdgt.o(.text.fwdgt_config)
    __arm_cp.7_5                             0x08006588   Number         4  gd32e230_fwdgt.o(.text.fwdgt_config)
    __arm_cp.7_6                             0x0800658c   Number         4  gd32e230_fwdgt.o(.text.fwdgt_config)
    [Anonymous Symbol]                       0x08006590   Section        0  gd32e230_fwdgt.o(.text.fwdgt_counter_reload)
    __arm_cp.6_1                             0x08006598   Number         4  gd32e230_fwdgt.o(.text.fwdgt_counter_reload)
    [Anonymous Symbol]                       0x0800659c   Section        0  gd32e230_fwdgt.o(.text.fwdgt_enable)
    __arm_cp.2_0                             0x080065a4   Number         4  gd32e230_fwdgt.o(.text.fwdgt_enable)
    __arm_cp.2_1                             0x080065a8   Number         4  gd32e230_fwdgt.o(.text.fwdgt_enable)
    [Anonymous Symbol]                       0x080065ac   Section        0  gd32e230_gpio.o(.text.gpio_af_set)
    [Anonymous Symbol]                       0x08006670   Section        0  gd32e230_gpio.o(.text.gpio_bit_reset)
    [Anonymous Symbol]                       0x08006680   Section        0  gd32e230_gpio.o(.text.gpio_bit_set)
    [Anonymous Symbol]                       0x08006690   Section        0  gd32e230_gpio.o(.text.gpio_bit_write)
    [Anonymous Symbol]                       0x080066b8   Section        0  gd32e230_gpio.o(.text.gpio_input_bit_get)
    [Anonymous Symbol]                       0x080066e2   Section        0  gd32e230_gpio.o(.text.gpio_mode_set)
    [Anonymous Symbol]                       0x08006772   Section        0  gd32e230_gpio.o(.text.gpio_output_options_set)
    [Anonymous Symbol]                       0x08006800   Section        0  main.o(.text.main)
    __arm_cp.3_0                             0x080068a4   Number         4  main.o(.text.main)
    __arm_cp.3_1                             0x080068a8   Number         4  main.o(.text.main)
    __arm_cp.3_2                             0x080068ac   Number         4  main.o(.text.main)
    __arm_cp.3_3                             0x080068b0   Number         4  main.o(.text.main)
    __arm_cp.3_4                             0x080068b4   Number         4  main.o(.text.main)
    __arm_cp.3_5                             0x080068b8   Number         4  main.o(.text.main)
    __arm_cp.3_6                             0x080068bc   Number         4  main.o(.text.main)
    [Anonymous Symbol]                       0x080068c0   Section        0  gd32e230_misc.o(.text.nvic_irq_enable)
    [Anonymous Symbol]                       0x080068f4   Section        0  gd32e230_misc.o(.text.nvic_vector_table_set)
    __arm_cp.7_0                             0x0800690c   Number         4  gd32e230_misc.o(.text.nvic_vector_table_set)
    __arm_cp.7_1                             0x08006910   Number         4  gd32e230_misc.o(.text.nvic_vector_table_set)
    [Anonymous Symbol]                       0x08006914   Section        0  gd32e230_rcu.o(.text.rcu_clock_freq_get)
    __arm_cp.38_0                            0x08006b74   Number         4  gd32e230_rcu.o(.text.rcu_clock_freq_get)
    __arm_cp.38_1                            0x08006b78   Number         4  gd32e230_rcu.o(.text.rcu_clock_freq_get)
    __arm_cp.38_2                            0x08006b7c   Number         4  gd32e230_rcu.o(.text.rcu_clock_freq_get)
    __arm_cp.38_3                            0x08006b80   Number         4  gd32e230_rcu.o(.text.rcu_clock_freq_get)
    __arm_cp.38_4                            0x08006b84   Number         4  gd32e230_rcu.o(.text.rcu_clock_freq_get)
    __arm_cp.38_5                            0x08006b88   Number         4  gd32e230_rcu.o(.text.rcu_clock_freq_get)
    __arm_cp.38_6                            0x08006b8c   Number         4  gd32e230_rcu.o(.text.rcu_clock_freq_get)
    __arm_cp.38_7                            0x08006b90   Number         4  gd32e230_rcu.o(.text.rcu_clock_freq_get)
    __arm_cp.38_8                            0x08006b94   Number         4  gd32e230_rcu.o(.text.rcu_clock_freq_get)
    [Anonymous Symbol]                       0x08006b98   Section        0  gd32e230_rcu.o(.text.rcu_flag_get)
    [Anonymous Symbol]                       0x08006bd0   Section        0  gd32e230_rcu.o(.text.rcu_osci_on)
    [Anonymous Symbol]                       0x08006bf4   Section        0  gd32e230_rcu.o(.text.rcu_osci_stab_wait)
    __arm_cp.27_0                            0x08006e38   Number         4  gd32e230_rcu.o(.text.rcu_osci_stab_wait)
    __arm_cp.27_1                            0x08006e3c   Number         4  gd32e230_rcu.o(.text.rcu_osci_stab_wait)
    __arm_cp.27_2                            0x08006e40   Number         4  gd32e230_rcu.o(.text.rcu_osci_stab_wait)
    __arm_cp.27_3                            0x08006e44   Number         4  gd32e230_rcu.o(.text.rcu_osci_stab_wait)
    __arm_cp.27_4                            0x08006e48   Number         4  gd32e230_rcu.o(.text.rcu_osci_stab_wait)
    [Anonymous Symbol]                       0x08006e4c   Section        0  gd32e230_rcu.o(.text.rcu_periph_clock_enable)
    [Anonymous Symbol]                       0x08006e70   Section        0  gd32e230_rcu.o(.text.rcu_periph_reset_disable)
    [Anonymous Symbol]                       0x08006e94   Section        0  gd32e230_rcu.o(.text.rcu_periph_reset_enable)
    __arm_cp.5_0                             0x08006eb8   Number         4  gd32e230_rcu.o(.text.rcu_periph_reset_enable)
    [Anonymous Symbol]                       0x08006ebc   Section        0  main.o(.text.rs485_Init)
    __arm_cp.1_0                             0x08006ef4   Number         4  main.o(.text.rs485_Init)
    system_clock_72m_irc8m                   0x08006ef9   Thumb Code   228  system_gd32e230.o(.text.system_clock_72m_irc8m)
    [Anonymous Symbol]                       0x08006ef8   Section        0  system_gd32e230.o(.text.system_clock_72m_irc8m)
    __arm_cp.3_0                             0x08006fc8   Number         4  system_gd32e230.o(.text.system_clock_72m_irc8m)
    __arm_cp.3_1                             0x08006fcc   Number         4  system_gd32e230.o(.text.system_clock_72m_irc8m)
    __arm_cp.3_2                             0x08006fd0   Number         4  system_gd32e230.o(.text.system_clock_72m_irc8m)
    __arm_cp.3_3                             0x08006fd4   Number         4  system_gd32e230.o(.text.system_clock_72m_irc8m)
    __arm_cp.3_4                             0x08006fd8   Number         4  system_gd32e230.o(.text.system_clock_72m_irc8m)
    system_clock_config                      0x08006fdd   Thumb Code     8  system_gd32e230.o(.text.system_clock_config)
    [Anonymous Symbol]                       0x08006fdc   Section        0  system_gd32e230.o(.text.system_clock_config)
    [Anonymous Symbol]                       0x08006fe4   Section        0  gd32e230_timer.o(.text.timer_auto_reload_shadow_enable)
    [Anonymous Symbol]                       0x08006ff8   Section        0  gd32e230_timer.o(.text.timer_deinit)
    __arm_cp.0_1                             0x080070c0   Number         4  gd32e230_timer.o(.text.timer_deinit)
    __arm_cp.0_7                             0x080070c4   Number         4  gd32e230_timer.o(.text.timer_deinit)
    __arm_cp.0_8                             0x080070c8   Number         4  gd32e230_timer.o(.text.timer_deinit)
    __arm_cp.0_9                             0x080070cc   Number         4  gd32e230_timer.o(.text.timer_deinit)
    __arm_cp.0_10                            0x080070d0   Number         4  gd32e230_timer.o(.text.timer_deinit)
    __arm_cp.0_11                            0x080070d4   Number         4  gd32e230_timer.o(.text.timer_deinit)
    [Anonymous Symbol]                       0x080070d8   Section        0  gd32e230_timer.o(.text.timer_disable)
    [Anonymous Symbol]                       0x080070ea   Section        0  gd32e230_timer.o(.text.timer_enable)
    [Anonymous Symbol]                       0x080070fc   Section        0  gd32e230_timer.o(.text.timer_init)
    __arm_cp.2_0                             0x080071e0   Number         4  gd32e230_timer.o(.text.timer_init)
    __arm_cp.2_1                             0x080071e4   Number         4  gd32e230_timer.o(.text.timer_init)
    __arm_cp.2_2                             0x080071e8   Number         4  gd32e230_timer.o(.text.timer_init)
    __arm_cp.2_3                             0x080071ec   Number         4  gd32e230_timer.o(.text.timer_init)
    __arm_cp.2_4                             0x080071f0   Number         4  gd32e230_timer.o(.text.timer_init)
    __arm_cp.2_5                             0x080071f4   Number         4  gd32e230_timer.o(.text.timer_init)
    [Anonymous Symbol]                       0x080071f8   Section        0  gd32e230_timer.o(.text.timer_interrupt_disable)
    [Anonymous Symbol]                       0x0800720c   Section        0  gd32e230_timer.o(.text.timer_interrupt_enable)
    [Anonymous Symbol]                       0x08007220   Section        0  gd32e230_timer.o(.text.timer_interrupt_flag_clear)
    [Anonymous Symbol]                       0x08007234   Section        0  gd32e230_timer.o(.text.timer_interrupt_flag_get)
    [Anonymous Symbol]                       0x08007270   Section        0  gd32e230_usart.o(.text.usart_baudrate_set)
    __arm_cp.1_2                             0x0800731c   Number         4  gd32e230_usart.o(.text.usart_baudrate_set)
    [Anonymous Symbol]                       0x08007320   Section        0  gd32e230_usart.o(.text.usart_data_receive)
    [Anonymous Symbol]                       0x08007330   Section        0  gd32e230_usart.o(.text.usart_data_transmit)
    __arm_cp.18_0                            0x08007344   Number         4  gd32e230_usart.o(.text.usart_data_transmit)
    [Anonymous Symbol]                       0x08007348   Section        0  gd32e230_usart.o(.text.usart_deinit)
    __arm_cp.0_0                             0x0800738c   Number         4  gd32e230_usart.o(.text.usart_deinit)
    __arm_cp.0_1                             0x08007390   Number         4  gd32e230_usart.o(.text.usart_deinit)
    __arm_cp.0_2                             0x08007394   Number         4  gd32e230_usart.o(.text.usart_deinit)
    __arm_cp.0_3                             0x08007398   Number         4  gd32e230_usart.o(.text.usart_deinit)
    [Anonymous Symbol]                       0x0800739c   Section        0  gd32e230_usart.o(.text.usart_enable)
    [Anonymous Symbol]                       0x080073ae   Section        0  gd32e230_usart.o(.text.usart_interrupt_disable)
    [Anonymous Symbol]                       0x080073d4   Section        0  gd32e230_usart.o(.text.usart_interrupt_enable)
    [Anonymous Symbol]                       0x080073fc   Section        0  gd32e230_usart.o(.text.usart_interrupt_flag_clear)
    __arm_cp.73_0                            0x08007438   Number         4  gd32e230_usart.o(.text.usart_interrupt_flag_clear)
    [Anonymous Symbol]                       0x0800743c   Section        0  gd32e230_usart.o(.text.usart_interrupt_flag_get)
    [Anonymous Symbol]                       0x080074a2   Section        0  gd32e230_usart.o(.text.usart_receive_config)
    [Anonymous Symbol]                       0x080074c0   Section        0  gd32e230_usart.o(.text.usart_transmit_config)
    i.__scatterload_copy                     0x080074de   Section       14  handlers.o(i.__scatterload_copy)
    i.__scatterload_null                     0x080074ec   Section        2  handlers.o(i.__scatterload_null)
    i.__scatterload_zeroinit                 0x080074ee   Section       14  handlers.o(i.__scatterload_zeroinit)
    User_Default_Param                       0x20000000   Data          12  para.o(.data.User_Default_Param)
    [Anonymous Symbol]                       0x20000000   Section        0  para.o(.data.User_Default_Param)
    g_cyRevState                             0x2000000c   Data           1  modbus_ascii.o(.data.g_cyRevState)
    [Anonymous Symbol]                       0x2000000c   Section        0  modbus_ascii.o(.data.g_cyRevState)
    Flash_Buf                                0x20000024   Data        4096  flash.o(.bss.Flash_Buf)
    [Anonymous Symbol]                       0x20000024   Section        0  flash.o(.bss.Flash_Buf)
    TemData_Handle.ReadTemCnt                0x20001090   Data           4  main.o(.bss.TemData_Handle.ReadTemCnt)
    [Anonymous Symbol]                       0x20001090   Section        0  main.o(.bss.TemData_Handle.ReadTemCnt)
    TemData_Handle.TemCountCnt               0x20001094   Data           4  main.o(.bss.TemData_Handle.TemCountCnt)
    [Anonymous Symbol]                       0x20001094   Section        0  main.o(.bss.TemData_Handle.TemCountCnt)
    delay                                    0x200017c4   Data           4  systick.o(.bss.delay)
    [Anonymous Symbol]                       0x200017c4   Section        0  systick.o(.bss.delay)
    g_cyRevBufffLen                          0x200017c8   Data           2  modbus_ascii.o(.bss.g_cyRevBufffLen)
    [Anonymous Symbol]                       0x200017c8   Section        0  modbus_ascii.o(.bss.g_cyRevBufffLen)
    STACK                                    0x200017e0   Section     1024  startup_gd32e230.o(STACK)

    Global Symbols

    Symbol Name                              Value     Ov Type        Size  Object(Section)

    BuildAttributes$$THM_ISAv3M$S$8M$PE$A:L22$X:L11$S22$IEEE1$IW$~IW$USESV6$~STKCKD$USESV7$~SHL$OSPACE$EBA8$MICROLIB$REQ8$PRES8$EABIv2 0x00000000   Number         0  anon$$obj.o ABSOLUTE
    __cpp_initialize__aeabi_                  - Undefined Weak Reference
    __cxa_finalize                            - Undefined Weak Reference
    __decompress                              - Undefined Weak Reference
    _clock_init                               - Undefined Weak Reference
    _microlib_exit                            - Undefined Weak Reference
    __Vectors_Size                           0x000000cc   Number         0  startup_gd32e230.o ABSOLUTE
    __Vectors                                0x08004000   Data           4  startup_gd32e230.o(RESET)
    __Vectors_End                            0x080040cc   Data           0  startup_gd32e230.o(RESET)
    __main                                   0x080040cd   Thumb Code     0  entry.o(.ARM.Collect$$$$00000000)
    _main_stk                                0x080040cd   Thumb Code     0  entry2.o(.ARM.Collect$$$$00000001)
    _main_scatterload                        0x080040d1   Thumb Code     0  entry5.o(.ARM.Collect$$$$00000004)
    __main_after_scatterload                 0x080040d5   Thumb Code     0  entry5.o(.ARM.Collect$$$$00000004)
    _main_clock                              0x080040d5   Thumb Code     0  entry7b.o(.ARM.Collect$$$$00000008)
    _main_cpp_init                           0x080040d5   Thumb Code     0  entry8b.o(.ARM.Collect$$$$0000000A)
    _main_init                               0x080040d5   Thumb Code     0  entry9a.o(.ARM.Collect$$$$0000000B)
    __rt_final_cpp                           0x080040dd   Thumb Code     0  entry10a.o(.ARM.Collect$$$$0000000D)
    __rt_final_exit                          0x080040dd   Thumb Code     0  entry11a.o(.ARM.Collect$$$$0000000F)
    Reset_Handler                            0x080040e1   Thumb Code     8  startup_gd32e230.o(.text)
    ADC_CMP_IRQHandler                       0x080040f3   Thumb Code     0  startup_gd32e230.o(.text)
    DMA_Channel0_IRQHandler                  0x080040f3   Thumb Code     0  startup_gd32e230.o(.text)
    DMA_Channel1_2_IRQHandler                0x080040f3   Thumb Code     0  startup_gd32e230.o(.text)
    DMA_Channel3_4_IRQHandler                0x080040f3   Thumb Code     0  startup_gd32e230.o(.text)
    EXTI0_1_IRQHandler                       0x080040f3   Thumb Code     0  startup_gd32e230.o(.text)
    EXTI2_3_IRQHandler                       0x080040f3   Thumb Code     0  startup_gd32e230.o(.text)
    EXTI4_15_IRQHandler                      0x080040f3   Thumb Code     0  startup_gd32e230.o(.text)
    FMC_IRQHandler                           0x080040f3   Thumb Code     0  startup_gd32e230.o(.text)
    I2C0_ER_IRQHandler                       0x080040f3   Thumb Code     0  startup_gd32e230.o(.text)
    I2C0_EV_IRQHandler                       0x080040f3   Thumb Code     0  startup_gd32e230.o(.text)
    I2C1_ER_IRQHandler                       0x080040f3   Thumb Code     0  startup_gd32e230.o(.text)
    I2C1_EV_IRQHandler                       0x080040f3   Thumb Code     0  startup_gd32e230.o(.text)
    LVD_IRQHandler                           0x080040f3   Thumb Code     0  startup_gd32e230.o(.text)
    RCU_IRQHandler                           0x080040f3   Thumb Code     0  startup_gd32e230.o(.text)
    RTC_IRQHandler                           0x080040f3   Thumb Code     0  startup_gd32e230.o(.text)
    SPI0_IRQHandler                          0x080040f3   Thumb Code     0  startup_gd32e230.o(.text)
    SPI1_IRQHandler                          0x080040f3   Thumb Code     0  startup_gd32e230.o(.text)
    TIMER0_BRK_UP_TRG_COM_IRQHandler         0x080040f3   Thumb Code     0  startup_gd32e230.o(.text)
    TIMER13_IRQHandler                       0x080040f3   Thumb Code     0  startup_gd32e230.o(.text)
    TIMER14_IRQHandler                       0x080040f3   Thumb Code     0  startup_gd32e230.o(.text)
    TIMER16_IRQHandler                       0x080040f3   Thumb Code     0  startup_gd32e230.o(.text)
    TIMER5_IRQHandler                        0x080040f3   Thumb Code     0  startup_gd32e230.o(.text)
    USART0_IRQHandler                        0x080040f3   Thumb Code     0  startup_gd32e230.o(.text)
    WWDGT_IRQHandler                         0x080040f3   Thumb Code     0  startup_gd32e230.o(.text)
    __aeabi_memset                           0x080040fd   Thumb Code    14  memseta.o(.text)
    __aeabi_memset4                          0x080040fd   Thumb Code     0  memseta.o(.text)
    __aeabi_memset8                          0x080040fd   Thumb Code     0  memseta.o(.text)
    __aeabi_memclr                           0x0800410b   Thumb Code     4  memseta.o(.text)
    __aeabi_memclr4                          0x0800410b   Thumb Code     0  memseta.o(.text)
    __aeabi_memclr8                          0x0800410b   Thumb Code     0  memseta.o(.text)
    _memset$wrapper                          0x0800410f   Thumb Code    18  memseta.o(.text)
    __scatterload                            0x08004121   Thumb Code    28  init.o(.text)
    __scatterload_rt2                        0x08004121   Thumb Code     0  init.o(.text)
    DRV_IWDG_Init                            0x08004145   Thumb Code    52  main.o(.text.DRV_IWDG_Init)
    DS18B20_Check                            0x08004179   Thumb Code   226  ds18b20.o(.text.DS18B20_Check)
    DS18B20_Get_Temp                         0x0800425d   Thumb Code   160  ds18b20.o(.text.DS18B20_Get_Temp)
    DS18B20_Init                             0x080042fd   Thumb Code    16  ds18b20.o(.text.DS18B20_Init)
    DS18B20_Input                            0x0800430d   Thumb Code    48  ds18b20.o(.text.DS18B20_Input)
    DS18B20_Output                           0x0800433d   Thumb Code    52  ds18b20.o(.text.DS18B20_Output)
    DS18B20_Read_Bit                         0x08004371   Thumb Code    96  ds18b20.o(.text.DS18B20_Read_Bit)
    DS18B20_Read_Byte                        0x080043d1   Thumb Code    70  ds18b20.o(.text.DS18B20_Read_Byte)
    DS18B20_Rst                              0x08004417   Thumb Code    48  ds18b20.o(.text.DS18B20_Rst)
    DS18B20_Start                            0x08004447   Thumb Code    32  ds18b20.o(.text.DS18B20_Start)
    DS18B20_Write_Byte                       0x08004467   Thumb Code   156  ds18b20.o(.text.DS18B20_Write_Byte)
    Delay_1Ms                                0x08004503   Thumb Code    34  modbus_asc.o(.text.Delay_1Ms)
    Delay_Ms                                 0x08004525   Thumb Code    34  common.o(.text.Delay_Ms)
    Delayms                                  0x08004549   Thumb Code    92  gd32e230c_eval.o(.text.Delayms)
    Flash_Read_OneByte                       0x080045a5   Thumb Code    18  flash.o(.text.Flash_Read_OneByte)
    Flash_Write_MultiBytes                   0x080045b9   Thumb Code   296  flash.o(.text.Flash_Write_MultiBytes)
    HardFault_Handler                        0x080046e1   Thumb Code     4  gd32e230_it.o(.text.HardFault_Handler)
    MBASC_AutoUpLoadFrame                    0x080046e5   Thumb Code   128  modbus_asc.o(.text.MBASC_AutoUpLoadFrame)
    MBASC_Fun03                              0x08004765   Thumb Code   444  modbus_asc.o(.text.MBASC_Fun03)
    MBASC_Fun04                              0x08004921   Thumb Code   476  modbus_asc.o(.text.MBASC_Fun04)
    MBASC_Fun10                              0x08004afd   Thumb Code   784  modbus_asc.o(.text.MBASC_Fun10)
    MBASC_Fun2B                              0x08004e0d   Thumb Code   620  modbus_asc.o(.text.MBASC_Fun2B)
    MBASC_Fun41                              0x08005079   Thumb Code   220  modbus_asc.o(.text.MBASC_Fun41)
    MBASC_Function                           0x08005155   Thumb Code   304  modbus_asc.o(.text.MBASC_Function)
    MBASC_GetSlaveAddr                       0x08005285   Thumb Code    12  modbus_asc.o(.text.MBASC_GetSlaveAddr)
    MBASC_SendErr                            0x08005291   Thumb Code    72  modbus_asc.o(.text.MBASC_SendErr)
    MBASC_SendMsg                            0x080052d9   Thumb Code    44  modbus_asc.o(.text.MBASC_SendMsg)
    MBASC_SendMsg_NoLimit                    0x08005305   Thumb Code    38  modbus_asc.o(.text.MBASC_SendMsg_NoLimit)
    MODBUS_ASCII_AsciiPacketToRtuPacket      0x0800532b   Thumb Code   116  modbus_ascii.o(.text.MODBUS_ASCII_AsciiPacketToRtuPacket)
    MODBUS_ASCII_AsciiToHex                  0x0800539f   Thumb Code   166  modbus_ascii.o(.text.MODBUS_ASCII_AsciiToHex)
    MODBUS_ASCII_CheckAscii                  0x08005445   Thumb Code   174  modbus_ascii.o(.text.MODBUS_ASCII_CheckAscii)
    MODBUS_ASCII_GetLrc                      0x080054f3   Thumb Code   128  modbus_ascii.o(.text.MODBUS_ASCII_GetLrc)
    MODBUS_ASCII_HandlRevData                0x08005575   Thumb Code   264  modbus_ascii.o(.text.MODBUS_ASCII_HandlRevData)
    MODBUS_ASCII_HexToAscii                  0x0800567d   Thumb Code    90  modbus_ascii.o(.text.MODBUS_ASCII_HexToAscii)
    MODBUS_ASCII_RecvData                    0x080056d9   Thumb Code   220  modbus_ascii.o(.text.MODBUS_ASCII_RecvData)
    MODBUS_ASCII_RtuPacketToAsciiPacket      0x080057b5   Thumb Code    82  modbus_ascii.o(.text.MODBUS_ASCII_RtuPacketToAsciiPacket)
    MODBUS_ASCII_SendData                    0x08005809   Thumb Code   192  modbus_ascii.o(.text.MODBUS_ASCII_SendData)
    MODBUS_ASCII_SendData1                   0x080058c9   Thumb Code   200  modbus_ascii.o(.text.MODBUS_ASCII_SendData1)
    NMI_Handler                              0x08005991   Thumb Code     2  gd32e230_it.o(.text.NMI_Handler)
    PendSV_Handler                           0x08005993   Thumb Code     2  gd32e230_it.o(.text.PendSV_Handler)
    ReadPara                                 0x08005995   Thumb Code   128  para.o(.text.ReadPara)
    SVC_Handler                              0x08005a15   Thumb Code     2  gd32e230_it.o(.text.SVC_Handler)
    SysTick_Handler                          0x08005a17   Thumb Code     8  gd32e230_it.o(.text.SysTick_Handler)
    SystemInit                               0x08005a21   Thumb Code   172  system_gd32e230.o(.text.SystemInit)
    TIMER0_Channel_IRQHandler                0x08005acd   Thumb Code   184  timer.o(.text.TIMER0_Channel_IRQHandler)
    TIMER15_IRQHandler                       0x08005b85   Thumb Code    52  timer.o(.text.TIMER15_IRQHandler)
    TIMER15_Init                             0x08005bb9   Thumb Code    92  timer.o(.text.TIMER15_Init)
    TIMER2_IRQHandler                        0x08005c15   Thumb Code    52  timer.o(.text.TIMER2_IRQHandler)
    TIMER2_Init                              0x08005c49   Thumb Code   100  timer.o(.text.TIMER2_Init)
    UARTx_SendData                           0x08005e85   Thumb Code   164  gd32e230c_eval.o(.text.UARTx_SendData)
    USART1_IRQHandler                        0x08005f29   Thumb Code   216  gd32e230c_eval.o(.text.USART1_IRQHandler)
    com_gpio_init                            0x080060d9   Thumb Code   112  main.o(.text.com_gpio_init)
    com_usart_init                           0x08006149   Thumb Code   224  main.o(.text.com_usart_init)
    delay_15us                               0x08006229   Thumb Code    26  ds18b20.o(.text.delay_15us)
    delay_60us                               0x08006243   Thumb Code    28  ds18b20.o(.text.delay_60us)
    delay_750us                              0x0800625f   Thumb Code    28  ds18b20.o(.text.delay_750us)
    delay_decrement                          0x0800627d   Thumb Code    28  systick.o(.text.delay_decrement)
    delay_us                                 0x08006299   Thumb Code    24  ds18b20.o(.text.delay_us)
    flash_read_multi                         0x080062b1   Thumb Code    80  flash.o(.text.flash_read_multi)
    fmc_flag_clear                           0x08006301   Thumb Code    16  gd32e230_fmc.o(.text.fmc_flag_clear)
    fmc_lock                                 0x08006311   Thumb Code    12  gd32e230_fmc.o(.text.fmc_lock)
    fmc_page_erase                           0x0800631d   Thumb Code    92  gd32e230_fmc.o(.text.fmc_page_erase)
    fmc_ready_wait                           0x08006379   Thumb Code    90  gd32e230_fmc.o(.text.fmc_ready_wait)
    fmc_state_get                            0x080063d5   Thumb Code    84  gd32e230_fmc.o(.text.fmc_state_get)
    fmc_unlock                               0x08006429   Thumb Code    40  gd32e230_fmc.o(.text.fmc_unlock)
    fmc_word_program                         0x08006451   Thumb Code    88  gd32e230_fmc.o(.text.fmc_word_program)
    fwdgt_config                             0x080064a9   Thumb Code   232  gd32e230_fwdgt.o(.text.fwdgt_config)
    fwdgt_counter_reload                     0x08006591   Thumb Code    12  gd32e230_fwdgt.o(.text.fwdgt_counter_reload)
    fwdgt_enable                             0x0800659d   Thumb Code    16  gd32e230_fwdgt.o(.text.fwdgt_enable)
    gpio_af_set                              0x080065ad   Thumb Code   196  gd32e230_gpio.o(.text.gpio_af_set)
    gpio_bit_reset                           0x08006671   Thumb Code    16  gd32e230_gpio.o(.text.gpio_bit_reset)
    gpio_bit_set                             0x08006681   Thumb Code    16  gd32e230_gpio.o(.text.gpio_bit_set)
    gpio_bit_write                           0x08006691   Thumb Code    40  gd32e230_gpio.o(.text.gpio_bit_write)
    gpio_input_bit_get                       0x080066b9   Thumb Code    42  gd32e230_gpio.o(.text.gpio_input_bit_get)
    gpio_mode_set                            0x080066e3   Thumb Code   144  gd32e230_gpio.o(.text.gpio_mode_set)
    gpio_output_options_set                  0x08006773   Thumb Code   142  gd32e230_gpio.o(.text.gpio_output_options_set)
    main                                     0x08006801   Thumb Code   192  main.o(.text.main)
    nvic_irq_enable                          0x080068c1   Thumb Code    52  gd32e230_misc.o(.text.nvic_irq_enable)
    nvic_vector_table_set                    0x080068f5   Thumb Code    32  gd32e230_misc.o(.text.nvic_vector_table_set)
    rcu_clock_freq_get                       0x08006915   Thumb Code   644  gd32e230_rcu.o(.text.rcu_clock_freq_get)
    rcu_flag_get                             0x08006b99   Thumb Code    56  gd32e230_rcu.o(.text.rcu_flag_get)
    rcu_osci_on                              0x08006bd1   Thumb Code    36  gd32e230_rcu.o(.text.rcu_osci_on)
    rcu_osci_stab_wait                       0x08006bf5   Thumb Code   600  gd32e230_rcu.o(.text.rcu_osci_stab_wait)
    rcu_periph_clock_enable                  0x08006e4d   Thumb Code    36  gd32e230_rcu.o(.text.rcu_periph_clock_enable)
    rcu_periph_reset_disable                 0x08006e71   Thumb Code    36  gd32e230_rcu.o(.text.rcu_periph_reset_disable)
    rcu_periph_reset_enable                  0x08006e95   Thumb Code    40  gd32e230_rcu.o(.text.rcu_periph_reset_enable)
    rs485_Init                               0x08006ebd   Thumb Code    60  main.o(.text.rs485_Init)
    timer_auto_reload_shadow_enable          0x08006fe5   Thumb Code    18  gd32e230_timer.o(.text.timer_auto_reload_shadow_enable)
    timer_deinit                             0x08006ff9   Thumb Code   224  gd32e230_timer.o(.text.timer_deinit)
    timer_disable                            0x080070d9   Thumb Code    18  gd32e230_timer.o(.text.timer_disable)
    timer_enable                             0x080070eb   Thumb Code    18  gd32e230_timer.o(.text.timer_enable)
    timer_init                               0x080070fd   Thumb Code   252  gd32e230_timer.o(.text.timer_init)
    timer_interrupt_disable                  0x080071f9   Thumb Code    20  gd32e230_timer.o(.text.timer_interrupt_disable)
    timer_interrupt_enable                   0x0800720d   Thumb Code    20  gd32e230_timer.o(.text.timer_interrupt_enable)
    timer_interrupt_flag_clear               0x08007221   Thumb Code    20  gd32e230_timer.o(.text.timer_interrupt_flag_clear)
    timer_interrupt_flag_get                 0x08007235   Thumb Code    60  gd32e230_timer.o(.text.timer_interrupt_flag_get)
    usart_baudrate_set                       0x08007271   Thumb Code   176  gd32e230_usart.o(.text.usart_baudrate_set)
    usart_data_receive                       0x08007321   Thumb Code    16  gd32e230_usart.o(.text.usart_data_receive)
    usart_data_transmit                      0x08007331   Thumb Code    24  gd32e230_usart.o(.text.usart_data_transmit)
    usart_deinit                             0x08007349   Thumb Code    84  gd32e230_usart.o(.text.usart_deinit)
    usart_enable                             0x0800739d   Thumb Code    18  gd32e230_usart.o(.text.usart_enable)
    usart_interrupt_disable                  0x080073af   Thumb Code    38  gd32e230_usart.o(.text.usart_interrupt_disable)
    usart_interrupt_enable                   0x080073d5   Thumb Code    38  gd32e230_usart.o(.text.usart_interrupt_enable)
    usart_interrupt_flag_clear               0x080073fd   Thumb Code    64  gd32e230_usart.o(.text.usart_interrupt_flag_clear)
    usart_interrupt_flag_get                 0x0800743d   Thumb Code   102  gd32e230_usart.o(.text.usart_interrupt_flag_get)
    usart_receive_config                     0x080074a3   Thumb Code    30  gd32e230_usart.o(.text.usart_receive_config)
    usart_transmit_config                    0x080074c1   Thumb Code    30  gd32e230_usart.o(.text.usart_transmit_config)
    __scatterload_copy                       0x080074df   Thumb Code    14  handlers.o(i.__scatterload_copy)
    __scatterload_null                       0x080074ed   Thumb Code     2  handlers.o(i.__scatterload_null)
    __scatterload_zeroinit                   0x080074ef   Thumb Code    14  handlers.o(i.__scatterload_zeroinit)
    SensorSoftVersion                        0x080074fc   Data          10  modbus_asc.o(.rodata.SensorSoftVersion)
    Region$$Table$$Base                      0x08007508   Number         0  anon$$obj.o(Region$$Table)
    Region$$Table$$Limit                     0x08007528   Number         0  anon$$obj.o(Region$$Table)
    AutoUpLoad_counter                       0x20000010   Data           2  timer.o(.bss.AutoUpLoad_counter)
    CH0_cnt                                  0x20000012   Data           2  timer.o(.bss.CH0_cnt)
    CH1_cnt                                  0x20000014   Data           2  timer.o(.bss.CH1_cnt)
    Cur_Param                                0x20000016   Data          12  para.o(.bss.Cur_Param)
    PreTemp                                  0x20001024   Data           4  main.o(.bss.PreTemp)
    SendBuf                                  0x20001028   Data         100  modbus_asc.o(.bss.SendBuf)
    SendLen                                  0x2000108c   Data           1  modbus_asc.o(.bss.SendLen)
    Time_1s_flag                             0x20001098   Data           1  timer.o(.bss.Time_1s_flag)
    UARTx_RXBuff                             0x20001099   Data         600  gd32e230c_eval.o(.bss.UARTx_RXBuff)
    UARTx_RXBuffLen                          0x200012f1   Data           1  gd32e230c_eval.o(.bss.UARTx_RXBuffLen)
    UARTx_TXBUFF                             0x200012f2   Data         600  gd32e230c_eval.o(.bss.UARTx_TXBUFF)
    UartRecvFlag                             0x2000154a   Data           1  gd32e230c_eval.o(.bss.UartRecvFlag)
    UartRecvFrameOK                          0x2000154b   Data           1  modbus_ascii.o(.bss.UartRecvFrameOK)
    UserPara                                 0x2000154c   Data          28  para.o(.bss.UserPara)
    ch                                       0x20001568   Data           1  gd32e230c_eval.o(.bss.ch)
    cyAsciiBuff                              0x20001569   Data         600  modbus_ascii.o(.bss.cyAsciiBuff)
    i                                        0x200017ca   Data           2  main.o(.bss.i)
    j                                        0x200017cc   Data           1  main.o(.bss.j)
    pulse_flag0                              0x200017ce   Data           2  timer.o(.bss.pulse_flag0)
    pulse_flag1                              0x200017d0   Data           2  timer.o(.bss.pulse_flag1)
    red_temp                                 0x200017d4   Data           4  main.o(.bss.red_temp)
    temp                                     0x200017d8   Data           2  ds18b20.o(.bss.temp)
    u8SendIndex                              0x200017da   Data           1  gd32e230c_eval.o(.bss.u8SendIndex)
    u8SendNum                                0x200017db   Data           1  gd32e230c_eval.o(.bss.u8SendNum)
    __initial_sp                             0x20001be0   Data           0  startup_gd32e230.o(STACK)



==============================================================================

Memory Map of the image

  Image Entry point : 0x080040cd

  Load Region LR_IROM1 (Base: 0x08004000, Size: 0x00003538, Max: 0x00010000, ABSOLUTE)

    Execution Region ER_IROM1 (Exec base: 0x08004000, Load base: 0x08004000, Size: 0x00003528, Max: 0x00010000, ABSOLUTE)

    Exec Addr    Load Addr    Size         Type   Attr      Idx    E Section Name        Object

    0x08004000   0x08004000   0x000000cc   Data   RO         1494    RESET               startup_gd32e230.o
    0x080040cc   0x080040cc   0x00000000   Code   RO         1501  * .ARM.Collect$$$$00000000  mc_p.l(entry.o)
    0x080040cc   0x080040cc   0x00000004   Code   RO         1508    .ARM.Collect$$$$00000001  mc_p.l(entry2.o)
    0x080040d0   0x080040d0   0x00000004   Code   RO         1511    .ARM.Collect$$$$00000004  mc_p.l(entry5.o)
    0x080040d4   0x080040d4   0x00000000   Code   RO         1513    .ARM.Collect$$$$00000008  mc_p.l(entry7b.o)
    0x080040d4   0x080040d4   0x00000000   Code   RO         1515    .ARM.Collect$$$$0000000A  mc_p.l(entry8b.o)
    0x080040d4   0x080040d4   0x00000008   Code   RO         1516    .ARM.Collect$$$$0000000B  mc_p.l(entry9a.o)
    0x080040dc   0x080040dc   0x00000000   Code   RO         1518    .ARM.Collect$$$$0000000D  mc_p.l(entry10a.o)
    0x080040dc   0x080040dc   0x00000000   Code   RO         1520    .ARM.Collect$$$$0000000F  mc_p.l(entry11a.o)
    0x080040dc   0x080040dc   0x00000004   Code   RO         1509    .ARM.Collect$$$$00002712  mc_p.l(entry2.o)
    0x080040e0   0x080040e0   0x0000001c   Code   RO         1495    .text               startup_gd32e230.o
    0x080040fc   0x080040fc   0x00000024   Code   RO         1506    .text               mc_p.l(memseta.o)
    0x08004120   0x08004120   0x00000024   Code   RO         1524    .text               mc_p.l(init.o)
    0x08004144   0x08004144   0x00000034   Code   RO           27    .text.DRV_IWDG_Init  main.o
    0x08004178   0x08004178   0x000000e2   Code   RO          271    .text.DS18B20_Check  ds18b20.o
    0x0800425a   0x0800425a   0x00000002   PAD
    0x0800425c   0x0800425c   0x000000a0   Code   RO          281    .text.DS18B20_Get_Temp  ds18b20.o
    0x080042fc   0x080042fc   0x00000010   Code   RO          267    .text.DS18B20_Init  ds18b20.o
    0x0800430c   0x0800430c   0x00000030   Code   RO          265    .text.DS18B20_Input  ds18b20.o
    0x0800433c   0x0800433c   0x00000034   Code   RO          263    .text.DS18B20_Output  ds18b20.o
    0x08004370   0x08004370   0x00000060   Code   RO          273    .text.DS18B20_Read_Bit  ds18b20.o
    0x080043d0   0x080043d0   0x00000046   Code   RO          275    .text.DS18B20_Read_Byte  ds18b20.o
    0x08004416   0x08004416   0x00000030   Code   RO          269    .text.DS18B20_Rst   ds18b20.o
    0x08004446   0x08004446   0x00000020   Code   RO          279    .text.DS18B20_Start  ds18b20.o
    0x08004466   0x08004466   0x0000009c   Code   RO          277    .text.DS18B20_Write_Byte  ds18b20.o
    0x08004502   0x08004502   0x00000022   Code   RO          122    .text.Delay_1Ms     modbus_asc.o
    0x08004524   0x08004524   0x00000022   Code   RO           89    .text.Delay_Ms      common.o
    0x08004546   0x08004546   0x00000002   PAD
    0x08004548   0x08004548   0x0000005c   Code   RO         1460    .text.Delayms       gd32e230c_eval.o
    0x080045a4   0x080045a4   0x00000012   Code   RO          187    .text.Flash_Read_OneByte  flash.o
    0x080045b6   0x080045b6   0x00000002   PAD
    0x080045b8   0x080045b8   0x00000128   Code   RO          195    .text.Flash_Write_MultiBytes  flash.o
    0x080046e0   0x080046e0   0x00000004   Code   RO            4    .text.HardFault_Handler  gd32e230_it.o
    0x080046e4   0x080046e4   0x00000080   Code   RO          130    .text.MBASC_AutoUpLoadFrame  modbus_asc.o
    0x08004764   0x08004764   0x000001bc   Code   RO          114    .text.MBASC_Fun03   modbus_asc.o
    0x08004920   0x08004920   0x000001dc   Code   RO          116    .text.MBASC_Fun04   modbus_asc.o
    0x08004afc   0x08004afc   0x00000310   Code   RO          118    .text.MBASC_Fun10   modbus_asc.o
    0x08004e0c   0x08004e0c   0x0000026c   Code   RO          120    .text.MBASC_Fun2B   modbus_asc.o
    0x08005078   0x08005078   0x000000dc   Code   RO          124    .text.MBASC_Fun41   modbus_asc.o
    0x08005154   0x08005154   0x00000130   Code   RO          128    .text.MBASC_Function  modbus_asc.o
    0x08005284   0x08005284   0x0000000c   Code   RO          106    .text.MBASC_GetSlaveAddr  modbus_asc.o
    0x08005290   0x08005290   0x00000048   Code   RO          112    .text.MBASC_SendErr  modbus_asc.o
    0x080052d8   0x080052d8   0x0000002c   Code   RO          108    .text.MBASC_SendMsg  modbus_asc.o
    0x08005304   0x08005304   0x00000026   Code   RO          110    .text.MBASC_SendMsg_NoLimit  modbus_asc.o
    0x0800532a   0x0800532a   0x00000074   Code   RO          151    .text.MODBUS_ASCII_AsciiPacketToRtuPacket  modbus_ascii.o
    0x0800539e   0x0800539e   0x000000a6   Code   RO          147    .text.MODBUS_ASCII_AsciiToHex  modbus_ascii.o
    0x08005444   0x08005444   0x000000ae   Code   RO          157    .text.MODBUS_ASCII_CheckAscii  modbus_ascii.o
    0x080054f2   0x080054f2   0x00000080   Code   RO          149    .text.MODBUS_ASCII_GetLrc  modbus_ascii.o
    0x08005572   0x08005572   0x00000002   PAD
    0x08005574   0x08005574   0x00000108   Code   RO          155    .text.MODBUS_ASCII_HandlRevData  modbus_ascii.o
    0x0800567c   0x0800567c   0x0000005a   Code   RO          145    .text.MODBUS_ASCII_HexToAscii  modbus_ascii.o
    0x080056d6   0x080056d6   0x00000002   PAD
    0x080056d8   0x080056d8   0x000000dc   Code   RO          159    .text.MODBUS_ASCII_RecvData  modbus_ascii.o
    0x080057b4   0x080057b4   0x00000052   Code   RO          153    .text.MODBUS_ASCII_RtuPacketToAsciiPacket  modbus_ascii.o
    0x08005806   0x08005806   0x00000002   PAD
    0x08005808   0x08005808   0x000000c0   Code   RO          161    .text.MODBUS_ASCII_SendData  modbus_ascii.o
    0x080058c8   0x080058c8   0x000000c8   Code   RO          163    .text.MODBUS_ASCII_SendData1  modbus_ascii.o
    0x08005990   0x08005990   0x00000002   Code   RO            2    .text.NMI_Handler   gd32e230_it.o
    0x08005992   0x08005992   0x00000002   Code   RO           16    .text.PendSV_Handler  gd32e230_it.o
    0x08005994   0x08005994   0x00000080   Code   RO          176    .text.ReadPara      para.o
    0x08005a14   0x08005a14   0x00000002   Code   RO           12    .text.SVC_Handler   gd32e230_it.o
    0x08005a16   0x08005a16   0x00000008   Code   RO           18    .text.SysTick_Handler  gd32e230_it.o
    0x08005a1e   0x08005a1e   0x00000002   PAD
    0x08005a20   0x08005a20   0x000000ac   Code   RO          309    .text.SystemInit    system_gd32e230.o
    0x08005acc   0x08005acc   0x000000b8   Code   RO          220    .text.TIMER0_Channel_IRQHandler  timer.o
    0x08005b84   0x08005b84   0x00000034   Code   RO          224    .text.TIMER15_IRQHandler  timer.o
    0x08005bb8   0x08005bb8   0x0000005c   Code   RO          218    .text.TIMER15_Init  timer.o
    0x08005c14   0x08005c14   0x00000034   Code   RO          222    .text.TIMER2_IRQHandler  timer.o
    0x08005c48   0x08005c48   0x00000064   Code   RO          216    .text.TIMER2_Init   timer.o
    0x08005cac   0x08005cac   0x000001d8   Code   RO           39    .text.TemData_Handle  main.o
    0x08005e84   0x08005e84   0x000000a4   Code   RO         1464    .text.UARTx_SendData  gd32e230c_eval.o
    0x08005f28   0x08005f28   0x000000d8   Code   RO         1462    .text.USART1_IRQHandler  gd32e230c_eval.o
    0x08006000   0x08006000   0x00000034   Code   RO          780    .text.__NVIC_EnableIRQ  gd32e230_misc.o
    0x08006034   0x08006034   0x00000088   Code   RO          778    .text.__NVIC_SetPriority  gd32e230_misc.o
    0x080060bc   0x080060bc   0x0000001c   Code   RO          126    .text.__NVIC_SystemReset  modbus_asc.o
    0x080060d8   0x080060d8   0x00000070   Code   RO           35    .text.com_gpio_init  main.o
    0x08006148   0x08006148   0x000000e0   Code   RO           37    .text.com_usart_init  main.o
    0x08006228   0x08006228   0x0000001a   Code   RO          255    .text.delay_15us    ds18b20.o
    0x08006242   0x08006242   0x0000001c   Code   RO          261    .text.delay_60us    ds18b20.o
    0x0800625e   0x0800625e   0x0000001c   Code   RO          253    .text.delay_750us   ds18b20.o
    0x0800627a   0x0800627a   0x00000002   PAD
    0x0800627c   0x0800627c   0x0000001c   Code   RO           79    .text.delay_decrement  systick.o
    0x08006298   0x08006298   0x00000018   Code   RO          249    .text.delay_us      ds18b20.o
    0x080062b0   0x080062b0   0x00000050   Code   RO          189    .text.flash_read_multi  flash.o
    0x08006300   0x08006300   0x00000010   Code   RO          622    .text.fmc_flag_clear  gd32e230_fmc.o
    0x08006310   0x08006310   0x0000000c   Code   RO          572    .text.fmc_lock      gd32e230_fmc.o
    0x0800631c   0x0800631c   0x0000005c   Code   RO          580    .text.fmc_page_erase  gd32e230_fmc.o
    0x08006378   0x08006378   0x0000005a   Code   RO          582    .text.fmc_ready_wait  gd32e230_fmc.o
    0x080063d2   0x080063d2   0x00000002   PAD
    0x080063d4   0x080063d4   0x00000054   Code   RO          628    .text.fmc_state_get  gd32e230_fmc.o
    0x08006428   0x08006428   0x00000028   Code   RO          570    .text.fmc_unlock    gd32e230_fmc.o
    0x08006450   0x08006450   0x00000058   Code   RO          588    .text.fmc_word_program  gd32e230_fmc.o
    0x080064a8   0x080064a8   0x000000e8   Code   RO          651    .text.fwdgt_config  gd32e230_fwdgt.o
    0x08006590   0x08006590   0x0000000c   Code   RO          649    .text.fwdgt_counter_reload  gd32e230_fwdgt.o
    0x0800659c   0x0800659c   0x00000010   Code   RO          641    .text.fwdgt_enable  gd32e230_fwdgt.o
    0x080065ac   0x080065ac   0x000000c4   Code   RO          684    .text.gpio_af_set   gd32e230_gpio.o
    0x08006670   0x08006670   0x00000010   Code   RO          670    .text.gpio_bit_reset  gd32e230_gpio.o
    0x08006680   0x08006680   0x00000010   Code   RO          668    .text.gpio_bit_set  gd32e230_gpio.o
    0x08006690   0x08006690   0x00000028   Code   RO          672    .text.gpio_bit_write  gd32e230_gpio.o
    0x080066b8   0x080066b8   0x0000002a   Code   RO          676    .text.gpio_input_bit_get  gd32e230_gpio.o
    0x080066e2   0x080066e2   0x00000090   Code   RO          664    .text.gpio_mode_set  gd32e230_gpio.o
    0x08006772   0x08006772   0x0000008e   Code   RO          666    .text.gpio_output_options_set  gd32e230_gpio.o
    0x08006800   0x08006800   0x000000c0   Code   RO           33    .text.main          main.o
    0x080068c0   0x080068c0   0x00000034   Code   RO          776    .text.nvic_irq_enable  gd32e230_misc.o
    0x080068f4   0x080068f4   0x00000020   Code   RO          790    .text.nvic_vector_table_set  gd32e230_misc.o
    0x08006914   0x08006914   0x00000284   Code   RO          915    .text.rcu_clock_freq_get  gd32e230_rcu.o
    0x08006b98   0x08006b98   0x00000038   Code   RO          881    .text.rcu_flag_get  gd32e230_rcu.o
    0x08006bd0   0x08006bd0   0x00000024   Code   RO          895    .text.rcu_osci_on   gd32e230_rcu.o
    0x08006bf4   0x08006bf4   0x00000258   Code   RO          893    .text.rcu_osci_stab_wait  gd32e230_rcu.o
    0x08006e4c   0x08006e4c   0x00000024   Code   RO          841    .text.rcu_periph_clock_enable  gd32e230_rcu.o
    0x08006e70   0x08006e70   0x00000024   Code   RO          851    .text.rcu_periph_reset_disable  gd32e230_rcu.o
    0x08006e94   0x08006e94   0x00000028   Code   RO          849    .text.rcu_periph_reset_enable  gd32e230_rcu.o
    0x08006ebc   0x08006ebc   0x0000003c   Code   RO           29    .text.rs485_Init    main.o
    0x08006ef8   0x08006ef8   0x000000e4   Code   RO          315    .text.system_clock_72m_irc8m  system_gd32e230.o
    0x08006fdc   0x08006fdc   0x00000008   Code   RO          311    .text.system_clock_config  system_gd32e230.o
    0x08006fe4   0x08006fe4   0x00000012   Code   RO         1127    .text.timer_auto_reload_shadow_enable  gd32e230_timer.o
    0x08006ff6   0x08006ff6   0x00000002   PAD
    0x08006ff8   0x08006ff8   0x000000e0   Code   RO         1117    .text.timer_deinit  gd32e230_timer.o
    0x080070d8   0x080070d8   0x00000012   Code   RO         1125    .text.timer_disable  gd32e230_timer.o
    0x080070ea   0x080070ea   0x00000012   Code   RO         1123    .text.timer_enable  gd32e230_timer.o
    0x080070fc   0x080070fc   0x000000fc   Code   RO         1121    .text.timer_init    gd32e230_timer.o
    0x080071f8   0x080071f8   0x00000014   Code   RO         1161    .text.timer_interrupt_disable  gd32e230_timer.o
    0x0800720c   0x0800720c   0x00000014   Code   RO         1159    .text.timer_interrupt_enable  gd32e230_timer.o
    0x08007220   0x08007220   0x00000014   Code   RO         1165    .text.timer_interrupt_flag_clear  gd32e230_timer.o
    0x08007234   0x08007234   0x0000003c   Code   RO         1163    .text.timer_interrupt_flag_get  gd32e230_timer.o
    0x08007270   0x08007270   0x000000b0   Code   RO         1272    .text.usart_baudrate_set  gd32e230_usart.o
    0x08007320   0x08007320   0x00000010   Code   RO         1308    .text.usart_data_receive  gd32e230_usart.o
    0x08007330   0x08007330   0x00000018   Code   RO         1306    .text.usart_data_transmit  gd32e230_usart.o
    0x08007348   0x08007348   0x00000054   Code   RO         1270    .text.usart_deinit  gd32e230_usart.o
    0x0800739c   0x0800739c   0x00000012   Code   RO         1280    .text.usart_enable  gd32e230_usart.o
    0x080073ae   0x080073ae   0x00000026   Code   RO         1410    .text.usart_interrupt_disable  gd32e230_usart.o
    0x080073d4   0x080073d4   0x00000026   Code   RO         1408    .text.usart_interrupt_enable  gd32e230_usart.o
    0x080073fa   0x080073fa   0x00000002   PAD
    0x080073fc   0x080073fc   0x00000040   Code   RO         1416    .text.usart_interrupt_flag_clear  gd32e230_usart.o
    0x0800743c   0x0800743c   0x00000066   Code   RO         1414    .text.usart_interrupt_flag_get  gd32e230_usart.o
    0x080074a2   0x080074a2   0x0000001e   Code   RO         1286    .text.usart_receive_config  gd32e230_usart.o
    0x080074c0   0x080074c0   0x0000001e   Code   RO         1284    .text.usart_transmit_config  gd32e230_usart.o
    0x080074de   0x080074de   0x0000000e   Code   RO         1532    i.__scatterload_copy  mc_p.l(handlers.o)
    0x080074ec   0x080074ec   0x00000002   Code   RO         1533    i.__scatterload_null  mc_p.l(handlers.o)
    0x080074ee   0x080074ee   0x0000000e   Code   RO         1534    i.__scatterload_zeroinit  mc_p.l(handlers.o)
    0x080074fc   0x080074fc   0x0000000a   Data   RO          134    .rodata.SensorSoftVersion  modbus_asc.o
    0x08007506   0x08007506   0x00000002   PAD
    0x08007508   0x08007508   0x00000020   Data   RO         1531    Region$$Table       anon$$obj.o


    Execution Region RW_IRAM1 (Exec base: 0x20000000, Load base: 0x08007528, Size: 0x00001be0, Max: 0x00002000, ABSOLUTE)

    Exec Addr    Load Addr    Size         Type   Attr      Idx    E Section Name        Object

    0x20000000   0x08007528   0x0000000c   Data   RW          178    .data.User_Default_Param  para.o
    0x2000000c   0x08007534   0x00000001   Data   RW          165    .data.g_cyRevState  modbus_ascii.o
    0x2000000d   0x08007535   0x00000003   PAD
    0x20000010        -       0x00000002   Zero   RW          240    .bss.AutoUpLoad_counter  timer.o
    0x20000012        -       0x00000002   Zero   RW          230    .bss.CH0_cnt        timer.o
    0x20000014        -       0x00000002   Zero   RW          231    .bss.CH1_cnt        timer.o
    0x20000016        -       0x0000000c   Zero   RW          179    .bss.Cur_Param      para.o
    0x20000022   0x08007535   0x00000002   PAD
    0x20000024        -       0x00001000   Zero   RW          207    .bss.Flash_Buf      flash.o
    0x20001024        -       0x00000004   Zero   RW           58    .bss.PreTemp        main.o
    0x20001028        -       0x00000064   Zero   RW          136    .bss.SendBuf        modbus_asc.o
    0x2000108c        -       0x00000001   Zero   RW          135    .bss.SendLen        modbus_asc.o
    0x2000108d   0x08007535   0x00000003   PAD
    0x20001090        -       0x00000004   Zero   RW           61    .bss.TemData_Handle.ReadTemCnt  main.o
    0x20001094        -       0x00000004   Zero   RW           60    .bss.TemData_Handle.TemCountCnt  main.o
    0x20001098        -       0x00000001   Zero   RW          229    .bss.Time_1s_flag   timer.o
    0x20001099        -       0x00000258   Zero   RW         1485    .bss.UARTx_RXBuff   gd32e230c_eval.o
    0x200012f1        -       0x00000001   Zero   RW         1482    .bss.UARTx_RXBuffLen  gd32e230c_eval.o
    0x200012f2        -       0x00000258   Zero   RW         1484    .bss.UARTx_TXBUFF   gd32e230c_eval.o
    0x2000154a        -       0x00000001   Zero   RW         1466    .bss.UartRecvFlag   gd32e230c_eval.o
    0x2000154b        -       0x00000001   Zero   RW          167    .bss.UartRecvFrameOK  modbus_ascii.o
    0x2000154c        -       0x0000001c   Zero   RW          180    .bss.UserPara       para.o
    0x20001568        -       0x00000001   Zero   RW         1483    .bss.ch             gd32e230c_eval.o
    0x20001569        -       0x00000258   Zero   RW          168    .bss.cyAsciiBuff    modbus_ascii.o
    0x200017c1   0x08007535   0x00000003   PAD
    0x200017c4        -       0x00000004   Zero   RW           81    .bss.delay          systick.o
    0x200017c8        -       0x00000002   Zero   RW          166    .bss.g_cyRevBufffLen  modbus_ascii.o
    0x200017ca        -       0x00000002   Zero   RW           50    .bss.i              main.o
    0x200017cc        -       0x00000001   Zero   RW           52    .bss.j              main.o
    0x200017cd   0x08007535   0x00000001   PAD
    0x200017ce        -       0x00000002   Zero   RW          236    .bss.pulse_flag0    timer.o
    0x200017d0        -       0x00000002   Zero   RW          237    .bss.pulse_flag1    timer.o
    0x200017d2   0x08007535   0x00000002   PAD
    0x200017d4        -       0x00000004   Zero   RW           59    .bss.red_temp       main.o
    0x200017d8        -       0x00000002   Zero   RW          283    .bss.temp           ds18b20.o
    0x200017da        -       0x00000001   Zero   RW         1481    .bss.u8SendIndex    gd32e230c_eval.o
    0x200017db        -       0x00000001   Zero   RW         1480    .bss.u8SendNum      gd32e230c_eval.o
    0x200017dc   0x08007535   0x00000004   PAD
    0x200017e0        -       0x00000400   Zero   RW         1492    STACK               startup_gd32e230.o


==============================================================================

Image component sizes


      Code (inc. data)   RO Data    RW Data    ZI Data      Debug   Object Name

        34          0          0          0          0       1255   common.o
      1010         12          0          0          2       3901   ds18b20.o
       394         20          0          0       4096       3931   flash.o
       422         24          0          0          0       6584   gd32e230_fmc.o
       260         36          0          0          0       2608   gd32e230_fwdgt.o
       596          0          0          0          0       4311   gd32e230_gpio.o
        18          0          0          0          0       1024   gd32e230_it.o
       272         20          0          0          0       3969   gd32e230_misc.o
      1448         60          0          0          0      11448   gd32e230_rcu.o
       650         48          0          0          0      17163   gd32e230_timer.o
       620         28          0          0          0      14319   gd32e230_usart.o
       472         40          0          0       1205       5814   gd32e230c_eval.o
      1112        100          0          0         19       5378   main.o
      3204        144         10          0        101       6120   modbus_asc.o
      1632         28          0          1        603       4167   modbus_ascii.o
       128         12          0         12         40       1185   para.o
        28          8        204          0       1024        728   startup_gd32e230.o
       408         56          0          0          0       1862   system_gd32e230.o
        28          4          0          0          4       3015   systick.o
       480         52          0          0         11       4070   timer.o

    ----------------------------------------------------------------------
     13238        692        248         16       7120     102852   Object Totals
         0          0         32          0          0          0   (incl. Generated)
        22          0          2          3         15          0   (incl. Padding)

    ----------------------------------------------------------------------

      Code (inc. data)   RO Data    RW Data    ZI Data      Debug   Library Member Name

         0          0          0          0          0          0   entry.o
         0          0          0          0          0          0   entry10a.o
         0          0          0          0          0          0   entry11a.o
         8          4          0          0          0          0   entry2.o
         4          0          0          0          0          0   entry5.o
         0          0          0          0          0          0   entry7b.o
         0          0          0          0          0          0   entry8b.o
         8          4          0          0          0          0   entry9a.o
        30          0          0          0          0          0   handlers.o
        36          8          0          0          0         68   init.o
        36          0          0          0          0        100   memseta.o

    ----------------------------------------------------------------------
       122         16          0          0          0        168   Library Totals
         0          0          0          0          0          0   (incl. Padding)

    ----------------------------------------------------------------------

      Code (inc. data)   RO Data    RW Data    ZI Data      Debug   Library Name

       122         16          0          0          0        168   mc_p.l

    ----------------------------------------------------------------------
       122         16          0          0          0        168   Library Totals

    ----------------------------------------------------------------------

==============================================================================


      Code (inc. data)   RO Data    RW Data    ZI Data      Debug   

     13360        708        248         16       7120     102884   Grand Totals
     13360        708        248         16       7120     102884   ELF Image Totals
     13360        708        248         16          0          0   ROM Totals

==============================================================================

    Total RO  Size (Code + RO Data)                13608 (  13.29kB)
    Total RW  Size (RW Data + ZI Data)              7136 (   6.97kB)
    Total ROM Size (Code + RO Data + RW Data)      13624 (  13.30kB)

==============================================================================

