	.text
	.syntax unified
	.eabi_attribute	67, "2.09"	@ Tag_conformance
	.cpu	cortex-m23
	.eabi_attribute	6, 16	@ Tag_CPU_arch
	.eabi_attribute	7, 77	@ Tag_CPU_arch_profile
	.eabi_attribute	8, 0	@ Tag_ARM_ISA_use
	.eabi_attribute	9, 3	@ Tag_THUMB_ISA_use
	.eabi_attribute	34, 0	@ Tag_CPU_unaligned_access
	.eabi_attribute	17, 1	@ Tag_ABI_PCS_GOT_use
	.eabi_attribute	20, 2	@ Tag_ABI_FP_denormal
	.eabi_attribute	21, 0	@ Tag_ABI_FP_exceptions
	.eabi_attribute	23, 1	@ Tag_ABI_FP_number_model
	.eabi_attribute	24, 1	@ Tag_ABI_align_needed
	.eabi_attribute	25, 1	@ Tag_ABI_align_preserved
	.eabi_attribute	38, 1	@ Tag_ABI_FP_16bit_format
	.eabi_attribute	18, 2	@ Tag_ABI_PCS_wchar_t
	.eabi_attribute	26, 1	@ Tag_ABI_enum_size
	.eabi_attribute	14, 0	@ Tag_ABI_PCS_R9_use
	.file	"para.c"
	.file	1 "E:\\Soway\\Soway_product-soft\\105 - T119-GD\\E230 -  ds18b20-F8\\MDK-ARM" "../APP/Inc\\type.h"
	.file	2 "D:\\Keil_v5\\ARM\\ARMCLANG\\Bin\\..\\include" "stdint.h"
	.file	3 "E:\\Soway\\Soway_product-soft\\105 - T119-GD\\E230 -  ds18b20-F8\\MDK-ARM" "../APP/Src/para.c"
	.section	.text.ReadPara,"ax",%progbits
	.hidden	ReadPara                @ -- Begin function ReadPara
	.globl	ReadPara
	.p2align	2
	.type	ReadPara,%function
	.code	16                      @ @ReadPara
	.thumb_func
ReadPara:
.Lfunc_begin0:
	.loc	3 23 0                  @ ../APP/Src/para.c:23:0
	.fnstart
	.cfi_sections .debug_frame
	.cfi_startproc
@ %bb.0:
	.save	{r7, lr}
	push	{r7, lr}
	.cfi_def_cfa_offset 8
	.cfi_offset lr, -4
	.cfi_offset r7, -8
	.pad	#16
	sub	sp, #16
	.cfi_def_cfa_offset 24
	add	r0, sp, #12
	movs	r1, #1
.Ltmp0:
	.loc	3 25 5 prologue_end     @ ../APP/Src/para.c:25:5
	str	r0, [sp, #8]            @ 4-byte Spill
	mov	r0, r1
	ldr	r2, [sp, #8]            @ 4-byte Reload
	str	r1, [sp, #4]            @ 4-byte Spill
	mov	r1, r2
	ldr	r2, [sp, #4]            @ 4-byte Reload
	bl	flash_read_multi
.Ltmp1:
	.loc	3 26 7                  @ ../APP/Src/para.c:26:7
	ldr	r0, [sp, #8]            @ 4-byte Reload
	ldrb	r1, [r0]
	.loc	3 26 23 is_stmt 0       @ ../APP/Src/para.c:26:23
	ldr	r2, __arm_cp.0_0
	ldrb	r2, [r2, #1]
.Ltmp2:
	.loc	3 26 7                  @ ../APP/Src/para.c:26:7
	cmp	r1, r2
	beq	.LBB0_2
	b	.LBB0_1
.LBB0_1:
.Ltmp3:
	.loc	3 28 9 is_stmt 1        @ ../APP/Src/para.c:28:9
	ldr	r1, __arm_cp.0_0
	movs	r0, #0
	movs	r2, #12
	bl	Flash_Write_MultiBytes
	.loc	3 29 5                  @ ../APP/Src/para.c:29:5
	b	.LBB0_2
.Ltmp4:
.LBB0_2:
	.loc	3 30 5                  @ ../APP/Src/para.c:30:5
	ldr	r0, __arm_cp.0_1
	movs	r1, #0
	movs	r2, #12
	str	r0, [sp]                @ 4-byte Spill
	mov	r0, r1
	ldr	r1, [sp]                @ 4-byte Reload
	bl	flash_read_multi
	.loc	3 31 26                 @ ../APP/Src/para.c:31:26
	ldr	r0, [sp]                @ 4-byte Reload
	ldrb	r1, [r0, #2]
	.loc	3 31 24 is_stmt 0       @ ../APP/Src/para.c:31:24
	ldr	r2, __arm_cp.0_2
	strb	r1, [r2, #4]
	.loc	3 32 23 is_stmt 1       @ ../APP/Src/para.c:32:23
	ldrb	r1, [r0, #3]
	.loc	3 32 21 is_stmt 0       @ ../APP/Src/para.c:32:21
	strb	r1, [r2, #5]
	.loc	3 34 24 is_stmt 1       @ ../APP/Src/para.c:34:24
	ldrb	r1, [r0, #5]
	.loc	3 34 47 is_stmt 0       @ ../APP/Src/para.c:34:47
	lsls	r1, r1, #8
	.loc	3 34 54                 @ ../APP/Src/para.c:34:54
	ldrb	r3, [r0, #4]
	.loc	3 34 53                 @ ../APP/Src/para.c:34:53
	adds	r1, r1, r3
	.loc	3 34 21                 @ ../APP/Src/para.c:34:21
	strh	r1, [r2, #8]
	.loc	3 35 24 is_stmt 1       @ ../APP/Src/para.c:35:24
	ldrb	r1, [r0, #7]
	.loc	3 35 47 is_stmt 0       @ ../APP/Src/para.c:35:47
	lsls	r1, r1, #8
	.loc	3 35 54                 @ ../APP/Src/para.c:35:54
	ldrb	r3, [r0, #6]
	.loc	3 35 53                 @ ../APP/Src/para.c:35:53
	adds	r1, r1, r3
	.loc	3 35 21                 @ ../APP/Src/para.c:35:21
	strh	r1, [r2, #10]
	.loc	3 36 24 is_stmt 1       @ ../APP/Src/para.c:36:24
	ldrb	r1, [r0, #9]
	.loc	3 36 47 is_stmt 0       @ ../APP/Src/para.c:36:47
	lsls	r1, r1, #8
	.loc	3 36 54                 @ ../APP/Src/para.c:36:54
	ldrb	r3, [r0, #8]
	.loc	3 36 53                 @ ../APP/Src/para.c:36:53
	adds	r1, r1, r3
	.loc	3 36 21                 @ ../APP/Src/para.c:36:21
	strh	r1, [r2, #12]
	.loc	3 38 31 is_stmt 1       @ ../APP/Src/para.c:38:31
	ldrb	r1, [r0, #10]
	.loc	3 38 29 is_stmt 0       @ ../APP/Src/para.c:38:29
	strb	r1, [r2, #24]
	.loc	3 41 1 is_stmt 1        @ ../APP/Src/para.c:41:1
	add	sp, #16
	pop	{r7, pc}
.Ltmp5:
	.p2align	2
@ %bb.3:
	.loc	3 0 1 is_stmt 0         @ ../APP/Src/para.c:0:1
__arm_cp.0_0:
	.long	User_Default_Param
.Lcpi_end0:
	.size	__arm_cp.0_0, .Lcpi_end0-__arm_cp.0_0
__arm_cp.0_1:
	.long	Cur_Param
.Lcpi_end1:
	.size	__arm_cp.0_1, .Lcpi_end1-__arm_cp.0_1
__arm_cp.0_2:
	.long	UserPara
.Lcpi_end2:
	.size	__arm_cp.0_2, .Lcpi_end2-__arm_cp.0_2
.Lfunc_end0:
	.size	ReadPara, .Lfunc_end0-ReadPara
	.cfi_endproc
	.cantunwind
	.fnend
                                        @ -- End function
	.type	User_Default_Param,%object @ @User_Default_Param
	.section	.data.User_Default_Param,"aw",%progbits
User_Default_Param:
	.asciz	"\000\003\"\003\367\016\177\t\267\b\000"
	.size	User_Default_Param, 12

	.hidden	Cur_Param               @ @Cur_Param
	.type	Cur_Param,%object
	.section	.bss.Cur_Param,"aw",%nobits
	.globl	Cur_Param
Cur_Param:
.LCur_Param$local:
	.zero	12
	.size	Cur_Param, 12

	.hidden	UserPara                @ @UserPara
	.type	UserPara,%object
	.section	.bss.UserPara,"aw",%nobits
	.globl	UserPara
	.p2align	2
UserPara:
.LUserPara$local:
	.zero	28
	.size	UserPara, 28

	.section	.debug_str,"MS",%progbits,1
.Linfo_string0:
	.asciz	"Component: ARM Compiler 6.14 Tool: armclang [5db06c00]" @ string offset=0
.Linfo_string1:
	.asciz	"../APP/Src\\para.c"    @ string offset=55
.Linfo_string2:
	.asciz	"E:\\Soway\\Soway_product-soft\\105 - T119-GD\\E230 -  ds18b20-F8\\MDK-ARM" @ string offset=73
.Linfo_string3:
	.asciz	"UserPara"              @ string offset=142
.Linfo_string4:
	.asciz	"Temp"                  @ string offset=151
.Linfo_string5:
	.asciz	"int"                   @ string offset=156
.Linfo_string6:
	.asciz	"SlaveAddr"             @ string offset=160
.Linfo_string7:
	.asciz	"unsigned char"         @ string offset=170
.Linfo_string8:
	.asciz	"uint8_t"               @ string offset=184
.Linfo_string9:
	.asciz	"Baudrate"              @ string offset=192
.Linfo_string10:
	.asciz	"Parity"                @ string offset=201
.Linfo_string11:
	.asciz	"Up_Thr"                @ string offset=208
.Linfo_string12:
	.asciz	"unsigned short"        @ string offset=215
.Linfo_string13:
	.asciz	"uint16_t"              @ string offset=230
.Linfo_string14:
	.asciz	"Do_Thr"                @ string offset=239
.Linfo_string15:
	.asciz	"Du_Thr"                @ string offset=246
.Linfo_string16:
	.asciz	"Duration"              @ string offset=253
.Linfo_string17:
	.asciz	"unsigned int"          @ string offset=262
.Linfo_string18:
	.asciz	"uint32_t"              @ string offset=275
.Linfo_string19:
	.asciz	"AlarmSta"              @ string offset=284
.Linfo_string20:
	.asciz	"Upload_persist"        @ string offset=293
.Linfo_string21:
	.asciz	"UserTypeDef"           @ string offset=308
.Linfo_string22:
	.asciz	"Cur_Param"             @ string offset=320
.Linfo_string23:
	.asciz	"__ARRAY_SIZE_TYPE__"   @ string offset=330
.Linfo_string24:
	.asciz	"User_Default_Param"    @ string offset=350
.Linfo_string25:
	.asciz	"ReadPara"              @ string offset=369
.Linfo_string26:
	.asciz	"ParaInitFlag"          @ string offset=378
	.section	.debug_abbrev,"",%progbits
	.byte	1                       @ Abbreviation Code
	.byte	17                      @ DW_TAG_compile_unit
	.byte	1                       @ DW_CHILDREN_yes
	.byte	37                      @ DW_AT_producer
	.byte	14                      @ DW_FORM_strp
	.byte	19                      @ DW_AT_language
	.byte	5                       @ DW_FORM_data2
	.byte	3                       @ DW_AT_name
	.byte	14                      @ DW_FORM_strp
	.byte	16                      @ DW_AT_stmt_list
	.byte	6                       @ DW_FORM_data4
	.byte	27                      @ DW_AT_comp_dir
	.byte	14                      @ DW_FORM_strp
	.byte	17                      @ DW_AT_low_pc
	.byte	1                       @ DW_FORM_addr
	.byte	18                      @ DW_AT_high_pc
	.byte	1                       @ DW_FORM_addr
	.byte	0                       @ EOM(1)
	.byte	0                       @ EOM(2)
	.byte	2                       @ Abbreviation Code
	.byte	52                      @ DW_TAG_variable
	.byte	0                       @ DW_CHILDREN_no
	.byte	3                       @ DW_AT_name
	.byte	14                      @ DW_FORM_strp
	.byte	73                      @ DW_AT_type
	.byte	19                      @ DW_FORM_ref4
	.byte	63                      @ DW_AT_external
	.byte	12                      @ DW_FORM_flag
	.byte	58                      @ DW_AT_decl_file
	.byte	11                      @ DW_FORM_data1
	.byte	59                      @ DW_AT_decl_line
	.byte	11                      @ DW_FORM_data1
	.byte	2                       @ DW_AT_location
	.byte	10                      @ DW_FORM_block1
	.byte	0                       @ EOM(1)
	.byte	0                       @ EOM(2)
	.byte	3                       @ Abbreviation Code
	.byte	22                      @ DW_TAG_typedef
	.byte	0                       @ DW_CHILDREN_no
	.byte	73                      @ DW_AT_type
	.byte	19                      @ DW_FORM_ref4
	.byte	3                       @ DW_AT_name
	.byte	14                      @ DW_FORM_strp
	.byte	58                      @ DW_AT_decl_file
	.byte	11                      @ DW_FORM_data1
	.byte	59                      @ DW_AT_decl_line
	.byte	11                      @ DW_FORM_data1
	.byte	0                       @ EOM(1)
	.byte	0                       @ EOM(2)
	.byte	4                       @ Abbreviation Code
	.byte	19                      @ DW_TAG_structure_type
	.byte	1                       @ DW_CHILDREN_yes
	.byte	11                      @ DW_AT_byte_size
	.byte	11                      @ DW_FORM_data1
	.byte	58                      @ DW_AT_decl_file
	.byte	11                      @ DW_FORM_data1
	.byte	59                      @ DW_AT_decl_line
	.byte	11                      @ DW_FORM_data1
	.byte	0                       @ EOM(1)
	.byte	0                       @ EOM(2)
	.byte	5                       @ Abbreviation Code
	.byte	13                      @ DW_TAG_member
	.byte	0                       @ DW_CHILDREN_no
	.byte	3                       @ DW_AT_name
	.byte	14                      @ DW_FORM_strp
	.byte	73                      @ DW_AT_type
	.byte	19                      @ DW_FORM_ref4
	.byte	58                      @ DW_AT_decl_file
	.byte	11                      @ DW_FORM_data1
	.byte	59                      @ DW_AT_decl_line
	.byte	11                      @ DW_FORM_data1
	.byte	56                      @ DW_AT_data_member_location
	.byte	11                      @ DW_FORM_data1
	.byte	0                       @ EOM(1)
	.byte	0                       @ EOM(2)
	.byte	6                       @ Abbreviation Code
	.byte	36                      @ DW_TAG_base_type
	.byte	0                       @ DW_CHILDREN_no
	.byte	3                       @ DW_AT_name
	.byte	14                      @ DW_FORM_strp
	.byte	62                      @ DW_AT_encoding
	.byte	11                      @ DW_FORM_data1
	.byte	11                      @ DW_AT_byte_size
	.byte	11                      @ DW_FORM_data1
	.byte	0                       @ EOM(1)
	.byte	0                       @ EOM(2)
	.byte	7                       @ Abbreviation Code
	.byte	1                       @ DW_TAG_array_type
	.byte	1                       @ DW_CHILDREN_yes
	.byte	73                      @ DW_AT_type
	.byte	19                      @ DW_FORM_ref4
	.byte	0                       @ EOM(1)
	.byte	0                       @ EOM(2)
	.byte	8                       @ Abbreviation Code
	.byte	33                      @ DW_TAG_subrange_type
	.byte	0                       @ DW_CHILDREN_no
	.byte	73                      @ DW_AT_type
	.byte	19                      @ DW_FORM_ref4
	.byte	55                      @ DW_AT_count
	.byte	11                      @ DW_FORM_data1
	.byte	0                       @ EOM(1)
	.byte	0                       @ EOM(2)
	.byte	9                       @ Abbreviation Code
	.byte	36                      @ DW_TAG_base_type
	.byte	0                       @ DW_CHILDREN_no
	.byte	3                       @ DW_AT_name
	.byte	14                      @ DW_FORM_strp
	.byte	11                      @ DW_AT_byte_size
	.byte	11                      @ DW_FORM_data1
	.byte	62                      @ DW_AT_encoding
	.byte	11                      @ DW_FORM_data1
	.byte	0                       @ EOM(1)
	.byte	0                       @ EOM(2)
	.byte	10                      @ Abbreviation Code
	.byte	52                      @ DW_TAG_variable
	.byte	0                       @ DW_CHILDREN_no
	.byte	3                       @ DW_AT_name
	.byte	14                      @ DW_FORM_strp
	.byte	73                      @ DW_AT_type
	.byte	19                      @ DW_FORM_ref4
	.byte	58                      @ DW_AT_decl_file
	.byte	11                      @ DW_FORM_data1
	.byte	59                      @ DW_AT_decl_line
	.byte	11                      @ DW_FORM_data1
	.byte	2                       @ DW_AT_location
	.byte	10                      @ DW_FORM_block1
	.byte	0                       @ EOM(1)
	.byte	0                       @ EOM(2)
	.byte	11                      @ Abbreviation Code
	.byte	46                      @ DW_TAG_subprogram
	.byte	1                       @ DW_CHILDREN_yes
	.byte	17                      @ DW_AT_low_pc
	.byte	1                       @ DW_FORM_addr
	.byte	18                      @ DW_AT_high_pc
	.byte	1                       @ DW_FORM_addr
	.byte	64                      @ DW_AT_frame_base
	.byte	10                      @ DW_FORM_block1
	.byte	3                       @ DW_AT_name
	.byte	14                      @ DW_FORM_strp
	.byte	58                      @ DW_AT_decl_file
	.byte	11                      @ DW_FORM_data1
	.byte	59                      @ DW_AT_decl_line
	.byte	11                      @ DW_FORM_data1
	.byte	39                      @ DW_AT_prototyped
	.byte	12                      @ DW_FORM_flag
	.byte	63                      @ DW_AT_external
	.byte	12                      @ DW_FORM_flag
	.byte	0                       @ EOM(1)
	.byte	0                       @ EOM(2)
	.byte	12                      @ Abbreviation Code
	.byte	52                      @ DW_TAG_variable
	.byte	0                       @ DW_CHILDREN_no
	.byte	2                       @ DW_AT_location
	.byte	10                      @ DW_FORM_block1
	.byte	3                       @ DW_AT_name
	.byte	14                      @ DW_FORM_strp
	.byte	58                      @ DW_AT_decl_file
	.byte	11                      @ DW_FORM_data1
	.byte	59                      @ DW_AT_decl_line
	.byte	11                      @ DW_FORM_data1
	.byte	73                      @ DW_AT_type
	.byte	19                      @ DW_FORM_ref4
	.byte	0                       @ EOM(1)
	.byte	0                       @ EOM(2)
	.byte	0                       @ EOM(3)
	.section	.debug_info,"",%progbits
.Lcu_begin0:
	.long	.Ldebug_info_end0-.Ldebug_info_start0 @ Length of Unit
.Ldebug_info_start0:
	.short	3                       @ DWARF version number
	.long	.debug_abbrev           @ Offset Into Abbrev. Section
	.byte	4                       @ Address Size (in bytes)
	.byte	1                       @ Abbrev [1] 0xb:0x14b DW_TAG_compile_unit
	.long	.Linfo_string0          @ DW_AT_producer
	.short	12                      @ DW_AT_language
	.long	.Linfo_string1          @ DW_AT_name
	.long	.Lline_table_start0     @ DW_AT_stmt_list
	.long	.Linfo_string2          @ DW_AT_comp_dir
	.long	.Lfunc_begin0           @ DW_AT_low_pc
	.long	.Lfunc_end0             @ DW_AT_high_pc
	.byte	2                       @ Abbrev [2] 0x26:0x12 DW_TAG_variable
	.long	.Linfo_string3          @ DW_AT_name
	.long	56                      @ DW_AT_type
	.byte	1                       @ DW_AT_external
	.byte	3                       @ DW_AT_decl_file
	.byte	6                       @ DW_AT_decl_line
	.byte	5                       @ DW_AT_location
	.byte	3
	.long	UserPara
	.byte	3                       @ Abbrev [3] 0x38:0xb DW_TAG_typedef
	.long	67                      @ DW_AT_type
	.long	.Linfo_string21         @ DW_AT_name
	.byte	1                       @ DW_AT_decl_file
	.byte	59                      @ DW_AT_decl_line
	.byte	4                       @ Abbrev [4] 0x43:0x7d DW_TAG_structure_type
	.byte	28                      @ DW_AT_byte_size
	.byte	1                       @ DW_AT_decl_file
	.byte	46                      @ DW_AT_decl_line
	.byte	5                       @ Abbrev [5] 0x47:0xc DW_TAG_member
	.long	.Linfo_string4          @ DW_AT_name
	.long	192                     @ DW_AT_type
	.byte	1                       @ DW_AT_decl_file
	.byte	48                      @ DW_AT_decl_line
	.byte	0                       @ DW_AT_data_member_location
	.byte	5                       @ Abbrev [5] 0x53:0xc DW_TAG_member
	.long	.Linfo_string6          @ DW_AT_name
	.long	199                     @ DW_AT_type
	.byte	1                       @ DW_AT_decl_file
	.byte	49                      @ DW_AT_decl_line
	.byte	4                       @ DW_AT_data_member_location
	.byte	5                       @ Abbrev [5] 0x5f:0xc DW_TAG_member
	.long	.Linfo_string9          @ DW_AT_name
	.long	199                     @ DW_AT_type
	.byte	1                       @ DW_AT_decl_file
	.byte	50                      @ DW_AT_decl_line
	.byte	5                       @ DW_AT_data_member_location
	.byte	5                       @ Abbrev [5] 0x6b:0xc DW_TAG_member
	.long	.Linfo_string10         @ DW_AT_name
	.long	199                     @ DW_AT_type
	.byte	1                       @ DW_AT_decl_file
	.byte	51                      @ DW_AT_decl_line
	.byte	6                       @ DW_AT_data_member_location
	.byte	5                       @ Abbrev [5] 0x77:0xc DW_TAG_member
	.long	.Linfo_string11         @ DW_AT_name
	.long	217                     @ DW_AT_type
	.byte	1                       @ DW_AT_decl_file
	.byte	53                      @ DW_AT_decl_line
	.byte	8                       @ DW_AT_data_member_location
	.byte	5                       @ Abbrev [5] 0x83:0xc DW_TAG_member
	.long	.Linfo_string14         @ DW_AT_name
	.long	217                     @ DW_AT_type
	.byte	1                       @ DW_AT_decl_file
	.byte	54                      @ DW_AT_decl_line
	.byte	10                      @ DW_AT_data_member_location
	.byte	5                       @ Abbrev [5] 0x8f:0xc DW_TAG_member
	.long	.Linfo_string15         @ DW_AT_name
	.long	217                     @ DW_AT_type
	.byte	1                       @ DW_AT_decl_file
	.byte	55                      @ DW_AT_decl_line
	.byte	12                      @ DW_AT_data_member_location
	.byte	5                       @ Abbrev [5] 0x9b:0xc DW_TAG_member
	.long	.Linfo_string16         @ DW_AT_name
	.long	235                     @ DW_AT_type
	.byte	1                       @ DW_AT_decl_file
	.byte	56                      @ DW_AT_decl_line
	.byte	16                      @ DW_AT_data_member_location
	.byte	5                       @ Abbrev [5] 0xa7:0xc DW_TAG_member
	.long	.Linfo_string19         @ DW_AT_name
	.long	235                     @ DW_AT_type
	.byte	1                       @ DW_AT_decl_file
	.byte	57                      @ DW_AT_decl_line
	.byte	20                      @ DW_AT_data_member_location
	.byte	5                       @ Abbrev [5] 0xb3:0xc DW_TAG_member
	.long	.Linfo_string20         @ DW_AT_name
	.long	199                     @ DW_AT_type
	.byte	1                       @ DW_AT_decl_file
	.byte	58                      @ DW_AT_decl_line
	.byte	24                      @ DW_AT_data_member_location
	.byte	0                       @ End Of Children Mark
	.byte	6                       @ Abbrev [6] 0xc0:0x7 DW_TAG_base_type
	.long	.Linfo_string5          @ DW_AT_name
	.byte	5                       @ DW_AT_encoding
	.byte	4                       @ DW_AT_byte_size
	.byte	3                       @ Abbrev [3] 0xc7:0xb DW_TAG_typedef
	.long	210                     @ DW_AT_type
	.long	.Linfo_string8          @ DW_AT_name
	.byte	2                       @ DW_AT_decl_file
	.byte	62                      @ DW_AT_decl_line
	.byte	6                       @ Abbrev [6] 0xd2:0x7 DW_TAG_base_type
	.long	.Linfo_string7          @ DW_AT_name
	.byte	8                       @ DW_AT_encoding
	.byte	1                       @ DW_AT_byte_size
	.byte	3                       @ Abbrev [3] 0xd9:0xb DW_TAG_typedef
	.long	228                     @ DW_AT_type
	.long	.Linfo_string13         @ DW_AT_name
	.byte	2                       @ DW_AT_decl_file
	.byte	63                      @ DW_AT_decl_line
	.byte	6                       @ Abbrev [6] 0xe4:0x7 DW_TAG_base_type
	.long	.Linfo_string12         @ DW_AT_name
	.byte	7                       @ DW_AT_encoding
	.byte	2                       @ DW_AT_byte_size
	.byte	3                       @ Abbrev [3] 0xeb:0xb DW_TAG_typedef
	.long	246                     @ DW_AT_type
	.long	.Linfo_string18         @ DW_AT_name
	.byte	2                       @ DW_AT_decl_file
	.byte	64                      @ DW_AT_decl_line
	.byte	6                       @ Abbrev [6] 0xf6:0x7 DW_TAG_base_type
	.long	.Linfo_string17         @ DW_AT_name
	.byte	7                       @ DW_AT_encoding
	.byte	4                       @ DW_AT_byte_size
	.byte	2                       @ Abbrev [2] 0xfd:0x12 DW_TAG_variable
	.long	.Linfo_string22         @ DW_AT_name
	.long	271                     @ DW_AT_type
	.byte	1                       @ DW_AT_external
	.byte	3                       @ DW_AT_decl_file
	.byte	7                       @ DW_AT_decl_line
	.byte	5                       @ DW_AT_location
	.byte	3
	.long	Cur_Param
	.byte	7                       @ Abbrev [7] 0x10f:0xc DW_TAG_array_type
	.long	199                     @ DW_AT_type
	.byte	8                       @ Abbrev [8] 0x114:0x6 DW_TAG_subrange_type
	.long	283                     @ DW_AT_type
	.byte	12                      @ DW_AT_count
	.byte	0                       @ End Of Children Mark
	.byte	9                       @ Abbrev [9] 0x11b:0x7 DW_TAG_base_type
	.long	.Linfo_string23         @ DW_AT_name
	.byte	8                       @ DW_AT_byte_size
	.byte	7                       @ DW_AT_encoding
	.byte	10                      @ Abbrev [10] 0x122:0x11 DW_TAG_variable
	.long	.Linfo_string24         @ DW_AT_name
	.long	271                     @ DW_AT_type
	.byte	3                       @ DW_AT_decl_file
	.byte	9                       @ DW_AT_decl_line
	.byte	5                       @ DW_AT_location
	.byte	3
	.long	User_Default_Param
	.byte	11                      @ Abbrev [11] 0x133:0x22 DW_TAG_subprogram
	.long	.Lfunc_begin0           @ DW_AT_low_pc
	.long	.Lfunc_end0             @ DW_AT_high_pc
	.byte	1                       @ DW_AT_frame_base
	.byte	93
	.long	.Linfo_string25         @ DW_AT_name
	.byte	3                       @ DW_AT_decl_file
	.byte	22                      @ DW_AT_decl_line
	.byte	1                       @ DW_AT_prototyped
	.byte	1                       @ DW_AT_external
	.byte	12                      @ Abbrev [12] 0x146:0xe DW_TAG_variable
	.byte	2                       @ DW_AT_location
	.byte	145
	.byte	12
	.long	.Linfo_string26         @ DW_AT_name
	.byte	3                       @ DW_AT_decl_file
	.byte	24                      @ DW_AT_decl_line
	.long	199                     @ DW_AT_type
	.byte	0                       @ End Of Children Mark
	.byte	0                       @ End Of Children Mark
.Ldebug_info_end0:
	.ident	"Component: ARM Compiler 6.14 Tool: armclang [5db06c00]"
	.section	".note.GNU-stack","",%progbits
	.eabi_attribute	30, 6	@ Tag_ABI_optimization_goals
	.ARM_attribute	16, 1	@ Tag_AV_eba
	.section	.debug_line,"",%progbits
.Lline_table_start0:
