	.text
	.syntax unified
	.eabi_attribute	67, "2.09"	@ Tag_conformance
	.cpu	cortex-m23
	.eabi_attribute	6, 16	@ Tag_CPU_arch
	.eabi_attribute	7, 77	@ Tag_CPU_arch_profile
	.eabi_attribute	8, 0	@ Tag_ARM_ISA_use
	.eabi_attribute	9, 3	@ Tag_THUMB_ISA_use
	.eabi_attribute	34, 0	@ Tag_CPU_unaligned_access
	.eabi_attribute	17, 1	@ Tag_ABI_PCS_GOT_use
	.eabi_attribute	20, 2	@ Tag_ABI_FP_denormal
	.eabi_attribute	21, 0	@ Tag_ABI_FP_exceptions
	.eabi_attribute	23, 1	@ Tag_ABI_FP_number_model
	.eabi_attribute	24, 1	@ Tag_ABI_align_needed
	.eabi_attribute	25, 1	@ Tag_ABI_align_preserved
	.eabi_attribute	38, 1	@ Tag_ABI_FP_16bit_format
	.eabi_attribute	18, 2	@ Tag_ABI_PCS_wchar_t
	.eabi_attribute	26, 1	@ Tag_ABI_enum_size
	.eabi_attribute	14, 0	@ Tag_ABI_PCS_R9_use
	.file	"systick.c"
	.file	1 "D:\\Keil_v5\\ARM\\ARMCLANG\\Bin\\..\\include" "stdint.h"
	.file	2 "E:\\Soway\\Soway_product-soft\\105 - T119-GD\\E230 -  ds18b20-F8\\MDK-ARM" "../User/systick.c"
	.file	3 "E:\\Soway\\Soway_product-soft\\105 - T119-GD\\E230 -  ds18b20-F8\\MDK-ARM" "../GD32E230_Firmware_Library/CMSIS/GD/GD32E230/Include\\gd32e230.h"
	.file	4 "D:/Program Files\\Packs\\ARM\\CMSIS\\5.7.0\\CMSIS\\Core\\Include" "core_cm23.h"
	.section	.text.systick_config,"ax",%progbits
	.hidden	systick_config          @ -- Begin function systick_config
	.globl	systick_config
	.p2align	2
	.type	systick_config,%function
	.code	16                      @ @systick_config
	.thumb_func
systick_config:
.Lfunc_begin0:
	.loc	2 49 0                  @ ../User/systick.c:49:0
	.fnstart
	.cfi_sections .debug_frame
	.cfi_startproc
@ %bb.0:
	.save	{r7, lr}
	push	{r7, lr}
	.cfi_def_cfa_offset 8
	.cfi_offset lr, -4
	.cfi_offset r7, -8
	.pad	#8
	sub	sp, #8
	.cfi_def_cfa_offset 16
.Ltmp0:
	.loc	2 51 24 prologue_end    @ ../User/systick.c:51:24
	ldr	r0, __arm_cp.0_0
	ldr	r0, [r0]
	movw	r1, #1000
	.loc	2 51 40 is_stmt 0       @ ../User/systick.c:51:40
	udiv	r0, r0, r1
	.loc	2 51 9                  @ ../User/systick.c:51:9
	bl	SysTick_Config
.Ltmp1:
	.loc	2 51 9                  @ ../User/systick.c:51:9
	cmp	r0, #0
	beq	.LBB0_3
	b	.LBB0_1
.LBB0_1:
.Ltmp2:
	.loc	2 53 9 is_stmt 1        @ ../User/systick.c:53:9
	b	.LBB0_2
.LBB0_2:                                @ =>This Inner Loop Header: Depth=1
	b	.LBB0_2
.Ltmp3:
.LBB0_3:
	.loc	2 0 9 is_stmt 0         @ ../User/systick.c:0:9
	movs	r0, #0
	mvns	r1, r0
	.loc	2 57 5 is_stmt 1        @ ../User/systick.c:57:5
	str	r0, [sp, #4]            @ 4-byte Spill
	mov	r0, r1
	ldr	r1, [sp, #4]            @ 4-byte Reload
	bl	__NVIC_SetPriority
	.loc	2 58 1                  @ ../User/systick.c:58:1
	add	sp, #8
	pop	{r7, pc}
.Ltmp4:
	.p2align	2
@ %bb.4:
	.loc	2 0 1 is_stmt 0         @ ../User/systick.c:0:1
__arm_cp.0_0:
	.long	SystemCoreClock
.Lcpi_end0:
	.size	__arm_cp.0_0, .Lcpi_end0-__arm_cp.0_0
.Lfunc_end0:
	.size	systick_config, .Lfunc_end0-systick_config
	.cfi_endproc
	.cantunwind
	.fnend
                                        @ -- End function
	.section	.text.SysTick_Config,"ax",%progbits
	.p2align	2               @ -- Begin function SysTick_Config
	.type	SysTick_Config,%function
	.code	16                      @ @SysTick_Config
	.thumb_func
SysTick_Config:
.Lfunc_begin1:
	.loc	4 2239 0 is_stmt 1      @ D:/Program Files\Packs\ARM\CMSIS\5.7.0\CMSIS\Core\Include\core_cm23.h:2239:0
	.fnstart
	.cfi_startproc
@ %bb.0:
	.save	{r7, lr}
	push	{r7, lr}
	.cfi_def_cfa_offset 8
	.cfi_offset lr, -4
	.cfi_offset r7, -8
	.pad	#16
	sub	sp, #16
	.cfi_def_cfa_offset 24
	str	r0, [sp, #8]
.Ltmp5:
	.loc	4 2240 8 prologue_end   @ D:/Program Files\Packs\ARM\CMSIS\5.7.0\CMSIS\Core\Include\core_cm23.h:2240:8
	ldr	r0, [sp, #8]
	.loc	4 2240 14 is_stmt 0     @ D:/Program Files\Packs\ARM\CMSIS\5.7.0\CMSIS\Core\Include\core_cm23.h:2240:14
	subs	r0, r0, #1
.Ltmp6:
	.loc	4 2240 7                @ D:/Program Files\Packs\ARM\CMSIS\5.7.0\CMSIS\Core\Include\core_cm23.h:2240:7
	lsrs	r0, r0, #24
	cmp	r0, #0
	beq	.LBB1_2
	b	.LBB1_1
.LBB1_1:
	.loc	4 0 7                   @ D:/Program Files\Packs\ARM\CMSIS\5.7.0\CMSIS\Core\Include\core_cm23.h:0:7
	movs	r0, #1
.Ltmp7:
	.loc	4 2242 5 is_stmt 1      @ D:/Program Files\Packs\ARM\CMSIS\5.7.0\CMSIS\Core\Include\core_cm23.h:2242:5
	str	r0, [sp, #12]
	b	.LBB1_3
.Ltmp8:
.LBB1_2:
	.loc	4 2245 31               @ D:/Program Files\Packs\ARM\CMSIS\5.7.0\CMSIS\Core\Include\core_cm23.h:2245:31
	ldr	r0, [sp, #8]
	.loc	4 2245 37 is_stmt 0     @ D:/Program Files\Packs\ARM\CMSIS\5.7.0\CMSIS\Core\Include\core_cm23.h:2245:37
	subs	r0, r0, #1
	ldr	r1, __arm_cp.1_0
	.loc	4 2245 18               @ D:/Program Files\Packs\ARM\CMSIS\5.7.0\CMSIS\Core\Include\core_cm23.h:2245:18
	str	r0, [r1]
	movs	r0, #0
	mvns	r1, r0
	movs	r2, #3
	.loc	4 2246 3 is_stmt 1      @ D:/Program Files\Packs\ARM\CMSIS\5.7.0\CMSIS\Core\Include\core_cm23.h:2246:3
	str	r0, [sp, #4]            @ 4-byte Spill
	mov	r0, r1
	mov	r1, r2
	bl	__NVIC_SetPriority
	ldr	r0, __arm_cp.1_1
	.loc	4 2247 18               @ D:/Program Files\Packs\ARM\CMSIS\5.7.0\CMSIS\Core\Include\core_cm23.h:2247:18
	ldr	r1, [sp, #4]            @ 4-byte Reload
	str	r1, [r0]
	ldr	r0, __arm_cp.1_2
	movs	r2, #7
	.loc	4 2248 18               @ D:/Program Files\Packs\ARM\CMSIS\5.7.0\CMSIS\Core\Include\core_cm23.h:2248:18
	str	r2, [r0]
	.loc	4 2251 3                @ D:/Program Files\Packs\ARM\CMSIS\5.7.0\CMSIS\Core\Include\core_cm23.h:2251:3
	str	r1, [sp, #12]
	b	.LBB1_3
.LBB1_3:
	.loc	4 2252 1                @ D:/Program Files\Packs\ARM\CMSIS\5.7.0\CMSIS\Core\Include\core_cm23.h:2252:1
	ldr	r0, [sp, #12]
	add	sp, #16
	pop	{r7, pc}
.Ltmp9:
	.p2align	2
@ %bb.4:
	.loc	4 0 1 is_stmt 0         @ D:/Program Files\Packs\ARM\CMSIS\5.7.0\CMSIS\Core\Include\core_cm23.h:0:1
__arm_cp.1_0:
	.long	3758153748              @ 0xe000e014
.Lcpi_end1:
	.size	__arm_cp.1_0, .Lcpi_end1-__arm_cp.1_0
__arm_cp.1_1:
	.long	3758153752              @ 0xe000e018
.Lcpi_end2:
	.size	__arm_cp.1_1, .Lcpi_end2-__arm_cp.1_1
__arm_cp.1_2:
	.long	3758153744              @ 0xe000e010
.Lcpi_end3:
	.size	__arm_cp.1_2, .Lcpi_end3-__arm_cp.1_2
.Lfunc_end1:
	.size	SysTick_Config, .Lfunc_end1-SysTick_Config
	.cfi_endproc
	.cantunwind
	.fnend
                                        @ -- End function
	.section	.text.__NVIC_SetPriority,"ax",%progbits
	.p2align	2               @ -- Begin function __NVIC_SetPriority
	.type	__NVIC_SetPriority,%function
	.code	16                      @ @__NVIC_SetPriority
	.thumb_func
__NVIC_SetPriority:
.Lfunc_begin2:
	.loc	4 1722 0 is_stmt 1      @ D:/Program Files\Packs\ARM\CMSIS\5.7.0\CMSIS\Core\Include\core_cm23.h:1722:0
	.fnstart
	.cfi_startproc
@ %bb.0:
	.save	{r4, r5, r6, lr}
	push	{r4, r5, r6, lr}
	.cfi_def_cfa_offset 16
	.cfi_offset lr, -4
	.cfi_offset r6, -8
	.cfi_offset r5, -12
	.cfi_offset r4, -16
	.pad	#8
	sub	sp, #8
	.cfi_def_cfa_offset 24
	mov	r2, r0
	add	r3, sp, #4
	strb	r0, [r3]
	str	r1, [sp]
.Ltmp10:
	.loc	4 1723 17 prologue_end  @ D:/Program Files\Packs\ARM\CMSIS\5.7.0\CMSIS\Core\Include\core_cm23.h:1723:17
	ldrb	r0, [r3]
	sxtb	r0, r0
.Ltmp11:
	.loc	4 1723 7 is_stmt 0      @ D:/Program Files\Packs\ARM\CMSIS\5.7.0\CMSIS\Core\Include\core_cm23.h:1723:7
	cmp	r0, #0
	bmi	.LBB2_2
	b	.LBB2_1
.LBB2_1:
	.loc	4 0 7                   @ D:/Program Files\Packs\ARM\CMSIS\5.7.0\CMSIS\Core\Include\core_cm23.h:0:7
	add	r0, sp, #4
.Ltmp12:
	.loc	4 1725 55 is_stmt 1     @ D:/Program Files\Packs\ARM\CMSIS\5.7.0\CMSIS\Core\Include\core_cm23.h:1725:55
	ldrb	r1, [r0]
	sxtb	r1, r1
	movs	r2, #3
	mvns	r2, r2
	ands	r1, r2
	ldr	r3, __arm_cp.2_1
	.loc	4 1725 45 is_stmt 0     @ D:/Program Files\Packs\ARM\CMSIS\5.7.0\CMSIS\Core\Include\core_cm23.h:1725:45
	ldr	r1, [r1, r3]
	.loc	4 1725 85               @ D:/Program Files\Packs\ARM\CMSIS\5.7.0\CMSIS\Core\Include\core_cm23.h:1725:85
	ldrb	r0, [r0]
	sxtb	r0, r0
	lsls	r4, r0, #30
	lsrs	r4, r4, #27
	movs	r5, #255
	.loc	4 1725 82               @ D:/Program Files\Packs\ARM\CMSIS\5.7.0\CMSIS\Core\Include\core_cm23.h:1725:82
	lsls	r5, r4
	.loc	4 1725 71               @ D:/Program Files\Packs\ARM\CMSIS\5.7.0\CMSIS\Core\Include\core_cm23.h:1725:71
	bics	r1, r5
	.loc	4 1726 11 is_stmt 1     @ D:/Program Files\Packs\ARM\CMSIS\5.7.0\CMSIS\Core\Include\core_cm23.h:1726:11
	ldr	r5, [sp]
	.loc	4 1726 20 is_stmt 0     @ D:/Program Files\Packs\ARM\CMSIS\5.7.0\CMSIS\Core\Include\core_cm23.h:1726:20
	lsls	r5, r5, #6
	.loc	4 1726 48               @ D:/Program Files\Packs\ARM\CMSIS\5.7.0\CMSIS\Core\Include\core_cm23.h:1726:48
	uxtb	r5, r5
	.loc	4 1726 68               @ D:/Program Files\Packs\ARM\CMSIS\5.7.0\CMSIS\Core\Include\core_cm23.h:1726:68
	lsls	r5, r4
	.loc	4 1725 104 is_stmt 1    @ D:/Program Files\Packs\ARM\CMSIS\5.7.0\CMSIS\Core\Include\core_cm23.h:1725:104
	orrs	r1, r5
	.loc	4 1725 15 is_stmt 0     @ D:/Program Files\Packs\ARM\CMSIS\5.7.0\CMSIS\Core\Include\core_cm23.h:1725:15
	ands	r0, r2
	.loc	4 1725 31               @ D:/Program Files\Packs\ARM\CMSIS\5.7.0\CMSIS\Core\Include\core_cm23.h:1725:31
	str	r1, [r0, r3]
	.loc	4 1727 3 is_stmt 1      @ D:/Program Files\Packs\ARM\CMSIS\5.7.0\CMSIS\Core\Include\core_cm23.h:1727:3
	b	.LBB2_3
.Ltmp13:
.LBB2_2:
	.loc	4 0 3 is_stmt 0         @ D:/Program Files\Packs\ARM\CMSIS\5.7.0\CMSIS\Core\Include\core_cm23.h:0:3
	add	r0, sp, #4
.Ltmp14:
	.loc	4 1730 55 is_stmt 1     @ D:/Program Files\Packs\ARM\CMSIS\5.7.0\CMSIS\Core\Include\core_cm23.h:1730:55
	ldrb	r1, [r0]
	movs	r2, #15
	ands	r1, r2
	subs	r1, #8
	movs	r3, #3
	mvns	r3, r3
	ands	r1, r3
	ldr	r4, __arm_cp.2_0
	.loc	4 1730 45 is_stmt 0     @ D:/Program Files\Packs\ARM\CMSIS\5.7.0\CMSIS\Core\Include\core_cm23.h:1730:45
	ldr	r1, [r1, r4]
	.loc	4 1730 85               @ D:/Program Files\Packs\ARM\CMSIS\5.7.0\CMSIS\Core\Include\core_cm23.h:1730:85
	ldrb	r0, [r0]
	sxtb	r0, r0
	lsls	r5, r0, #30
	lsrs	r5, r5, #27
	movs	r6, #255
	.loc	4 1730 82               @ D:/Program Files\Packs\ARM\CMSIS\5.7.0\CMSIS\Core\Include\core_cm23.h:1730:82
	lsls	r6, r5
	.loc	4 1730 71               @ D:/Program Files\Packs\ARM\CMSIS\5.7.0\CMSIS\Core\Include\core_cm23.h:1730:71
	bics	r1, r6
	.loc	4 1731 11 is_stmt 1     @ D:/Program Files\Packs\ARM\CMSIS\5.7.0\CMSIS\Core\Include\core_cm23.h:1731:11
	ldr	r6, [sp]
	.loc	4 1731 20 is_stmt 0     @ D:/Program Files\Packs\ARM\CMSIS\5.7.0\CMSIS\Core\Include\core_cm23.h:1731:20
	lsls	r6, r6, #6
	.loc	4 1731 48               @ D:/Program Files\Packs\ARM\CMSIS\5.7.0\CMSIS\Core\Include\core_cm23.h:1731:48
	uxtb	r6, r6
	.loc	4 1731 68               @ D:/Program Files\Packs\ARM\CMSIS\5.7.0\CMSIS\Core\Include\core_cm23.h:1731:68
	lsls	r6, r5
	.loc	4 1730 104 is_stmt 1    @ D:/Program Files\Packs\ARM\CMSIS\5.7.0\CMSIS\Core\Include\core_cm23.h:1730:104
	orrs	r1, r6
	.loc	4 1730 15 is_stmt 0     @ D:/Program Files\Packs\ARM\CMSIS\5.7.0\CMSIS\Core\Include\core_cm23.h:1730:15
	ands	r0, r2
	subs	r0, #8
	ands	r0, r3
	.loc	4 1730 31               @ D:/Program Files\Packs\ARM\CMSIS\5.7.0\CMSIS\Core\Include\core_cm23.h:1730:31
	str	r1, [r0, r4]
	b	.LBB2_3
.Ltmp15:
.LBB2_3:
	.loc	4 1733 1 is_stmt 1      @ D:/Program Files\Packs\ARM\CMSIS\5.7.0\CMSIS\Core\Include\core_cm23.h:1733:1
	add	sp, #8
	pop	{r4, r5, r6, pc}
.Ltmp16:
	.p2align	2
@ %bb.4:
	.loc	4 0 1 is_stmt 0         @ D:/Program Files\Packs\ARM\CMSIS\5.7.0\CMSIS\Core\Include\core_cm23.h:0:1
__arm_cp.2_0:
	.long	3758157084              @ 0xe000ed1c
.Lcpi_end4:
	.size	__arm_cp.2_0, .Lcpi_end4-__arm_cp.2_0
__arm_cp.2_1:
	.long	3758154752              @ 0xe000e400
.Lcpi_end5:
	.size	__arm_cp.2_1, .Lcpi_end5-__arm_cp.2_1
.Lfunc_end2:
	.size	__NVIC_SetPriority, .Lfunc_end2-__NVIC_SetPriority
	.cfi_endproc
	.cantunwind
	.fnend
                                        @ -- End function
	.section	.text.delay_1ms,"ax",%progbits
	.hidden	delay_1ms               @ -- Begin function delay_1ms
	.globl	delay_1ms
	.p2align	2
	.type	delay_1ms,%function
	.code	16                      @ @delay_1ms
	.thumb_func
delay_1ms:
.Lfunc_begin3:
	.loc	2 67 0 is_stmt 1        @ ../User/systick.c:67:0
	.fnstart
	.cfi_startproc
@ %bb.0:
	.pad	#4
	sub	sp, #4
	.cfi_def_cfa_offset 4
	str	r0, [sp]
.Ltmp17:
	.loc	2 68 13 prologue_end    @ ../User/systick.c:68:13
	ldr	r0, [sp]
	.loc	2 68 11 is_stmt 0       @ ../User/systick.c:68:11
	ldr	r1, __arm_cp.3_0
	str	r0, [r1]
	.loc	2 70 5 is_stmt 1        @ ../User/systick.c:70:5
	b	.LBB3_1
.LBB3_1:                                @ =>This Inner Loop Header: Depth=1
	.loc	2 70 17 is_stmt 0       @ ../User/systick.c:70:17
	ldr	r0, __arm_cp.3_0
	ldr	r0, [r0]
	.loc	2 70 5                  @ ../User/systick.c:70:5
	cmp	r0, #0
	beq	.LBB3_3
	b	.LBB3_2
.LBB3_2:                                @   in Loop: Header=BB3_1 Depth=1
	b	.LBB3_1
.LBB3_3:
	.loc	2 72 1 is_stmt 1        @ ../User/systick.c:72:1
	add	sp, #4
	bx	lr
.Ltmp18:
	.p2align	2
@ %bb.4:
	.loc	2 0 1 is_stmt 0         @ ../User/systick.c:0:1
__arm_cp.3_0:
	.long	delay
.Lcpi_end6:
	.size	__arm_cp.3_0, .Lcpi_end6-__arm_cp.3_0
.Lfunc_end3:
	.size	delay_1ms, .Lfunc_end3-delay_1ms
	.cfi_endproc
	.cantunwind
	.fnend
                                        @ -- End function
	.section	.text.delay_decrement,"ax",%progbits
	.hidden	delay_decrement         @ -- Begin function delay_decrement
	.globl	delay_decrement
	.p2align	2
	.type	delay_decrement,%function
	.code	16                      @ @delay_decrement
	.thumb_func
delay_decrement:
.Lfunc_begin4:
	.loc	2 81 0 is_stmt 1        @ ../User/systick.c:81:0
	.fnstart
	.cfi_startproc
@ %bb.0:
	.loc	2 82 15 prologue_end    @ ../User/systick.c:82:15
	ldr	r0, __arm_cp.4_0
	ldr	r0, [r0]
.Ltmp19:
	.loc	2 82 9 is_stmt 0        @ ../User/systick.c:82:9
	cmp	r0, #0
	beq	.LBB4_2
	b	.LBB4_1
.LBB4_1:
.Ltmp20:
	.loc	2 83 14 is_stmt 1       @ ../User/systick.c:83:14
	ldr	r0, __arm_cp.4_0
	ldr	r1, [r0]
	subs	r1, r1, #1
	str	r1, [r0]
	.loc	2 84 5                  @ ../User/systick.c:84:5
	b	.LBB4_2
.Ltmp21:
.LBB4_2:
	.loc	2 85 1                  @ ../User/systick.c:85:1
	bx	lr
.Ltmp22:
	.p2align	2
@ %bb.3:
	.loc	2 0 1 is_stmt 0         @ ../User/systick.c:0:1
__arm_cp.4_0:
	.long	delay
.Lcpi_end7:
	.size	__arm_cp.4_0, .Lcpi_end7-__arm_cp.4_0
.Lfunc_end4:
	.size	delay_decrement, .Lfunc_end4-delay_decrement
	.cfi_endproc
	.cantunwind
	.fnend
                                        @ -- End function
	.type	delay,%object           @ @delay
	.section	.bss.delay,"aw",%nobits
	.p2align	2
delay:
	.long	0                       @ 0x0
	.size	delay, 4

	.section	.debug_str,"MS",%progbits,1
.Linfo_string0:
	.asciz	"Component: ARM Compiler 6.14 Tool: armclang [5db06c00]" @ string offset=0
.Linfo_string1:
	.asciz	"../User\\systick.c"    @ string offset=55
.Linfo_string2:
	.asciz	"E:\\Soway\\Soway_product-soft\\105 - T119-GD\\E230 -  ds18b20-F8\\MDK-ARM" @ string offset=73
.Linfo_string3:
	.asciz	"delay"                 @ string offset=142
.Linfo_string4:
	.asciz	"unsigned int"          @ string offset=148
.Linfo_string5:
	.asciz	"uint32_t"              @ string offset=161
.Linfo_string6:
	.asciz	"signed char"           @ string offset=170
.Linfo_string7:
	.asciz	"NonMaskableInt_IRQn"   @ string offset=182
.Linfo_string8:
	.asciz	"HardFault_IRQn"        @ string offset=202
.Linfo_string9:
	.asciz	"SVCall_IRQn"           @ string offset=217
.Linfo_string10:
	.asciz	"PendSV_IRQn"           @ string offset=229
.Linfo_string11:
	.asciz	"SysTick_IRQn"          @ string offset=241
.Linfo_string12:
	.asciz	"WWDGT_IRQn"            @ string offset=254
.Linfo_string13:
	.asciz	"LVD_IRQn"              @ string offset=265
.Linfo_string14:
	.asciz	"RTC_IRQn"              @ string offset=274
.Linfo_string15:
	.asciz	"FMC_IRQn"              @ string offset=283
.Linfo_string16:
	.asciz	"RCU_IRQn"              @ string offset=292
.Linfo_string17:
	.asciz	"EXTI0_1_IRQn"          @ string offset=301
.Linfo_string18:
	.asciz	"EXTI2_3_IRQn"          @ string offset=314
.Linfo_string19:
	.asciz	"EXTI4_15_IRQn"         @ string offset=327
.Linfo_string20:
	.asciz	"DMA_Channel0_IRQn"     @ string offset=341
.Linfo_string21:
	.asciz	"DMA_Channel1_2_IRQn"   @ string offset=359
.Linfo_string22:
	.asciz	"DMA_Channel3_4_IRQn"   @ string offset=379
.Linfo_string23:
	.asciz	"ADC_CMP_IRQn"          @ string offset=399
.Linfo_string24:
	.asciz	"TIMER0_BRK_UP_TRG_COM_IRQn" @ string offset=412
.Linfo_string25:
	.asciz	"TIMER0_Channel_IRQn"   @ string offset=439
.Linfo_string26:
	.asciz	"TIMER2_IRQn"           @ string offset=459
.Linfo_string27:
	.asciz	"TIMER5_IRQn"           @ string offset=471
.Linfo_string28:
	.asciz	"TIMER13_IRQn"          @ string offset=483
.Linfo_string29:
	.asciz	"TIMER14_IRQn"          @ string offset=496
.Linfo_string30:
	.asciz	"TIMER15_IRQn"          @ string offset=509
.Linfo_string31:
	.asciz	"TIMER16_IRQn"          @ string offset=522
.Linfo_string32:
	.asciz	"I2C0_EV_IRQn"          @ string offset=535
.Linfo_string33:
	.asciz	"I2C1_EV_IRQn"          @ string offset=548
.Linfo_string34:
	.asciz	"SPI0_IRQn"             @ string offset=561
.Linfo_string35:
	.asciz	"SPI1_IRQn"             @ string offset=571
.Linfo_string36:
	.asciz	"USART0_IRQn"           @ string offset=581
.Linfo_string37:
	.asciz	"USART1_IRQn"           @ string offset=593
.Linfo_string38:
	.asciz	"I2C0_ER_IRQn"          @ string offset=605
.Linfo_string39:
	.asciz	"I2C1_ER_IRQn"          @ string offset=618
.Linfo_string40:
	.asciz	"IRQn"                  @ string offset=631
.Linfo_string41:
	.asciz	"CTRL"                  @ string offset=636
.Linfo_string42:
	.asciz	"LOAD"                  @ string offset=641
.Linfo_string43:
	.asciz	"VAL"                   @ string offset=646
.Linfo_string44:
	.asciz	"CALIB"                 @ string offset=650
.Linfo_string45:
	.asciz	"SysTick_Type"          @ string offset=656
.Linfo_string46:
	.asciz	"int"                   @ string offset=669
.Linfo_string47:
	.asciz	"int32_t"               @ string offset=673
.Linfo_string48:
	.asciz	"ISER"                  @ string offset=681
.Linfo_string49:
	.asciz	"__ARRAY_SIZE_TYPE__"   @ string offset=686
.Linfo_string50:
	.asciz	"RESERVED0"             @ string offset=706
.Linfo_string51:
	.asciz	"ICER"                  @ string offset=716
.Linfo_string52:
	.asciz	"RSERVED1"              @ string offset=721
.Linfo_string53:
	.asciz	"ISPR"                  @ string offset=730
.Linfo_string54:
	.asciz	"RESERVED2"             @ string offset=735
.Linfo_string55:
	.asciz	"ICPR"                  @ string offset=745
.Linfo_string56:
	.asciz	"RESERVED3"             @ string offset=750
.Linfo_string57:
	.asciz	"IABR"                  @ string offset=760
.Linfo_string58:
	.asciz	"RESERVED4"             @ string offset=765
.Linfo_string59:
	.asciz	"ITNS"                  @ string offset=775
.Linfo_string60:
	.asciz	"RESERVED5"             @ string offset=780
.Linfo_string61:
	.asciz	"IPR"                   @ string offset=790
.Linfo_string62:
	.asciz	"NVIC_Type"             @ string offset=794
.Linfo_string63:
	.asciz	"CPUID"                 @ string offset=804
.Linfo_string64:
	.asciz	"ICSR"                  @ string offset=810
.Linfo_string65:
	.asciz	"VTOR"                  @ string offset=815
.Linfo_string66:
	.asciz	"AIRCR"                 @ string offset=820
.Linfo_string67:
	.asciz	"SCR"                   @ string offset=826
.Linfo_string68:
	.asciz	"CCR"                   @ string offset=830
.Linfo_string69:
	.asciz	"RESERVED1"             @ string offset=834
.Linfo_string70:
	.asciz	"SHPR"                  @ string offset=844
.Linfo_string71:
	.asciz	"SHCSR"                 @ string offset=849
.Linfo_string72:
	.asciz	"SCB_Type"              @ string offset=855
.Linfo_string73:
	.asciz	"systick_config"        @ string offset=864
.Linfo_string74:
	.asciz	"SysTick_Config"        @ string offset=879
.Linfo_string75:
	.asciz	"__NVIC_SetPriority"    @ string offset=894
.Linfo_string76:
	.asciz	"delay_1ms"             @ string offset=913
.Linfo_string77:
	.asciz	"delay_decrement"       @ string offset=923
.Linfo_string78:
	.asciz	"ticks"                 @ string offset=939
.Linfo_string79:
	.asciz	"IRQn_Type"             @ string offset=945
.Linfo_string80:
	.asciz	"priority"              @ string offset=955
.Linfo_string81:
	.asciz	"count"                 @ string offset=964
	.section	.debug_abbrev,"",%progbits
	.byte	1                       @ Abbreviation Code
	.byte	17                      @ DW_TAG_compile_unit
	.byte	1                       @ DW_CHILDREN_yes
	.byte	37                      @ DW_AT_producer
	.byte	14                      @ DW_FORM_strp
	.byte	19                      @ DW_AT_language
	.byte	5                       @ DW_FORM_data2
	.byte	3                       @ DW_AT_name
	.byte	14                      @ DW_FORM_strp
	.byte	16                      @ DW_AT_stmt_list
	.byte	6                       @ DW_FORM_data4
	.byte	27                      @ DW_AT_comp_dir
	.byte	14                      @ DW_FORM_strp
	.byte	17                      @ DW_AT_low_pc
	.byte	1                       @ DW_FORM_addr
	.byte	85                      @ DW_AT_ranges
	.byte	6                       @ DW_FORM_data4
	.byte	0                       @ EOM(1)
	.byte	0                       @ EOM(2)
	.byte	2                       @ Abbreviation Code
	.byte	52                      @ DW_TAG_variable
	.byte	0                       @ DW_CHILDREN_no
	.byte	3                       @ DW_AT_name
	.byte	14                      @ DW_FORM_strp
	.byte	73                      @ DW_AT_type
	.byte	19                      @ DW_FORM_ref4
	.byte	58                      @ DW_AT_decl_file
	.byte	11                      @ DW_FORM_data1
	.byte	59                      @ DW_AT_decl_line
	.byte	11                      @ DW_FORM_data1
	.byte	2                       @ DW_AT_location
	.byte	10                      @ DW_FORM_block1
	.byte	0                       @ EOM(1)
	.byte	0                       @ EOM(2)
	.byte	3                       @ Abbreviation Code
	.byte	53                      @ DW_TAG_volatile_type
	.byte	0                       @ DW_CHILDREN_no
	.byte	73                      @ DW_AT_type
	.byte	19                      @ DW_FORM_ref4
	.byte	0                       @ EOM(1)
	.byte	0                       @ EOM(2)
	.byte	4                       @ Abbreviation Code
	.byte	22                      @ DW_TAG_typedef
	.byte	0                       @ DW_CHILDREN_no
	.byte	73                      @ DW_AT_type
	.byte	19                      @ DW_FORM_ref4
	.byte	3                       @ DW_AT_name
	.byte	14                      @ DW_FORM_strp
	.byte	58                      @ DW_AT_decl_file
	.byte	11                      @ DW_FORM_data1
	.byte	59                      @ DW_AT_decl_line
	.byte	11                      @ DW_FORM_data1
	.byte	0                       @ EOM(1)
	.byte	0                       @ EOM(2)
	.byte	5                       @ Abbreviation Code
	.byte	36                      @ DW_TAG_base_type
	.byte	0                       @ DW_CHILDREN_no
	.byte	3                       @ DW_AT_name
	.byte	14                      @ DW_FORM_strp
	.byte	62                      @ DW_AT_encoding
	.byte	11                      @ DW_FORM_data1
	.byte	11                      @ DW_AT_byte_size
	.byte	11                      @ DW_FORM_data1
	.byte	0                       @ EOM(1)
	.byte	0                       @ EOM(2)
	.byte	6                       @ Abbreviation Code
	.byte	4                       @ DW_TAG_enumeration_type
	.byte	1                       @ DW_CHILDREN_yes
	.byte	73                      @ DW_AT_type
	.byte	19                      @ DW_FORM_ref4
	.byte	3                       @ DW_AT_name
	.byte	14                      @ DW_FORM_strp
	.byte	11                      @ DW_AT_byte_size
	.byte	11                      @ DW_FORM_data1
	.byte	58                      @ DW_AT_decl_file
	.byte	11                      @ DW_FORM_data1
	.byte	59                      @ DW_AT_decl_line
	.byte	11                      @ DW_FORM_data1
	.byte	0                       @ EOM(1)
	.byte	0                       @ EOM(2)
	.byte	7                       @ Abbreviation Code
	.byte	40                      @ DW_TAG_enumerator
	.byte	0                       @ DW_CHILDREN_no
	.byte	3                       @ DW_AT_name
	.byte	14                      @ DW_FORM_strp
	.byte	28                      @ DW_AT_const_value
	.byte	13                      @ DW_FORM_sdata
	.byte	0                       @ EOM(1)
	.byte	0                       @ EOM(2)
	.byte	8                       @ Abbreviation Code
	.byte	15                      @ DW_TAG_pointer_type
	.byte	0                       @ DW_CHILDREN_no
	.byte	73                      @ DW_AT_type
	.byte	19                      @ DW_FORM_ref4
	.byte	0                       @ EOM(1)
	.byte	0                       @ EOM(2)
	.byte	9                       @ Abbreviation Code
	.byte	22                      @ DW_TAG_typedef
	.byte	0                       @ DW_CHILDREN_no
	.byte	73                      @ DW_AT_type
	.byte	19                      @ DW_FORM_ref4
	.byte	3                       @ DW_AT_name
	.byte	14                      @ DW_FORM_strp
	.byte	58                      @ DW_AT_decl_file
	.byte	11                      @ DW_FORM_data1
	.byte	59                      @ DW_AT_decl_line
	.byte	5                       @ DW_FORM_data2
	.byte	0                       @ EOM(1)
	.byte	0                       @ EOM(2)
	.byte	10                      @ Abbreviation Code
	.byte	19                      @ DW_TAG_structure_type
	.byte	1                       @ DW_CHILDREN_yes
	.byte	11                      @ DW_AT_byte_size
	.byte	11                      @ DW_FORM_data1
	.byte	58                      @ DW_AT_decl_file
	.byte	11                      @ DW_FORM_data1
	.byte	59                      @ DW_AT_decl_line
	.byte	5                       @ DW_FORM_data2
	.byte	0                       @ EOM(1)
	.byte	0                       @ EOM(2)
	.byte	11                      @ Abbreviation Code
	.byte	13                      @ DW_TAG_member
	.byte	0                       @ DW_CHILDREN_no
	.byte	3                       @ DW_AT_name
	.byte	14                      @ DW_FORM_strp
	.byte	73                      @ DW_AT_type
	.byte	19                      @ DW_FORM_ref4
	.byte	58                      @ DW_AT_decl_file
	.byte	11                      @ DW_FORM_data1
	.byte	59                      @ DW_AT_decl_line
	.byte	5                       @ DW_FORM_data2
	.byte	56                      @ DW_AT_data_member_location
	.byte	11                      @ DW_FORM_data1
	.byte	0                       @ EOM(1)
	.byte	0                       @ EOM(2)
	.byte	12                      @ Abbreviation Code
	.byte	38                      @ DW_TAG_const_type
	.byte	0                       @ DW_CHILDREN_no
	.byte	73                      @ DW_AT_type
	.byte	19                      @ DW_FORM_ref4
	.byte	0                       @ EOM(1)
	.byte	0                       @ EOM(2)
	.byte	13                      @ Abbreviation Code
	.byte	19                      @ DW_TAG_structure_type
	.byte	1                       @ DW_CHILDREN_yes
	.byte	11                      @ DW_AT_byte_size
	.byte	5                       @ DW_FORM_data2
	.byte	58                      @ DW_AT_decl_file
	.byte	11                      @ DW_FORM_data1
	.byte	59                      @ DW_AT_decl_line
	.byte	5                       @ DW_FORM_data2
	.byte	0                       @ EOM(1)
	.byte	0                       @ EOM(2)
	.byte	14                      @ Abbreviation Code
	.byte	13                      @ DW_TAG_member
	.byte	0                       @ DW_CHILDREN_no
	.byte	3                       @ DW_AT_name
	.byte	14                      @ DW_FORM_strp
	.byte	73                      @ DW_AT_type
	.byte	19                      @ DW_FORM_ref4
	.byte	58                      @ DW_AT_decl_file
	.byte	11                      @ DW_FORM_data1
	.byte	59                      @ DW_AT_decl_line
	.byte	5                       @ DW_FORM_data2
	.byte	56                      @ DW_AT_data_member_location
	.byte	5                       @ DW_FORM_data2
	.byte	0                       @ EOM(1)
	.byte	0                       @ EOM(2)
	.byte	15                      @ Abbreviation Code
	.byte	1                       @ DW_TAG_array_type
	.byte	1                       @ DW_CHILDREN_yes
	.byte	73                      @ DW_AT_type
	.byte	19                      @ DW_FORM_ref4
	.byte	0                       @ EOM(1)
	.byte	0                       @ EOM(2)
	.byte	16                      @ Abbreviation Code
	.byte	33                      @ DW_TAG_subrange_type
	.byte	0                       @ DW_CHILDREN_no
	.byte	73                      @ DW_AT_type
	.byte	19                      @ DW_FORM_ref4
	.byte	55                      @ DW_AT_count
	.byte	11                      @ DW_FORM_data1
	.byte	0                       @ EOM(1)
	.byte	0                       @ EOM(2)
	.byte	17                      @ Abbreviation Code
	.byte	36                      @ DW_TAG_base_type
	.byte	0                       @ DW_CHILDREN_no
	.byte	3                       @ DW_AT_name
	.byte	14                      @ DW_FORM_strp
	.byte	11                      @ DW_AT_byte_size
	.byte	11                      @ DW_FORM_data1
	.byte	62                      @ DW_AT_encoding
	.byte	11                      @ DW_FORM_data1
	.byte	0                       @ EOM(1)
	.byte	0                       @ EOM(2)
	.byte	18                      @ Abbreviation Code
	.byte	46                      @ DW_TAG_subprogram
	.byte	0                       @ DW_CHILDREN_no
	.byte	17                      @ DW_AT_low_pc
	.byte	1                       @ DW_FORM_addr
	.byte	18                      @ DW_AT_high_pc
	.byte	1                       @ DW_FORM_addr
	.byte	64                      @ DW_AT_frame_base
	.byte	10                      @ DW_FORM_block1
	.byte	3                       @ DW_AT_name
	.byte	14                      @ DW_FORM_strp
	.byte	58                      @ DW_AT_decl_file
	.byte	11                      @ DW_FORM_data1
	.byte	59                      @ DW_AT_decl_line
	.byte	11                      @ DW_FORM_data1
	.byte	39                      @ DW_AT_prototyped
	.byte	12                      @ DW_FORM_flag
	.byte	63                      @ DW_AT_external
	.byte	12                      @ DW_FORM_flag
	.byte	0                       @ EOM(1)
	.byte	0                       @ EOM(2)
	.byte	19                      @ Abbreviation Code
	.byte	46                      @ DW_TAG_subprogram
	.byte	1                       @ DW_CHILDREN_yes
	.byte	17                      @ DW_AT_low_pc
	.byte	1                       @ DW_FORM_addr
	.byte	18                      @ DW_AT_high_pc
	.byte	1                       @ DW_FORM_addr
	.byte	64                      @ DW_AT_frame_base
	.byte	10                      @ DW_FORM_block1
	.byte	3                       @ DW_AT_name
	.byte	14                      @ DW_FORM_strp
	.byte	58                      @ DW_AT_decl_file
	.byte	11                      @ DW_FORM_data1
	.byte	59                      @ DW_AT_decl_line
	.byte	5                       @ DW_FORM_data2
	.byte	39                      @ DW_AT_prototyped
	.byte	12                      @ DW_FORM_flag
	.byte	73                      @ DW_AT_type
	.byte	19                      @ DW_FORM_ref4
	.byte	0                       @ EOM(1)
	.byte	0                       @ EOM(2)
	.byte	20                      @ Abbreviation Code
	.byte	5                       @ DW_TAG_formal_parameter
	.byte	0                       @ DW_CHILDREN_no
	.byte	2                       @ DW_AT_location
	.byte	10                      @ DW_FORM_block1
	.byte	3                       @ DW_AT_name
	.byte	14                      @ DW_FORM_strp
	.byte	58                      @ DW_AT_decl_file
	.byte	11                      @ DW_FORM_data1
	.byte	59                      @ DW_AT_decl_line
	.byte	5                       @ DW_FORM_data2
	.byte	73                      @ DW_AT_type
	.byte	19                      @ DW_FORM_ref4
	.byte	0                       @ EOM(1)
	.byte	0                       @ EOM(2)
	.byte	21                      @ Abbreviation Code
	.byte	46                      @ DW_TAG_subprogram
	.byte	1                       @ DW_CHILDREN_yes
	.byte	17                      @ DW_AT_low_pc
	.byte	1                       @ DW_FORM_addr
	.byte	18                      @ DW_AT_high_pc
	.byte	1                       @ DW_FORM_addr
	.byte	64                      @ DW_AT_frame_base
	.byte	10                      @ DW_FORM_block1
	.byte	3                       @ DW_AT_name
	.byte	14                      @ DW_FORM_strp
	.byte	58                      @ DW_AT_decl_file
	.byte	11                      @ DW_FORM_data1
	.byte	59                      @ DW_AT_decl_line
	.byte	5                       @ DW_FORM_data2
	.byte	39                      @ DW_AT_prototyped
	.byte	12                      @ DW_FORM_flag
	.byte	0                       @ EOM(1)
	.byte	0                       @ EOM(2)
	.byte	22                      @ Abbreviation Code
	.byte	46                      @ DW_TAG_subprogram
	.byte	1                       @ DW_CHILDREN_yes
	.byte	17                      @ DW_AT_low_pc
	.byte	1                       @ DW_FORM_addr
	.byte	18                      @ DW_AT_high_pc
	.byte	1                       @ DW_FORM_addr
	.byte	64                      @ DW_AT_frame_base
	.byte	10                      @ DW_FORM_block1
	.byte	3                       @ DW_AT_name
	.byte	14                      @ DW_FORM_strp
	.byte	58                      @ DW_AT_decl_file
	.byte	11                      @ DW_FORM_data1
	.byte	59                      @ DW_AT_decl_line
	.byte	11                      @ DW_FORM_data1
	.byte	39                      @ DW_AT_prototyped
	.byte	12                      @ DW_FORM_flag
	.byte	63                      @ DW_AT_external
	.byte	12                      @ DW_FORM_flag
	.byte	0                       @ EOM(1)
	.byte	0                       @ EOM(2)
	.byte	23                      @ Abbreviation Code
	.byte	5                       @ DW_TAG_formal_parameter
	.byte	0                       @ DW_CHILDREN_no
	.byte	2                       @ DW_AT_location
	.byte	10                      @ DW_FORM_block1
	.byte	3                       @ DW_AT_name
	.byte	14                      @ DW_FORM_strp
	.byte	58                      @ DW_AT_decl_file
	.byte	11                      @ DW_FORM_data1
	.byte	59                      @ DW_AT_decl_line
	.byte	11                      @ DW_FORM_data1
	.byte	73                      @ DW_AT_type
	.byte	19                      @ DW_FORM_ref4
	.byte	0                       @ EOM(1)
	.byte	0                       @ EOM(2)
	.byte	0                       @ EOM(3)
	.section	.debug_info,"",%progbits
.Lcu_begin0:
	.long	.Ldebug_info_end0-.Ldebug_info_start0 @ Length of Unit
.Ldebug_info_start0:
	.short	3                       @ DWARF version number
	.long	.debug_abbrev           @ Offset Into Abbrev. Section
	.byte	4                       @ Address Size (in bytes)
	.byte	1                       @ Abbrev [1] 0xb:0x3b9 DW_TAG_compile_unit
	.long	.Linfo_string0          @ DW_AT_producer
	.short	12                      @ DW_AT_language
	.long	.Linfo_string1          @ DW_AT_name
	.long	.Lline_table_start0     @ DW_AT_stmt_list
	.long	.Linfo_string2          @ DW_AT_comp_dir
	.long	0                       @ DW_AT_low_pc
	.long	.Ldebug_ranges0         @ DW_AT_ranges
	.byte	2                       @ Abbrev [2] 0x26:0x11 DW_TAG_variable
	.long	.Linfo_string3          @ DW_AT_name
	.long	55                      @ DW_AT_type
	.byte	2                       @ DW_AT_decl_file
	.byte	40                      @ DW_AT_decl_line
	.byte	5                       @ DW_AT_location
	.byte	3
	.long	delay
	.byte	3                       @ Abbrev [3] 0x37:0x5 DW_TAG_volatile_type
	.long	60                      @ DW_AT_type
	.byte	4                       @ Abbrev [4] 0x3c:0xb DW_TAG_typedef
	.long	71                      @ DW_AT_type
	.long	.Linfo_string5          @ DW_AT_name
	.byte	1                       @ DW_AT_decl_file
	.byte	64                      @ DW_AT_decl_line
	.byte	5                       @ Abbrev [5] 0x47:0x7 DW_TAG_base_type
	.long	.Linfo_string4          @ DW_AT_name
	.byte	7                       @ DW_AT_encoding
	.byte	4                       @ DW_AT_byte_size
	.byte	6                       @ Abbrev [6] 0x4e:0xd3 DW_TAG_enumeration_type
	.long	289                     @ DW_AT_type
	.long	.Linfo_string40         @ DW_AT_name
	.byte	1                       @ DW_AT_byte_size
	.byte	3                       @ DW_AT_decl_file
	.byte	110                     @ DW_AT_decl_line
	.byte	7                       @ Abbrev [7] 0x5a:0x6 DW_TAG_enumerator
	.long	.Linfo_string7          @ DW_AT_name
	.byte	114                     @ DW_AT_const_value
	.byte	7                       @ Abbrev [7] 0x60:0x6 DW_TAG_enumerator
	.long	.Linfo_string8          @ DW_AT_name
	.byte	115                     @ DW_AT_const_value
	.byte	7                       @ Abbrev [7] 0x66:0x6 DW_TAG_enumerator
	.long	.Linfo_string9          @ DW_AT_name
	.byte	123                     @ DW_AT_const_value
	.byte	7                       @ Abbrev [7] 0x6c:0x6 DW_TAG_enumerator
	.long	.Linfo_string10         @ DW_AT_name
	.byte	126                     @ DW_AT_const_value
	.byte	7                       @ Abbrev [7] 0x72:0x6 DW_TAG_enumerator
	.long	.Linfo_string11         @ DW_AT_name
	.byte	127                     @ DW_AT_const_value
	.byte	7                       @ Abbrev [7] 0x78:0x6 DW_TAG_enumerator
	.long	.Linfo_string12         @ DW_AT_name
	.byte	0                       @ DW_AT_const_value
	.byte	7                       @ Abbrev [7] 0x7e:0x6 DW_TAG_enumerator
	.long	.Linfo_string13         @ DW_AT_name
	.byte	1                       @ DW_AT_const_value
	.byte	7                       @ Abbrev [7] 0x84:0x6 DW_TAG_enumerator
	.long	.Linfo_string14         @ DW_AT_name
	.byte	2                       @ DW_AT_const_value
	.byte	7                       @ Abbrev [7] 0x8a:0x6 DW_TAG_enumerator
	.long	.Linfo_string15         @ DW_AT_name
	.byte	3                       @ DW_AT_const_value
	.byte	7                       @ Abbrev [7] 0x90:0x6 DW_TAG_enumerator
	.long	.Linfo_string16         @ DW_AT_name
	.byte	4                       @ DW_AT_const_value
	.byte	7                       @ Abbrev [7] 0x96:0x6 DW_TAG_enumerator
	.long	.Linfo_string17         @ DW_AT_name
	.byte	5                       @ DW_AT_const_value
	.byte	7                       @ Abbrev [7] 0x9c:0x6 DW_TAG_enumerator
	.long	.Linfo_string18         @ DW_AT_name
	.byte	6                       @ DW_AT_const_value
	.byte	7                       @ Abbrev [7] 0xa2:0x6 DW_TAG_enumerator
	.long	.Linfo_string19         @ DW_AT_name
	.byte	7                       @ DW_AT_const_value
	.byte	7                       @ Abbrev [7] 0xa8:0x6 DW_TAG_enumerator
	.long	.Linfo_string20         @ DW_AT_name
	.byte	9                       @ DW_AT_const_value
	.byte	7                       @ Abbrev [7] 0xae:0x6 DW_TAG_enumerator
	.long	.Linfo_string21         @ DW_AT_name
	.byte	10                      @ DW_AT_const_value
	.byte	7                       @ Abbrev [7] 0xb4:0x6 DW_TAG_enumerator
	.long	.Linfo_string22         @ DW_AT_name
	.byte	11                      @ DW_AT_const_value
	.byte	7                       @ Abbrev [7] 0xba:0x6 DW_TAG_enumerator
	.long	.Linfo_string23         @ DW_AT_name
	.byte	12                      @ DW_AT_const_value
	.byte	7                       @ Abbrev [7] 0xc0:0x6 DW_TAG_enumerator
	.long	.Linfo_string24         @ DW_AT_name
	.byte	13                      @ DW_AT_const_value
	.byte	7                       @ Abbrev [7] 0xc6:0x6 DW_TAG_enumerator
	.long	.Linfo_string25         @ DW_AT_name
	.byte	14                      @ DW_AT_const_value
	.byte	7                       @ Abbrev [7] 0xcc:0x6 DW_TAG_enumerator
	.long	.Linfo_string26         @ DW_AT_name
	.byte	16                      @ DW_AT_const_value
	.byte	7                       @ Abbrev [7] 0xd2:0x6 DW_TAG_enumerator
	.long	.Linfo_string27         @ DW_AT_name
	.byte	17                      @ DW_AT_const_value
	.byte	7                       @ Abbrev [7] 0xd8:0x6 DW_TAG_enumerator
	.long	.Linfo_string28         @ DW_AT_name
	.byte	19                      @ DW_AT_const_value
	.byte	7                       @ Abbrev [7] 0xde:0x6 DW_TAG_enumerator
	.long	.Linfo_string29         @ DW_AT_name
	.byte	20                      @ DW_AT_const_value
	.byte	7                       @ Abbrev [7] 0xe4:0x6 DW_TAG_enumerator
	.long	.Linfo_string30         @ DW_AT_name
	.byte	21                      @ DW_AT_const_value
	.byte	7                       @ Abbrev [7] 0xea:0x6 DW_TAG_enumerator
	.long	.Linfo_string31         @ DW_AT_name
	.byte	22                      @ DW_AT_const_value
	.byte	7                       @ Abbrev [7] 0xf0:0x6 DW_TAG_enumerator
	.long	.Linfo_string32         @ DW_AT_name
	.byte	23                      @ DW_AT_const_value
	.byte	7                       @ Abbrev [7] 0xf6:0x6 DW_TAG_enumerator
	.long	.Linfo_string33         @ DW_AT_name
	.byte	24                      @ DW_AT_const_value
	.byte	7                       @ Abbrev [7] 0xfc:0x6 DW_TAG_enumerator
	.long	.Linfo_string34         @ DW_AT_name
	.byte	25                      @ DW_AT_const_value
	.byte	7                       @ Abbrev [7] 0x102:0x6 DW_TAG_enumerator
	.long	.Linfo_string35         @ DW_AT_name
	.byte	26                      @ DW_AT_const_value
	.byte	7                       @ Abbrev [7] 0x108:0x6 DW_TAG_enumerator
	.long	.Linfo_string36         @ DW_AT_name
	.byte	27                      @ DW_AT_const_value
	.byte	7                       @ Abbrev [7] 0x10e:0x6 DW_TAG_enumerator
	.long	.Linfo_string37         @ DW_AT_name
	.byte	28                      @ DW_AT_const_value
	.byte	7                       @ Abbrev [7] 0x114:0x6 DW_TAG_enumerator
	.long	.Linfo_string38         @ DW_AT_name
	.byte	32                      @ DW_AT_const_value
	.byte	7                       @ Abbrev [7] 0x11a:0x6 DW_TAG_enumerator
	.long	.Linfo_string39         @ DW_AT_name
	.byte	34                      @ DW_AT_const_value
	.byte	0                       @ End Of Children Mark
	.byte	5                       @ Abbrev [5] 0x121:0x7 DW_TAG_base_type
	.long	.Linfo_string6          @ DW_AT_name
	.byte	6                       @ DW_AT_encoding
	.byte	1                       @ DW_AT_byte_size
	.byte	8                       @ Abbrev [8] 0x128:0x5 DW_TAG_pointer_type
	.long	301                     @ DW_AT_type
	.byte	9                       @ Abbrev [9] 0x12d:0xc DW_TAG_typedef
	.long	313                     @ DW_AT_type
	.long	.Linfo_string45         @ DW_AT_name
	.byte	4                       @ DW_AT_decl_file
	.short	566                     @ DW_AT_decl_line
	.byte	10                      @ Abbrev [10] 0x139:0x3a DW_TAG_structure_type
	.byte	16                      @ DW_AT_byte_size
	.byte	4                       @ DW_AT_decl_file
	.short	560                     @ DW_AT_decl_line
	.byte	11                      @ Abbrev [11] 0x13e:0xd DW_TAG_member
	.long	.Linfo_string41         @ DW_AT_name
	.long	55                      @ DW_AT_type
	.byte	4                       @ DW_AT_decl_file
	.short	562                     @ DW_AT_decl_line
	.byte	0                       @ DW_AT_data_member_location
	.byte	11                      @ Abbrev [11] 0x14b:0xd DW_TAG_member
	.long	.Linfo_string42         @ DW_AT_name
	.long	55                      @ DW_AT_type
	.byte	4                       @ DW_AT_decl_file
	.short	563                     @ DW_AT_decl_line
	.byte	4                       @ DW_AT_data_member_location
	.byte	11                      @ Abbrev [11] 0x158:0xd DW_TAG_member
	.long	.Linfo_string43         @ DW_AT_name
	.long	55                      @ DW_AT_type
	.byte	4                       @ DW_AT_decl_file
	.short	564                     @ DW_AT_decl_line
	.byte	8                       @ DW_AT_data_member_location
	.byte	11                      @ Abbrev [11] 0x165:0xd DW_TAG_member
	.long	.Linfo_string44         @ DW_AT_name
	.long	371                     @ DW_AT_type
	.byte	4                       @ DW_AT_decl_file
	.short	565                     @ DW_AT_decl_line
	.byte	12                      @ DW_AT_data_member_location
	.byte	0                       @ End Of Children Mark
	.byte	12                      @ Abbrev [12] 0x173:0x5 DW_TAG_const_type
	.long	55                      @ DW_AT_type
	.byte	4                       @ Abbrev [4] 0x178:0xb DW_TAG_typedef
	.long	387                     @ DW_AT_type
	.long	.Linfo_string47         @ DW_AT_name
	.byte	1                       @ DW_AT_decl_file
	.byte	58                      @ DW_AT_decl_line
	.byte	5                       @ Abbrev [5] 0x183:0x7 DW_TAG_base_type
	.long	.Linfo_string46         @ DW_AT_name
	.byte	5                       @ DW_AT_encoding
	.byte	4                       @ DW_AT_byte_size
	.byte	8                       @ Abbrev [8] 0x18a:0x5 DW_TAG_pointer_type
	.long	399                     @ DW_AT_type
	.byte	9                       @ Abbrev [9] 0x18f:0xc DW_TAG_typedef
	.long	411                     @ DW_AT_type
	.long	.Linfo_string62         @ DW_AT_name
	.byte	4                       @ DW_AT_decl_file
	.short	368                     @ DW_AT_decl_line
	.byte	13                      @ Abbrev [13] 0x19b:0xb9 DW_TAG_structure_type
	.short	1264                    @ DW_AT_byte_size
	.byte	4                       @ DW_AT_decl_file
	.short	353                     @ DW_AT_decl_line
	.byte	11                      @ Abbrev [11] 0x1a1:0xd DW_TAG_member
	.long	.Linfo_string48         @ DW_AT_name
	.long	596                     @ DW_AT_type
	.byte	4                       @ DW_AT_decl_file
	.short	355                     @ DW_AT_decl_line
	.byte	0                       @ DW_AT_data_member_location
	.byte	11                      @ Abbrev [11] 0x1ae:0xd DW_TAG_member
	.long	.Linfo_string50         @ DW_AT_name
	.long	615                     @ DW_AT_type
	.byte	4                       @ DW_AT_decl_file
	.short	356                     @ DW_AT_decl_line
	.byte	64                      @ DW_AT_data_member_location
	.byte	11                      @ Abbrev [11] 0x1bb:0xd DW_TAG_member
	.long	.Linfo_string51         @ DW_AT_name
	.long	596                     @ DW_AT_type
	.byte	4                       @ DW_AT_decl_file
	.short	357                     @ DW_AT_decl_line
	.byte	128                     @ DW_AT_data_member_location
	.byte	11                      @ Abbrev [11] 0x1c8:0xd DW_TAG_member
	.long	.Linfo_string52         @ DW_AT_name
	.long	615                     @ DW_AT_type
	.byte	4                       @ DW_AT_decl_file
	.short	358                     @ DW_AT_decl_line
	.byte	192                     @ DW_AT_data_member_location
	.byte	14                      @ Abbrev [14] 0x1d5:0xe DW_TAG_member
	.long	.Linfo_string53         @ DW_AT_name
	.long	596                     @ DW_AT_type
	.byte	4                       @ DW_AT_decl_file
	.short	359                     @ DW_AT_decl_line
	.short	256                     @ DW_AT_data_member_location
	.byte	14                      @ Abbrev [14] 0x1e3:0xe DW_TAG_member
	.long	.Linfo_string54         @ DW_AT_name
	.long	615                     @ DW_AT_type
	.byte	4                       @ DW_AT_decl_file
	.short	360                     @ DW_AT_decl_line
	.short	320                     @ DW_AT_data_member_location
	.byte	14                      @ Abbrev [14] 0x1f1:0xe DW_TAG_member
	.long	.Linfo_string55         @ DW_AT_name
	.long	596                     @ DW_AT_type
	.byte	4                       @ DW_AT_decl_file
	.short	361                     @ DW_AT_decl_line
	.short	384                     @ DW_AT_data_member_location
	.byte	14                      @ Abbrev [14] 0x1ff:0xe DW_TAG_member
	.long	.Linfo_string56         @ DW_AT_name
	.long	615                     @ DW_AT_type
	.byte	4                       @ DW_AT_decl_file
	.short	362                     @ DW_AT_decl_line
	.short	448                     @ DW_AT_data_member_location
	.byte	14                      @ Abbrev [14] 0x20d:0xe DW_TAG_member
	.long	.Linfo_string57         @ DW_AT_name
	.long	596                     @ DW_AT_type
	.byte	4                       @ DW_AT_decl_file
	.short	363                     @ DW_AT_decl_line
	.short	512                     @ DW_AT_data_member_location
	.byte	14                      @ Abbrev [14] 0x21b:0xe DW_TAG_member
	.long	.Linfo_string58         @ DW_AT_name
	.long	615                     @ DW_AT_type
	.byte	4                       @ DW_AT_decl_file
	.short	364                     @ DW_AT_decl_line
	.short	576                     @ DW_AT_data_member_location
	.byte	14                      @ Abbrev [14] 0x229:0xe DW_TAG_member
	.long	.Linfo_string59         @ DW_AT_name
	.long	596                     @ DW_AT_type
	.byte	4                       @ DW_AT_decl_file
	.short	365                     @ DW_AT_decl_line
	.short	640                     @ DW_AT_data_member_location
	.byte	14                      @ Abbrev [14] 0x237:0xe DW_TAG_member
	.long	.Linfo_string60         @ DW_AT_name
	.long	615                     @ DW_AT_type
	.byte	4                       @ DW_AT_decl_file
	.short	366                     @ DW_AT_decl_line
	.short	704                     @ DW_AT_data_member_location
	.byte	14                      @ Abbrev [14] 0x245:0xe DW_TAG_member
	.long	.Linfo_string61         @ DW_AT_name
	.long	627                     @ DW_AT_type
	.byte	4                       @ DW_AT_decl_file
	.short	367                     @ DW_AT_decl_line
	.short	768                     @ DW_AT_data_member_location
	.byte	0                       @ End Of Children Mark
	.byte	15                      @ Abbrev [15] 0x254:0xc DW_TAG_array_type
	.long	55                      @ DW_AT_type
	.byte	16                      @ Abbrev [16] 0x259:0x6 DW_TAG_subrange_type
	.long	608                     @ DW_AT_type
	.byte	16                      @ DW_AT_count
	.byte	0                       @ End Of Children Mark
	.byte	17                      @ Abbrev [17] 0x260:0x7 DW_TAG_base_type
	.long	.Linfo_string49         @ DW_AT_name
	.byte	8                       @ DW_AT_byte_size
	.byte	7                       @ DW_AT_encoding
	.byte	15                      @ Abbrev [15] 0x267:0xc DW_TAG_array_type
	.long	60                      @ DW_AT_type
	.byte	16                      @ Abbrev [16] 0x26c:0x6 DW_TAG_subrange_type
	.long	608                     @ DW_AT_type
	.byte	16                      @ DW_AT_count
	.byte	0                       @ End Of Children Mark
	.byte	15                      @ Abbrev [15] 0x273:0xc DW_TAG_array_type
	.long	55                      @ DW_AT_type
	.byte	16                      @ Abbrev [16] 0x278:0x6 DW_TAG_subrange_type
	.long	608                     @ DW_AT_type
	.byte	124                     @ DW_AT_count
	.byte	0                       @ End Of Children Mark
	.byte	8                       @ Abbrev [8] 0x27f:0x5 DW_TAG_pointer_type
	.long	644                     @ DW_AT_type
	.byte	9                       @ Abbrev [9] 0x284:0xc DW_TAG_typedef
	.long	656                     @ DW_AT_type
	.long	.Linfo_string72         @ DW_AT_name
	.byte	4                       @ DW_AT_decl_file
	.short	398                     @ DW_AT_decl_line
	.byte	10                      @ Abbrev [10] 0x290:0x7b DW_TAG_structure_type
	.byte	40                      @ DW_AT_byte_size
	.byte	4                       @ DW_AT_decl_file
	.short	383                     @ DW_AT_decl_line
	.byte	11                      @ Abbrev [11] 0x295:0xd DW_TAG_member
	.long	.Linfo_string63         @ DW_AT_name
	.long	371                     @ DW_AT_type
	.byte	4                       @ DW_AT_decl_file
	.short	385                     @ DW_AT_decl_line
	.byte	0                       @ DW_AT_data_member_location
	.byte	11                      @ Abbrev [11] 0x2a2:0xd DW_TAG_member
	.long	.Linfo_string64         @ DW_AT_name
	.long	55                      @ DW_AT_type
	.byte	4                       @ DW_AT_decl_file
	.short	386                     @ DW_AT_decl_line
	.byte	4                       @ DW_AT_data_member_location
	.byte	11                      @ Abbrev [11] 0x2af:0xd DW_TAG_member
	.long	.Linfo_string65         @ DW_AT_name
	.long	55                      @ DW_AT_type
	.byte	4                       @ DW_AT_decl_file
	.short	388                     @ DW_AT_decl_line
	.byte	8                       @ DW_AT_data_member_location
	.byte	11                      @ Abbrev [11] 0x2bc:0xd DW_TAG_member
	.long	.Linfo_string66         @ DW_AT_name
	.long	55                      @ DW_AT_type
	.byte	4                       @ DW_AT_decl_file
	.short	392                     @ DW_AT_decl_line
	.byte	12                      @ DW_AT_data_member_location
	.byte	11                      @ Abbrev [11] 0x2c9:0xd DW_TAG_member
	.long	.Linfo_string67         @ DW_AT_name
	.long	55                      @ DW_AT_type
	.byte	4                       @ DW_AT_decl_file
	.short	393                     @ DW_AT_decl_line
	.byte	16                      @ DW_AT_data_member_location
	.byte	11                      @ Abbrev [11] 0x2d6:0xd DW_TAG_member
	.long	.Linfo_string68         @ DW_AT_name
	.long	55                      @ DW_AT_type
	.byte	4                       @ DW_AT_decl_file
	.short	394                     @ DW_AT_decl_line
	.byte	20                      @ DW_AT_data_member_location
	.byte	11                      @ Abbrev [11] 0x2e3:0xd DW_TAG_member
	.long	.Linfo_string69         @ DW_AT_name
	.long	60                      @ DW_AT_type
	.byte	4                       @ DW_AT_decl_file
	.short	395                     @ DW_AT_decl_line
	.byte	24                      @ DW_AT_data_member_location
	.byte	11                      @ Abbrev [11] 0x2f0:0xd DW_TAG_member
	.long	.Linfo_string70         @ DW_AT_name
	.long	779                     @ DW_AT_type
	.byte	4                       @ DW_AT_decl_file
	.short	396                     @ DW_AT_decl_line
	.byte	28                      @ DW_AT_data_member_location
	.byte	11                      @ Abbrev [11] 0x2fd:0xd DW_TAG_member
	.long	.Linfo_string71         @ DW_AT_name
	.long	55                      @ DW_AT_type
	.byte	4                       @ DW_AT_decl_file
	.short	397                     @ DW_AT_decl_line
	.byte	36                      @ DW_AT_data_member_location
	.byte	0                       @ End Of Children Mark
	.byte	15                      @ Abbrev [15] 0x30b:0xc DW_TAG_array_type
	.long	55                      @ DW_AT_type
	.byte	16                      @ Abbrev [16] 0x310:0x6 DW_TAG_subrange_type
	.long	608                     @ DW_AT_type
	.byte	2                       @ DW_AT_count
	.byte	0                       @ End Of Children Mark
	.byte	18                      @ Abbrev [18] 0x317:0x13 DW_TAG_subprogram
	.long	.Lfunc_begin0           @ DW_AT_low_pc
	.long	.Lfunc_end0             @ DW_AT_high_pc
	.byte	1                       @ DW_AT_frame_base
	.byte	93
	.long	.Linfo_string73         @ DW_AT_name
	.byte	2                       @ DW_AT_decl_file
	.byte	48                      @ DW_AT_decl_line
	.byte	1                       @ DW_AT_prototyped
	.byte	1                       @ DW_AT_external
	.byte	19                      @ Abbrev [19] 0x32a:0x27 DW_TAG_subprogram
	.long	.Lfunc_begin1           @ DW_AT_low_pc
	.long	.Lfunc_end1             @ DW_AT_high_pc
	.byte	1                       @ DW_AT_frame_base
	.byte	93
	.long	.Linfo_string74         @ DW_AT_name
	.byte	4                       @ DW_AT_decl_file
	.short	2238                    @ DW_AT_decl_line
	.byte	1                       @ DW_AT_prototyped
	.long	60                      @ DW_AT_type
	.byte	20                      @ Abbrev [20] 0x341:0xf DW_TAG_formal_parameter
	.byte	2                       @ DW_AT_location
	.byte	145
	.byte	8
	.long	.Linfo_string78         @ DW_AT_name
	.byte	4                       @ DW_AT_decl_file
	.short	2238                    @ DW_AT_decl_line
	.long	60                      @ DW_AT_type
	.byte	0                       @ End Of Children Mark
	.byte	21                      @ Abbrev [21] 0x351:0x32 DW_TAG_subprogram
	.long	.Lfunc_begin2           @ DW_AT_low_pc
	.long	.Lfunc_end2             @ DW_AT_high_pc
	.byte	1                       @ DW_AT_frame_base
	.byte	93
	.long	.Linfo_string75         @ DW_AT_name
	.byte	4                       @ DW_AT_decl_file
	.short	1721                    @ DW_AT_decl_line
	.byte	1                       @ DW_AT_prototyped
	.byte	20                      @ Abbrev [20] 0x364:0xf DW_TAG_formal_parameter
	.byte	2                       @ DW_AT_location
	.byte	145
	.byte	4
	.long	.Linfo_string40         @ DW_AT_name
	.byte	4                       @ DW_AT_decl_file
	.short	1721                    @ DW_AT_decl_line
	.long	952                     @ DW_AT_type
	.byte	20                      @ Abbrev [20] 0x373:0xf DW_TAG_formal_parameter
	.byte	2                       @ DW_AT_location
	.byte	145
	.byte	0
	.long	.Linfo_string80         @ DW_AT_name
	.byte	4                       @ DW_AT_decl_file
	.short	1721                    @ DW_AT_decl_line
	.long	60                      @ DW_AT_type
	.byte	0                       @ End Of Children Mark
	.byte	22                      @ Abbrev [22] 0x383:0x22 DW_TAG_subprogram
	.long	.Lfunc_begin3           @ DW_AT_low_pc
	.long	.Lfunc_end3             @ DW_AT_high_pc
	.byte	1                       @ DW_AT_frame_base
	.byte	93
	.long	.Linfo_string76         @ DW_AT_name
	.byte	2                       @ DW_AT_decl_file
	.byte	66                      @ DW_AT_decl_line
	.byte	1                       @ DW_AT_prototyped
	.byte	1                       @ DW_AT_external
	.byte	23                      @ Abbrev [23] 0x396:0xe DW_TAG_formal_parameter
	.byte	2                       @ DW_AT_location
	.byte	145
	.byte	0
	.long	.Linfo_string81         @ DW_AT_name
	.byte	2                       @ DW_AT_decl_file
	.byte	66                      @ DW_AT_decl_line
	.long	60                      @ DW_AT_type
	.byte	0                       @ End Of Children Mark
	.byte	18                      @ Abbrev [18] 0x3a5:0x13 DW_TAG_subprogram
	.long	.Lfunc_begin4           @ DW_AT_low_pc
	.long	.Lfunc_end4             @ DW_AT_high_pc
	.byte	1                       @ DW_AT_frame_base
	.byte	93
	.long	.Linfo_string77         @ DW_AT_name
	.byte	2                       @ DW_AT_decl_file
	.byte	80                      @ DW_AT_decl_line
	.byte	1                       @ DW_AT_prototyped
	.byte	1                       @ DW_AT_external
	.byte	4                       @ Abbrev [4] 0x3b8:0xb DW_TAG_typedef
	.long	78                      @ DW_AT_type
	.long	.Linfo_string79         @ DW_AT_name
	.byte	3                       @ DW_AT_decl_file
	.byte	149                     @ DW_AT_decl_line
	.byte	0                       @ End Of Children Mark
.Ldebug_info_end0:
	.section	.debug_ranges,"",%progbits
.Ldebug_ranges0:
	.long	.Lfunc_begin0
	.long	.Lfunc_end0
	.long	.Lfunc_begin1
	.long	.Lfunc_end1
	.long	.Lfunc_begin2
	.long	.Lfunc_end2
	.long	.Lfunc_begin3
	.long	.Lfunc_end3
	.long	.Lfunc_begin4
	.long	.Lfunc_end4
	.long	0
	.long	0
	.ident	"Component: ARM Compiler 6.14 Tool: armclang [5db06c00]"
	.section	".note.GNU-stack","",%progbits
	.eabi_attribute	30, 6	@ Tag_ABI_optimization_goals
	.ARM_attribute	16, 1	@ Tag_AV_eba
	.section	.debug_line,"",%progbits
.Lline_table_start0:
