Component: ARM Compiler 6.14 Tool: armlink [5db06800]

==============================================================================

Section Cross References

    gd32e230_it.o(.ARM.exidx.text.NMI_Handler) refers to gd32e230_it.o(.text.NMI_Handler) for [Anonymous Symbol]
    gd32e230_it.o(.ARM.exidx.text.HardFault_Handler) refers to gd32e230_it.o(.text.HardFault_Handler) for [Anonymous Symbol]
    gd32e230_it.o(.ARM.exidx.text.MemManage_Handler) refers to gd32e230_it.o(.text.MemManage_Handler) for [Anonymous Symbol]
    gd32e230_it.o(.ARM.exidx.text.BusFault_Handler) refers to gd32e230_it.o(.text.BusFault_Handler) for [Anonymous Symbol]
    gd32e230_it.o(.ARM.exidx.text.UsageFault_Handler) refers to gd32e230_it.o(.text.UsageFault_Handler) for [Anonymous Symbol]
    gd32e230_it.o(.ARM.exidx.text.SVC_Handler) refers to gd32e230_it.o(.text.SVC_Handler) for [Anonymous Symbol]
    gd32e230_it.o(.ARM.exidx.text.DebugMon_Handler) refers to gd32e230_it.o(.text.DebugMon_Handler) for [Anonymous Symbol]
    gd32e230_it.o(.ARM.exidx.text.PendSV_Handler) refers to gd32e230_it.o(.text.PendSV_Handler) for [Anonymous Symbol]
    main.o(.text.GD32E230_FDWDGInit) refers to gd32e230_rcu.o(.text.rcu_osci_on) for rcu_osci_on
    main.o(.text.GD32E230_FDWDGInit) refers to gd32e230_rcu.o(.text.rcu_osci_stab_wait) for rcu_osci_stab_wait
    main.o(.text.GD32E230_FDWDGInit) refers to gd32e230_fwdgt.o(.text.fwdgt_config) for fwdgt_config
    main.o(.text.GD32E230_FDWDGInit) refers to gd32e230_fwdgt.o(.text.fwdgt_enable) for fwdgt_enable
    main.o(.ARM.exidx.text.GD32E230_FDWDGInit) refers to main.o(.text.GD32E230_FDWDGInit) for [Anonymous Symbol]
    main.o(.text.rs485_Init) refers to gd32e230_rcu.o(.text.rcu_periph_clock_enable) for rcu_periph_clock_enable
    main.o(.text.rs485_Init) refers to gd32e230_gpio.o(.text.gpio_mode_set) for gpio_mode_set
    main.o(.text.rs485_Init) refers to gd32e230_gpio.o(.text.gpio_output_options_set) for gpio_output_options_set
    main.o(.text.rs485_Init) refers to gd32e230_gpio.o(.text.gpio_bit_reset) for gpio_bit_reset
    main.o(.ARM.exidx.text.rs485_Init) refers to main.o(.text.rs485_Init) for [Anonymous Symbol]
    main.o(.text.main) refers to main.o(.text.JumpToUserApplication) for JumpToUserApplication
    main.o(.text.main) refers to main.o(.text.GD32E230BOOT_ResourceInit) for GD32E230BOOT_ResourceInit
    main.o(.text.main) refers to gd32e230_systick.o(.text.GD32E230_Systick_TimerProcess) for GD32E230_Systick_TimerProcess
    main.o(.ARM.exidx.text.main) refers to main.o(.text.main) for [Anonymous Symbol]
    main.o(.text.JumpToUserApplication) refers to gd32e230_usart.o(.text.usart_disable) for usart_disable
    main.o(.text.JumpToUserApplication) refers to gd32e230_dma.o(.text.dma_channel_disable) for dma_channel_disable
    main.o(.text.JumpToUserApplication) refers to main.o(.bss.JumpAddress) for [Anonymous Symbol]
    main.o(.text.JumpToUserApplication) refers to main.o(.bss.Jump_To_Application) for Jump_To_Application
    main.o(.ARM.exidx.text.JumpToUserApplication) refers to main.o(.text.JumpToUserApplication) for [Anonymous Symbol]
    main.o(.text.GD32E230BOOT_ResourceInit) refers to gd32e230_systick.o(.text.GD32E230_Systick_Config) for GD32E230_Systick_Config
    main.o(.text.GD32E230BOOT_ResourceInit) refers to usart.o(.text.USART_CommunicateInitial) for USART_CommunicateInitial
    main.o(.text.GD32E230BOOT_ResourceInit) refers to dmaconfig.o(.text.DMA_Rcv_TransDataParaConfig) for DMA_Rcv_TransDataParaConfig
    main.o(.text.GD32E230BOOT_ResourceInit) refers to usart.o(.text.USART_ConfigPaserParameters) for USART_ConfigPaserParameters
    main.o(.text.GD32E230BOOT_ResourceInit) refers to gd32e230_systick.o(.text.GD32E230_TimerSet) for GD32E230_TimerSet
    main.o(.text.GD32E230BOOT_ResourceInit) refers to main.o(.bss.s_upp) for [Anonymous Symbol]
    main.o(.text.GD32E230BOOT_ResourceInit) refers to main.o(.bss.usart_dma_para) for usart_dma_para
    main.o(.text.GD32E230BOOT_ResourceInit) refers to main.o(.bss.mdbus_sndbuf) for [Anonymous Symbol]
    main.o(.text.GD32E230BOOT_ResourceInit) refers to main.o(.bss.mdbus_rcvbuf) for [Anonymous Symbol]
    main.o(.text.GD32E230BOOT_ResourceInit) refers to main.o(.text.Boot_ParseReceiveModbusData) for Boot_ParseReceiveModbusData
    main.o(.text.GD32E230BOOT_ResourceInit) refers to main.o(.bss.mdbus_parsebuf) for [Anonymous Symbol]
    main.o(.text.GD32E230BOOT_ResourceInit) refers to main.o(.data.commpara) for [Anonymous Symbol]
    main.o(.text.GD32E230BOOT_ResourceInit) refers to main.o(.text.GD32E230BOOT_1sOverTimePorcess) for GD32E230BOOT_1sOverTimePorcess
    main.o(.ARM.exidx.text.GD32E230BOOT_ResourceInit) refers to main.o(.text.GD32E230BOOT_ResourceInit) for [Anonymous Symbol]
    main.o(.text.fputc) refers to gd32e230_usart.o(.text.usart_data_transmit) for usart_data_transmit
    main.o(.text.fputc) refers to gd32e230_usart.o(.text.usart_flag_get) for usart_flag_get
[...]
    Removing gd32e230_timer.o(.text.timer_channel_input_capture_prescaler_config), (92 bytes).
    Removing gd32e230_timer.o(.ARM.exidx.text.timer_channel_input_capture_prescaler_config), (8 bytes).
    Removing gd32e230_timer.o(.text.timer_channel_capture_value_register_read), (16 bytes).
    Removing gd32e230_timer.o(.ARM.exidx.text.timer_channel_capture_value_register_read), (8 bytes).
    Removing gd32e230_timer.o(.text.timer_input_pwm_capture_config), (332 bytes).
    Removing gd32e230_timer.o(.ARM.exidx.text.timer_input_pwm_capture_config), (8 bytes).
    Removing gd32e230_timer.o(.text.timer_hall_mode_config), (26 bytes).
    Removing gd32e230_timer.o(.ARM.exidx.text.timer_hall_mode_config), (8 bytes).
    Removing gd32e230_timer.o(.text.timer_input_trigger_source_select), (16 bytes).
    Removing gd32e230_timer.o(.ARM.exidx.text.timer_input_trigger_source_select), (8 bytes).
    Removing gd32e230_timer.o(.text.timer_master_output_trigger_source_select), (16 bytes).
    Removing gd32e230_timer.o(.ARM.exidx.text.timer_master_output_trigger_source_select), (8 bytes).
    Removing gd32e230_timer.o(.text.timer_slave_mode_select), (16 bytes).
    Removing gd32e230_timer.o(.ARM.exidx.text.timer_slave_mode_select), (8 bytes).
    Removing gd32e230_timer.o(.text.timer_master_slave_mode_config), (26 bytes).
    Removing gd32e230_timer.o(.ARM.exidx.text.timer_master_slave_mode_config), (8 bytes).
    Removing gd32e230_timer.o(.text.timer_external_trigger_config), (30 bytes).
    Removing gd32e230_timer.o(.ARM.exidx.text.timer_external_trigger_config), (8 bytes).
    Removing gd32e230_timer.o(.text.timer_quadrature_decoder_mode_config), (68 bytes).
    Removing gd32e230_timer.o(.ARM.exidx.text.timer_quadrature_decoder_mode_config), (8 bytes).
    Removing gd32e230_timer.o(.text.timer_internal_clock_config), (10 bytes).
    Removing gd32e230_timer.o(.ARM.exidx.text.timer_internal_clock_config), (8 bytes).
    Removing gd32e230_timer.o(.text.timer_internal_trigger_as_external_clock_config), (24 bytes).
    Removing gd32e230_timer.o(.ARM.exidx.text.timer_internal_trigger_as_external_clock_config), (8 bytes).
    Removing gd32e230_timer.o(.text.timer_external_trigger_as_external_clock_config), (142 bytes).
    Removing gd32e230_timer.o(.ARM.exidx.text.timer_external_trigger_as_external_clock_config), (8 bytes).
    Removing gd32e230_timer.o(.text.timer_external_clock_mode0_config), (24 bytes).
    Removing gd32e230_timer.o(.ARM.exidx.text.timer_external_clock_mode0_config), (8 bytes).
    Removing gd32e230_timer.o(.text.timer_external_clock_mode1_config), (20 bytes).
    Removing gd32e230_timer.o(.ARM.exidx.text.timer_external_clock_mode1_config), (8 bytes).
    Removing gd32e230_timer.o(.text.timer_external_clock_mode1_disable), (12 bytes).
    Removing gd32e230_timer.o(.ARM.exidx.text.timer_external_clock_mode1_disable), (8 bytes).
    Removing gd32e230_timer.o(.text.timer_channel_remap_config), (4 bytes).
    Removing gd32e230_timer.o(.ARM.exidx.text.timer_channel_remap_config), (8 bytes).
    Removing gd32e230_timer.o(.text.timer_write_chxval_register_config), (30 bytes).
    Removing gd32e230_timer.o(.ARM.exidx.text.timer_write_chxval_register_config), (8 bytes).
    Removing gd32e230_timer.o(.text.timer_output_value_selection_config), (30 bytes).
    Removing gd32e230_timer.o(.ARM.exidx.text.timer_output_value_selection_config), (8 bytes).
    Removing gd32e230_usart.o(.text), (0 bytes).
    Removing gd32e230_usart.o(.ARM.exidx.text.usart_deinit), (8 bytes).
    Removing gd32e230_usart.o(.ARM.exidx.text.usart_baudrate_set), (8 bytes).
    Removing gd32e230_usart.o(.ARM.exidx.text.usart_parity_config), (8 bytes).
    Removing gd32e230_usart.o(.ARM.exidx.text.usart_word_length_set), (8 bytes).
    Removing gd32e230_usart.o(.ARM.exidx.text.usart_stop_bit_set), (8 bytes).
    Removing gd32e230_usart.o(.ARM.exidx.text.usart_enable), (8 bytes).
    Removing gd32e230_usart.o(.ARM.exidx.text.usart_disable), (8 bytes).
    Removing gd32e230_usart.o(.ARM.exidx.text.usart_transmit_config), (8 bytes).
    Removing gd32e230_usart.o(.ARM.exidx.text.usart_receive_config), (8 bytes).
    Removing gd32e230_usart.o(.text.usart_data_first_config), (26 bytes).
    Removing gd32e230_usart.o(.ARM.exidx.text.usart_data_first_config), (8 bytes).
    Removing gd32e230_usart.o(.text.usart_invert_config), (112 bytes).
    Removing gd32e230_usart.o(.ARM.exidx.text.usart_invert_config), (8 bytes).
    Removing gd32e230_usart.o(.text.usart_overrun_enable), (20 bytes).
    Removing gd32e230_usart.o(.ARM.exidx.text.usart_overrun_enable), (8 bytes).
    Removing gd32e230_usart.o(.text.usart_overrun_disable), (20 bytes).
    Removing gd32e230_usart.o(.ARM.exidx.text.usart_overrun_disable), (8 bytes).
    Removing gd32e230_usart.o(.text.usart_oversample_config), (26 bytes).
    Removing gd32e230_usart.o(.ARM.exidx.text.usart_oversample_config), (8 bytes).
    Removing gd32e230_usart.o(.text.usart_sample_bit_config), (26 bytes).
    Removing gd32e230_usart.o(.ARM.exidx.text.usart_sample_bit_config), (8 bytes).
    Removing gd32e230_usart.o(.text.usart_receiver_timeout_enable), (12 bytes).
    Removing gd32e230_usart.o(.ARM.exidx.text.usart_receiver_timeout_enable), (8 bytes).
    Removing gd32e230_usart.o(.text.usart_receiver_timeout_disable), (12 bytes).
    Removing gd32e230_usart.o(.ARM.exidx.text.usart_receiver_timeout_disable), (8 bytes).
    Removing gd32e230_usart.o(.text.usart_receiver_timeout_threshold_config), (18 bytes).
    Removing gd32e230_usart.o(.ARM.exidx.text.usart_receiver_timeout_threshold_config), (8 bytes).
    Removing gd32e230_usart.o(.text.usart_data_transmit), (12 bytes).
    Removing gd32e230_usart.o(.ARM.exidx.text.usart_data_transmit), (8 bytes).
    Removing gd32e230_usart.o(.ARM.exidx.text.usart_data_receive), (8 bytes).
    Removing gd32e230_usart.o(.text.usart_autobaud_detection_enable), (12 bytes).
    Removing gd32e230_usart.o(.ARM.exidx.text.usart_autobaud_detection_enable), (8 bytes).
    Removing gd32e230_usart.o(.text.usart_autobaud_detection_disable), (12 bytes).
    Removing gd32e230_usart.o(.ARM.exidx.text.usart_autobaud_detection_disable), (8 bytes).
    Removing gd32e230_usart.o(.text.usart_autobaud_detection_mode_config), (18 bytes).
    Removing gd32e230_usart.o(.ARM.exidx.text.usart_autobaud_detection_mode_config), (8 bytes).
    Removing gd32e230_usart.o(.text.usart_address_config), (28 bytes).
    Removing gd32e230_usart.o(.ARM.exidx.text.usart_address_config), (8 bytes).
    Removing gd32e230_usart.o(.text.usart_address_detection_mode_config), (26 bytes).
    Removing gd32e230_usart.o(.ARM.exidx.text.usart_address_detection_mode_config), (8 bytes).
    Removing gd32e230_usart.o(.text.usart_mute_mode_enable), (12 bytes).
    Removing gd32e230_usart.o(.ARM.exidx.text.usart_mute_mode_enable), (8 bytes).
    Removing gd32e230_usart.o(.text.usart_mute_mode_disable), (12 bytes).
    Removing gd32e230_usart.o(.ARM.exidx.text.usart_mute_mode_disable), (8 bytes).
    Removing gd32e230_usart.o(.text.usart_mute_mode_wakeup_config), (26 bytes).
    Removing gd32e230_usart.o(.ARM.exidx.text.usart_mute_mode_wakeup_config), (8 bytes).
    Removing gd32e230_usart.o(.text.usart_lin_mode_enable), (20 bytes).
    Removing gd32e230_usart.o(.ARM.exidx.text.usart_lin_mode_enable), (8 bytes).
    Removing gd32e230_usart.o(.text.usart_lin_mode_disable), (20 bytes).
    Removing gd32e230_usart.o(.ARM.exidx.text.usart_lin_mode_disable), (8 bytes).
    Removing gd32e230_usart.o(.text.usart_lin_break_detection_length_config), (26 bytes).
    Removing gd32e230_usart.o(.ARM.exidx.text.usart_lin_break_detection_length_config), (8 bytes).
    Removing gd32e230_usart.o(.text.usart_halfduplex_enable), (18 bytes).
    Removing gd32e230_usart.o(.ARM.exidx.text.usart_halfduplex_enable), (8 bytes).
    Removing gd32e230_usart.o(.text.usart_halfduplex_disable), (18 bytes).
    Removing gd32e230_usart.o(.ARM.exidx.text.usart_halfduplex_disable), (8 bytes).
    Removing gd32e230_usart.o(.text.usart_clock_enable), (20 bytes).
    Removing gd32e230_usart.o(.ARM.exidx.text.usart_clock_enable), (8 bytes).
    Removing gd32e230_usart.o(.text.usart_clock_disable), (20 bytes).
    Removing gd32e230_usart.o(.ARM.exidx.text.usart_clock_disable), (8 bytes).
    Removing gd32e230_usart.o(.text.usart_synchronous_clock_config), (58 bytes).
    Removing gd32e230_usart.o(.ARM.exidx.text.usart_synchronous_clock_config), (8 bytes).
    Removing gd32e230_usart.o(.text.usart_guard_time_config), (30 bytes).
    Removing gd32e230_usart.o(.ARM.exidx.text.usart_guard_time_config), (8 bytes).
    Removing gd32e230_usart.o(.text.usart_smartcard_mode_enable), (18 bytes).
    Removing gd32e230_usart.o(.ARM.exidx.text.usart_smartcard_mode_enable), (8 bytes).
    Removing gd32e230_usart.o(.text.usart_smartcard_mode_disable), (18 bytes).
    Removing gd32e230_usart.o(.ARM.exidx.text.usart_smartcard_mode_disable), (8 bytes).
    Removing gd32e230_usart.o(.text.usart_smartcard_mode_nack_enable), (18 bytes).
    Removing gd32e230_usart.o(.ARM.exidx.text.usart_smartcard_mode_nack_enable), (8 bytes).
    Removing gd32e230_usart.o(.text.usart_smartcard_mode_nack_disable), (18 bytes).
    Removing gd32e230_usart.o(.ARM.exidx.text.usart_smartcard_mode_nack_disable), (8 bytes).
    Removing gd32e230_usart.o(.text.usart_smartcard_mode_early_nack_enable), (12 bytes).
    Removing gd32e230_usart.o(.ARM.exidx.text.usart_smartcard_mode_early_nack_enable), (8 bytes).
    Removing gd32e230_usart.o(.text.usart_smartcard_mode_early_nack_disable), (12 bytes).
    Removing gd32e230_usart.o(.ARM.exidx.text.usart_smartcard_mode_early_nack_disable), (8 bytes).
    Removing gd32e230_usart.o(.text.usart_smartcard_autoretry_config), (30 bytes).
    Removing gd32e230_usart.o(.ARM.exidx.text.usart_smartcard_autoretry_config), (8 bytes).
    Removing gd32e230_usart.o(.text.usart_block_length_config), (20 bytes).
    Removing gd32e230_usart.o(.ARM.exidx.text.usart_block_length_config), (8 bytes).
    Removing gd32e230_usart.o(.text.usart_irda_mode_enable), (18 bytes).
    Removing gd32e230_usart.o(.ARM.exidx.text.usart_irda_mode_enable), (8 bytes).
    Removing gd32e230_usart.o(.text.usart_irda_mode_disable), (18 bytes).
    Removing gd32e230_usart.o(.ARM.exidx.text.usart_irda_mode_disable), (8 bytes).
    Removing gd32e230_usart.o(.text.usart_prescaler_config), (24 bytes).
    Removing gd32e230_usart.o(.ARM.exidx.text.usart_prescaler_config), (8 bytes).
    Removing gd32e230_usart.o(.text.usart_irda_lowpower_config), (26 bytes).
    Removing gd32e230_usart.o(.ARM.exidx.text.usart_irda_lowpower_config), (8 bytes).
    Removing gd32e230_usart.o(.ARM.exidx.text.usart_hardware_flow_rts_config), (8 bytes).
    Removing gd32e230_usart.o(.ARM.exidx.text.usart_hardware_flow_cts_config), (8 bytes).
    Removing gd32e230_usart.o(.text.usart_hardware_flow_coherence_config), (22 bytes).
    Removing gd32e230_usart.o(.ARM.exidx.text.usart_hardware_flow_coherence_config), (8 bytes).
    Removing gd32e230_usart.o(.text.usart_rs485_driver_enable), (20 bytes).
    Removing gd32e230_usart.o(.ARM.exidx.text.usart_rs485_driver_enable), (8 bytes).
    Removing gd32e230_usart.o(.text.usart_rs485_driver_disable), (20 bytes).
    Removing gd32e230_usart.o(.ARM.exidx.text.usart_rs485_driver_disable), (8 bytes).
    Removing gd32e230_usart.o(.text.usart_driver_assertime_config), (30 bytes).
    Removing gd32e230_usart.o(.ARM.exidx.text.usart_driver_assertime_config), (8 bytes).
    Removing gd32e230_usart.o(.text.usart_driver_deassertime_config), (30 bytes).
    Removing gd32e230_usart.o(.ARM.exidx.text.usart_driver_deassertime_config), (8 bytes).
    Removing gd32e230_usart.o(.text.usart_depolarity_config), (28 bytes).
    Removing gd32e230_usart.o(.ARM.exidx.text.usart_depolarity_config), (8 bytes).
    Removing gd32e230_usart.o(.ARM.exidx.text.usart_dma_receive_config), (8 bytes).
    Removing gd32e230_usart.o(.ARM.exidx.text.usart_dma_transmit_config), (8 bytes).
    Removing gd32e230_usart.o(.text.usart_reception_error_dma_disable), (20 bytes).
    Removing gd32e230_usart.o(.ARM.exidx.text.usart_reception_error_dma_disable), (8 bytes).
    Removing gd32e230_usart.o(.text.usart_reception_error_dma_enable), (20 bytes).
    Removing gd32e230_usart.o(.ARM.exidx.text.usart_reception_error_dma_enable), (8 bytes).
    Removing gd32e230_usart.o(.text.usart_wakeup_enable), (10 bytes).
    Removing gd32e230_usart.o(.ARM.exidx.text.usart_wakeup_enable), (8 bytes).
    Removing gd32e230_usart.o(.text.usart_wakeup_disable), (10 bytes).
    Removing gd32e230_usart.o(.ARM.exidx.text.usart_wakeup_disable), (8 bytes).
    Removing gd32e230_usart.o(.text.usart_wakeup_mode_config), (28 bytes).
    Removing gd32e230_usart.o(.ARM.exidx.text.usart_wakeup_mode_config), (8 bytes).
    Removing gd32e230_usart.o(.text.usart_receive_fifo_enable), (14 bytes).
    Removing gd32e230_usart.o(.ARM.exidx.text.usart_receive_fifo_enable), (8 bytes).
    Removing gd32e230_usart.o(.text.usart_receive_fifo_disable), (14 bytes).
    Removing gd32e230_usart.o(.ARM.exidx.text.usart_receive_fifo_disable), (8 bytes).
    Removing gd32e230_usart.o(.text.usart_receive_fifo_counter_number), (10 bytes).
    Removing gd32e230_usart.o(.ARM.exidx.text.usart_receive_fifo_counter_number), (8 bytes).
    Removing gd32e230_usart.o(.ARM.exidx.text.usart_flag_get), (8 bytes).
    Removing gd32e230_usart.o(.ARM.exidx.text.usart_flag_clear), (8 bytes).
    Removing gd32e230_usart.o(.ARM.exidx.text.usart_interrupt_enable), (8 bytes).
    Removing gd32e230_usart.o(.text.usart_interrupt_disable), (18 bytes).
    Removing gd32e230_usart.o(.ARM.exidx.text.usart_interrupt_disable), (8 bytes).
    Removing gd32e230_usart.o(.text.usart_command_enable), (8 bytes).
    Removing gd32e230_usart.o(.ARM.exidx.text.usart_command_enable), (8 bytes).
    Removing gd32e230_usart.o(.text.usart_interrupt_flag_get), (30 bytes).
    Removing gd32e230_usart.o(.ARM.exidx.text.usart_interrupt_flag_get), (8 bytes).
    Removing gd32e230_usart.o(.text.usart_interrupt_flag_clear), (40 bytes).
    Removing gd32e230_usart.o(.ARM.exidx.text.usart_interrupt_flag_clear), (8 bytes).
    Removing gd32e230_wwdgt.o(.text), (0 bytes).
    Removing gd32e230_wwdgt.o(.text.wwdgt_deinit), (24 bytes).
    Removing gd32e230_wwdgt.o(.ARM.exidx.text.wwdgt_deinit), (8 bytes).
    Removing gd32e230_wwdgt.o(.text.wwdgt_enable), (16 bytes).
    Removing gd32e230_wwdgt.o(.ARM.exidx.text.wwdgt_enable), (8 bytes).
    Removing gd32e230_wwdgt.o(.text.wwdgt_counter_update), (20 bytes).
    Removing gd32e230_wwdgt.o(.ARM.exidx.text.wwdgt_counter_update), (8 bytes).
    Removing gd32e230_wwdgt.o(.text.wwdgt_config), (40 bytes).
    Removing gd32e230_wwdgt.o(.ARM.exidx.text.wwdgt_config), (8 bytes).
    Removing gd32e230_wwdgt.o(.text.wwdgt_interrupt_enable), (20 bytes).
    Removing gd32e230_wwdgt.o(.ARM.exidx.text.wwdgt_interrupt_enable), (8 bytes).
    Removing gd32e230_wwdgt.o(.text.wwdgt_flag_get), (16 bytes).
    Removing gd32e230_wwdgt.o(.ARM.exidx.text.wwdgt_flag_get), (8 bytes).
    Removing gd32e230_wwdgt.o(.text.wwdgt_flag_clear), (16 bytes).
    Removing gd32e230_wwdgt.o(.ARM.exidx.text.wwdgt_flag_clear), (8 bytes).
    Removing startup_gd32e230.o(HEAP), (1024 bytes).

1043 unused section(s) (total 25194 bytes) removed from the image.

==============================================================================

Image Symbol Table

    Local Symbols

    Symbol Name                              Value     Ov Type        Size  Object(Section)

    ../clib/microlib/init/entry.s            0x00000000   Number         0  entry.o ABSOLUTE
    ../clib/microlib/init/entry.s            0x00000000   Number         0  entry2.o ABSOLUTE
    ../clib/microlib/init/entry.s            0x00000000   Number         0  entry5.o ABSOLUTE
    ../clib/microlib/init/entry.s            0x00000000   Number         0  entry7a.o ABSOLUTE
    ../clib/microlib/init/entry.s            0x00000000   Number         0  entry7b.o ABSOLUTE
    ../clib/microlib/init/entry.s            0x00000000   Number         0  entry8a.o ABSOLUTE
    ../clib/microlib/init/entry.s            0x00000000   Number         0  entry8b.o ABSOLUTE
    ../clib/microlib/init/entry.s            0x00000000   Number         0  entry9a.o ABSOLUTE
    ../clib/microlib/init/entry.s            0x00000000   Number         0  entry9b.o ABSOLUTE
    ../clib/microlib/init/entry.s            0x00000000   Number         0  entry10a.o ABSOLUTE
    ../clib/microlib/init/entry.s            0x00000000   Number         0  entry10b.o ABSOLUTE
    ../clib/microlib/init/entry.s            0x00000000   Number         0  entry11a.o ABSOLUTE
    ../clib/microlib/init/entry.s            0x00000000   Number         0  entry11b.o ABSOLUTE
    ../clib/microlib/string/memcpy.c         0x00000000   Number         0  memcpya.o ABSOLUTE
    ../clib/microlib/string/memcpy.c         0x00000000   Number         0  memcpyb.o ABSOLUTE
    ../clib/microlib/string/memset.c         0x00000000   Number         0  memseta.o ABSOLUTE
    ..\GD32E230_Firmware_Library\CMSIS\GD\GD32E230\Source\ARM\startup_gd32e230.s 0x00000000   Number         0  startup_gd32e230.o ABSOLUTE
    CommonFunctions.c                        0x00000000   Number         0  commonfunctions.o ABSOLUTE
    Dmaconfig.c                              0x00000000   Number         0  dmaconfig.o ABSOLUTE
    GD32E230_Systick.c                       0x00000000   Number         0  gd32e230_systick.o ABSOLUTE
    dc.s                                     0x00000000   Number         0  dc.o ABSOLUTE
    flash.c                                  0x00000000   Number         0  flash.o ABSOLUTE
    gd32e230_adc.c                           0x00000000   Number         0  gd32e230_adc.o ABSOLUTE
    gd32e230_cmp.c                           0x00000000   Number         0  gd32e230_cmp.o ABSOLUTE
    gd32e230_crc.c                           0x00000000   Number         0  gd32e230_crc.o ABSOLUTE
    gd32e230_dbg.c                           0x00000000   Number         0  gd32e230_dbg.o ABSOLUTE
    gd32e230_dma.c                           0x00000000   Number         0  gd32e230_dma.o ABSOLUTE
    gd32e230_exti.c                          0x00000000   Number         0  gd32e230_exti.o ABSOLUTE
    gd32e230_fmc.c                           0x00000000   Number         0  gd32e230_fmc.o ABSOLUTE
    gd32e230_fwdgt.c                         0x00000000   Number         0  gd32e230_fwdgt.o ABSOLUTE
    gd32e230_gpio.c                          0x00000000   Number         0  gd32e230_gpio.o ABSOLUTE
    gd32e230_i2c.c                           0x00000000   Number         0  gd32e230_i2c.o ABSOLUTE
    gd32e230_it.c                            0x00000000   Number         0  gd32e230_it.o ABSOLUTE
    gd32e230_misc.c                          0x00000000   Number         0  gd32e230_misc.o ABSOLUTE
    gd32e230_pmu.c                           0x00000000   Number         0  gd32e230_pmu.o ABSOLUTE
    gd32e230_rcu.c                           0x00000000   Number         0  gd32e230_rcu.o ABSOLUTE
    gd32e230_rtc.c                           0x00000000   Number         0  gd32e230_rtc.o ABSOLUTE
    gd32e230_spi.c                           0x00000000   Number         0  gd32e230_spi.o ABSOLUTE
    gd32e230_syscfg.c                        0x00000000   Number         0  gd32e230_syscfg.o ABSOLUTE
    gd32e230_timer.c                         0x00000000   Number         0  gd32e230_timer.o ABSOLUTE
    gd32e230_usart.c                         0x00000000   Number         0  gd32e230_usart.o ABSOLUTE
    gd32e230_wwdgt.c                         0x00000000   Number         0  gd32e230_wwdgt.o ABSOLUTE
    handlers.s                               0x00000000   Number         0  handlers.o ABSOLUTE
    init.s                                   0x00000000   Number         0  init.o ABSOLUTE
    main.c                                   0x00000000   Number         0  main.o ABSOLUTE
    system_gd32e230.c                        0x00000000   Number         0  system_gd32e230.o ABSOLUTE
    usart.c                                  0x00000000   Number         0  usart.o ABSOLUTE
    RESET                                    0x08000000   Section      204  startup_gd32e230.o(RESET)
    .ARM.Collect$$$$00000000                 0x080000cc   Section        0  entry.o(.ARM.Collect$$$$00000000)
    .ARM.Collect$$$$00000001                 0x080000cc   Section        4  entry2.o(.ARM.Collect$$$$00000001)
    .ARM.Collect$$$$00000004                 0x080000d0   Section        4  entry5.o(.ARM.Collect$$$$00000004)
    .ARM.Collect$$$$00000008                 0x080000d4   Section        0  entry7b.o(.ARM.Collect$$$$00000008)
    .ARM.Collect$$$$0000000A                 0x080000d4   Section        0  entry8b.o(.ARM.Collect$$$$0000000A)
    .ARM.Collect$$$$0000000B                 0x080000d4   Section        8  entry9a.o(.ARM.Collect$$$$0000000B)
    __lit__00000000                          0x080000dc   Data           4  entry2.o(.ARM.Collect$$$$00002712)
    .ARM.Collect$$$$0000000D                 0x080000dc   Section        0  entry10a.o(.ARM.Collect$$$$0000000D)
    .ARM.Collect$$$$0000000F                 0x080000dc   Section        0  entry11a.o(.ARM.Collect$$$$0000000F)
    .ARM.Collect$$$$00002712                 0x080000dc   Section        4  entry2.o(.ARM.Collect$$$$00002712)
    .text                                    0x080000e0   Section       28  startup_gd32e230.o(.text)
    .text                                    0x080000fc   Section        0  memcpya.o(.text)
    .text                                    0x08000120   Section        0  memseta.o(.text)
    .text                                    0x08000144   Section       36  init.o(.text)
    Boot_ParseReceiveModbusData              0x08000169   Thumb Code   348  main.o(.text.Boot_ParseReceiveModbusData)
    [Anonymous Symbol]                       0x08000168   Section        0  main.o(.text.Boot_ParseReceiveModbusData)
    __arm_cp.6_0                             0x080002b0   Number         4  main.o(.text.Boot_ParseReceiveModbusData)
    __arm_cp.6_4                             0x080002b4   Number         4  main.o(.text.Boot_ParseReceiveModbusData)
    __arm_cp.6_5                             0x080002b8   Number         4  main.o(.text.Boot_ParseReceiveModbusData)
    __arm_cp.6_6                             0x080002bc   Number         4  main.o(.text.Boot_ParseReceiveModbusData)
    __arm_cp.6_7                             0x080002c0   Number         4  main.o(.text.Boot_ParseReceiveModbusData)
    [Anonymous Symbol]                       0x080002c4   Section        0  commonfunctions.o(.text.COMMON_Bits16Convert2Bits8)
    [Anonymous Symbol]                       0x080002dc   Section        0  commonfunctions.o(.text.COMMON_Bits8Convert2Bits16)
    [Anonymous Symbol]                       0x08000300   Section        0  commonfunctions.o(.text.COMMON_Bits8Convert2Bits32)
    [Anonymous Symbol]                       0x08000344   Section        0  commonfunctions.o(.text.COMMON_ConverAscii2CommonMode)
    [Anonymous Symbol]                       0x080003b8   Section        0  commonfunctions.o(.text.COMMON_Convert1Byteto4Bits)
    [Anonymous Symbol]                       0x080003f4   Section        0  commonfunctions.o(.text.COMMON_ConvertHex2Ascii)
    [Anonymous Symbol]                       0x08000462   Section        0  commonfunctions.o(.text.COMMON_GeneratorLRCCheckCode)
    [Anonymous Symbol]                       0x08000484   Section        0  commonfunctions.o(.text.COMMON_GeneratorU16bitsCRCCheckCode)
    __arm_cp.9_0                             0x080004bc   Number         4  commonfunctions.o(.text.COMMON_GeneratorU16bitsCRCCheckCode)
    __arm_cp.9_1                             0x080004c0   Number         4  commonfunctions.o(.text.COMMON_GeneratorU16bitsCRCCheckCode)
    [Anonymous Symbol]                       0x080004c4   Section        0  dmaconfig.o(.text.DMA_Channel3_4_IRQHandler)
    __arm_cp.1_0                             0x080004ec   Number         4  dmaconfig.o(.text.DMA_Channel3_4_IRQHandler)
    [Anonymous Symbol]                       0x080004f0   Section        0  dmaconfig.o(.text.DMA_Rcv_TransDataParaConfig)
    __arm_cp.0_0                             0x080005b4   Number         4  dmaconfig.o(.text.DMA_Rcv_TransDataParaConfig)
    GD32E230BOOT_1sOverTimePorcess           0x080005b9   Thumb Code   104  main.o(.text.GD32E230BOOT_1sOverTimePorcess)
    [Anonymous Symbol]                       0x080005b8   Section        0  main.o(.text.GD32E230BOOT_1sOverTimePorcess)
    __arm_cp.7_2                             0x08000618   Number         4  main.o(.text.GD32E230BOOT_1sOverTimePorcess)
    __arm_cp.7_3                             0x0800061c   Number         4  main.o(.text.GD32E230BOOT_1sOverTimePorcess)
    GD32E230BOOT_ClearAppFlashArea           0x08000621   Thumb Code    16  main.o(.text.GD32E230BOOT_ClearAppFlashArea)
    [Anonymous Symbol]                       0x08000620   Section        0  main.o(.text.GD32E230BOOT_ClearAppFlashArea)
    __arm_cp.8_0                             0x0800062c   Number         4  main.o(.text.GD32E230BOOT_ClearAppFlashArea)
    GD32E230BOOT_EraseUpgradeFlag            0x08000631   Thumb Code    80  main.o(.text.GD32E230BOOT_EraseUpgradeFlag)
    [Anonymous Symbol]                       0x08000630   Section        0  main.o(.text.GD32E230BOOT_EraseUpgradeFlag)
    __arm_cp.10_0                            0x0800067c   Number         4  main.o(.text.GD32E230BOOT_EraseUpgradeFlag)
    GD32E230BOOT_ResourceInit                0x08000681   Thumb Code   132  main.o(.text.GD32E230BOOT_ResourceInit)
    [Anonymous Symbol]                       0x08000680   Section        0  main.o(.text.GD32E230BOOT_ResourceInit)
    __arm_cp.4_1                             0x080006e8   Number         4  main.o(.text.GD32E230BOOT_ResourceInit)
    __arm_cp.4_2                             0x080006ec   Number         4  main.o(.text.GD32E230BOOT_ResourceInit)
    __arm_cp.4_3                             0x080006f0   Number         4  main.o(.text.GD32E230BOOT_ResourceInit)
    __arm_cp.4_4                             0x080006f4   Number         4  main.o(.text.GD32E230BOOT_ResourceInit)
    __arm_cp.4_5                             0x080006f8   Number         4  main.o(.text.GD32E230BOOT_ResourceInit)
    __arm_cp.4_6                             0x080006fc   Number         4  main.o(.text.GD32E230BOOT_ResourceInit)
    __arm_cp.4_7                             0x08000700   Number         4  main.o(.text.GD32E230BOOT_ResourceInit)
    GD32E230BOOT_UpGradePayloadProcess       0x08000705   Thumb Code   260  main.o(.text.GD32E230BOOT_UpGradePayloadProcess)
    [Anonymous Symbol]                       0x08000704   Section        0  main.o(.text.GD32E230BOOT_UpGradePayloadProcess)
    __arm_cp.9_0                             0x080007f0   Number         4  main.o(.text.GD32E230BOOT_UpGradePayloadProcess)
    __arm_cp.9_1                             0x080007f4   Number         4  main.o(.text.GD32E230BOOT_UpGradePayloadProcess)
    __arm_cp.9_2                             0x080007f8   Number         4  main.o(.text.GD32E230BOOT_UpGradePayloadProcess)
    __arm_cp.9_3                             0x080007fc   Number         4  main.o(.text.GD32E230BOOT_UpGradePayloadProcess)
    __arm_cp.9_4                             0x08000800   Number         4  main.o(.text.GD32E230BOOT_UpGradePayloadProcess)
    __arm_cp.9_5                             0x08000804   Number         4  main.o(.text.GD32E230BOOT_UpGradePayloadProcess)
    GD32E230BOOT_UpgradePackagePayloadDecoding 0x08000809   Thumb Code    40  main.o(.text.GD32E230BOOT_UpgradePackagePayloadDecoding)
    [Anonymous Symbol]                       0x08000808   Section        0  main.o(.text.GD32E230BOOT_UpgradePackagePayloadDecoding)
    __arm_cp.11_0                            0x0800082c   Number         4  main.o(.text.GD32E230BOOT_UpgradePackagePayloadDecoding)
    [Anonymous Symbol]                       0x08000830   Section        0  gd32e230_systick.o(.text.GD32E230_Systick_Config)
    __arm_cp.0_0                             0x0800084c   Number         4  gd32e230_systick.o(.text.GD32E230_Systick_Config)
    GD32E230_Systick_TimerControlInit        0x08000851   Thumb Code    28  gd32e230_systick.o(.text.GD32E230_Systick_TimerControlInit)
    [Anonymous Symbol]                       0x08000850   Section        0  gd32e230_systick.o(.text.GD32E230_Systick_TimerControlInit)
    [Anonymous Symbol]                       0x0800086c   Section        0  gd32e230_systick.o(.text.GD32E230_Systick_TimerKill)
    [Anonymous Symbol]                       0x08000884   Section        0  gd32e230_systick.o(.text.GD32E230_Systick_TimerProcess)
    [Anonymous Symbol]                       0x080008bc   Section        0  gd32e230_systick.o(.text.GD32E230_TimerSet)
    GD32E23X_Modbus_CommunicateResponseInformation 0x080008dd   Thumb Code   116  usart.o(.text.GD32E23X_Modbus_CommunicateResponseInformation)
    [Anonymous Symbol]                       0x080008dc   Section        0  usart.o(.text.GD32E23X_Modbus_CommunicateResponseInformation)
    __arm_cp.11_2                            0x0800094c   Number         4  usart.o(.text.GD32E23X_Modbus_CommunicateResponseInformation)
    GD32E23X_Modbus_ModbusTimer              0x08000951   Thumb Code   240  usart.o(.text.GD32E23X_Modbus_ModbusTimer)
    [Anonymous Symbol]                       0x08000950   Section        0  usart.o(.text.GD32E23X_Modbus_ModbusTimer)
    __arm_cp.8_0                             0x08000a38   Number         4  usart.o(.text.GD32E23X_Modbus_ModbusTimer)
    __arm_cp.8_3                             0x08000a3c   Number         4  usart.o(.text.GD32E23X_Modbus_ModbusTimer)
    [Anonymous Symbol]                       0x08000a40   Section        0  usart.o(.text.GD32E23X_Modbus_UpgradeResponseProcess)
    __arm_cp.10_0                            0x08000a7c   Number         4  usart.o(.text.GD32E23X_Modbus_UpgradeResponseProcess)
    __arm_cp.10_1                            0x08000a80   Number         4  usart.o(.text.GD32E23X_Modbus_UpgradeResponseProcess)
    [Anonymous Symbol]                       0x08000a84   Section        0  flash.o(.text.GDFLASHOP_EraseSpecifiedFlashPages)
    __arm_cp.0_0                             0x08000ae8   Number         4  flash.o(.text.GDFLASHOP_EraseSpecifiedFlashPages)
    [Anonymous Symbol]                       0x08000aec   Section        0  flash.o(.text.GDFLASHOP_ReadDataFromChipFlash)
    __arm_cp.2_0                             0x08000b1c   Number         4  flash.o(.text.GDFLASHOP_ReadDataFromChipFlash)
    [Anonymous Symbol]                       0x08000b20   Section        0  flash.o(.text.GDFLASHOP_WriteData2SpecifiedFlash)
    __arm_cp.1_0                             0x08000b68   Number         4  flash.o(.text.GDFLASHOP_WriteData2SpecifiedFlash)
    [Anonymous Symbol]                       0x08000b6c   Section        0  gd32e230_it.o(.text.HardFault_Handler)
    JumpToUserApplication                    0x08000b71   Thumb Code    68  main.o(.text.JumpToUserApplication)
    [Anonymous Symbol]                       0x08000b70   Section        0  main.o(.text.JumpToUserApplication)
    __arm_cp.3_2                             0x08000ba8   Number         4  main.o(.text.JumpToUserApplication)
    __arm_cp.3_3                             0x08000bac   Number         4  main.o(.text.JumpToUserApplication)
    __arm_cp.3_4                             0x08000bb0   Number         4  main.o(.text.JumpToUserApplication)
    [Anonymous Symbol]                       0x08000bb4   Section        0  gd32e230_it.o(.text.NMI_Handler)
    [Anonymous Symbol]                       0x08000bb6   Section        0  gd32e230_it.o(.text.PendSV_Handler)
    [Anonymous Symbol]                       0x08000bb8   Section        0  gd32e230_it.o(.text.SVC_Handler)
    SysTick_Config                           0x08000bbd   Thumb Code    36  gd32e230_systick.o(.text.SysTick_Config)
    [Anonymous Symbol]                       0x08000bbc   Section        0  gd32e230_systick.o(.text.SysTick_Config)
    __arm_cp.1_0                             0x08000bdc   Number         4  gd32e230_systick.o(.text.SysTick_Config)
    [Anonymous Symbol]                       0x08000be0   Section        0  gd32e230_systick.o(.text.SysTick_Handler)
    __arm_cp.6_0                             0x08000c0c   Number         4  gd32e230_systick.o(.text.SysTick_Handler)
    [Anonymous Symbol]                       0x08000c10   Section        0  system_gd32e230.o(.text.SystemInit)
    __arm_cp.0_0                             0x08000c80   Number         4  system_gd32e230.o(.text.SystemInit)
    __arm_cp.0_1                             0x08000c84   Number         4  system_gd32e230.o(.text.SystemInit)
    __arm_cp.0_2                             0x08000c88   Number         4  system_gd32e230.o(.text.SystemInit)
    __arm_cp.0_3                             0x08000c8c   Number         4  system_gd32e230.o(.text.SystemInit)
    [Anonymous Symbol]                       0x08000c90   Section        0  usart.o(.text.TIMER2_IRQHandler)
    __arm_cp.9_2                             0x08000cd4   Number         4  usart.o(.text.TIMER2_IRQHandler)
    [Anonymous Symbol]                       0x08000cd8   Section        0  usart.o(.text.USART1_IRQHandler)
    __arm_cp.7_0                             0x08000d24   Number         4  usart.o(.text.USART1_IRQHandler)
    __arm_cp.7_1                             0x08000d28   Number         4  usart.o(.text.USART1_IRQHandler)
    __arm_cp.7_2                             0x08000d2c   Number         4  usart.o(.text.USART1_IRQHandler)
    __arm_cp.7_3                             0x08000d30   Number         4  usart.o(.text.USART1_IRQHandler)
    __arm_cp.7_4                             0x08000d34   Number         4  usart.o(.text.USART1_IRQHandler)
    __arm_cp.7_5                             0x08000d38   Number         4  usart.o(.text.USART1_IRQHandler)
    USART_CommunicateControlPinInit          0x08000d3d   Thumb Code    48  usart.o(.text.USART_CommunicateControlPinInit)
    [Anonymous Symbol]                       0x08000d3c   Section        0  usart.o(.text.USART_CommunicateControlPinInit)
    __arm_cp.1_0                             0x08000d68   Number         4  usart.o(.text.USART_CommunicateControlPinInit)
    [Anonymous Symbol]                       0x08000d6c   Section        0  usart.o(.text.USART_CommunicateInitial)
    __arm_cp.0_0                             0x08000e48   Number         4  usart.o(.text.USART_CommunicateInitial)
    __arm_cp.0_1                             0x08000e4c   Number         4  usart.o(.text.USART_CommunicateInitial)
    __arm_cp.0_2                             0x08000e50   Number         4  usart.o(.text.USART_CommunicateInitial)
    com_irqn                                 0x08000e54   Number         0  usart.o(.text.USART_CommunicateInitial)
    com_gpio_clk                             0x08000e58   Number         0  usart.o(.text.USART_CommunicateInitial)
    usart_rcu_clk                            0x08000e5c   Number         0  usart.o(.text.USART_CommunicateInitial)
    com_tx_pin                               0x08000e60   Number         0  usart.o(.text.USART_CommunicateInitial)
    com_rx_pin                               0x08000e68   Number         0  usart.o(.text.USART_CommunicateInitial)
    [Anonymous Symbol]                       0x08000e70   Section        0  usart.o(.text.USART_CommunicateParaConfig)
    __arm_cp.3_0                             0x08000f18   Number         4  usart.o(.text.USART_CommunicateParaConfig)
    com_id                                   0x08000f1c   Number         0  usart.o(.text.USART_CommunicateParaConfig)
    __arm_cp.3_2                             0x08000f24   Number         4  usart.o(.text.USART_CommunicateParaConfig)
    __arm_cp.3_5                             0x08000f40   Number         4  usart.o(.text.USART_CommunicateParaConfig)
    [Anonymous Symbol]                       0x08000f44   Section        0  usart.o(.text.USART_ConfigPaserParameters)
    __arm_cp.4_0                             0x08000f60   Number         4  usart.o(.text.USART_ConfigPaserParameters)
    __arm_cp.4_1                             0x08000f64   Number         4  usart.o(.text.USART_ConfigPaserParameters)
    [Anonymous Symbol]                       0x08000f68   Section        0  usart.o(.text.USART_SendDataViaUSART0DmaChannel)
    __arm_cp.5_1                             0x08000f88   Number         4  usart.o(.text.USART_SendDataViaUSART0DmaChannel)
    [Anonymous Symbol]                       0x08000f8c   Section        0  usart.o(.text.USART_SendDataViaUSART0DmaChnIsBusy)
    __arm_cp.6_0                             0x08000f94   Number         4  usart.o(.text.USART_SendDataViaUSART0DmaChnIsBusy)
    [Anonymous Symbol]                       0x08000f98   Section        0  usart.o(.text.USART_Timer2_Configuation)
    __arm_cp.2_0                             0x08001004   Number         4  usart.o(.text.USART_Timer2_Configuation)
    __arm_cp.2_1                             0x08001008   Number         4  usart.o(.text.USART_Timer2_Configuation)
    __arm_cp.2_2                             0x0800100c   Number         4  usart.o(.text.USART_Timer2_Configuation)
    __arm_cp.2_3                             0x08001010   Number         4  usart.o(.text.USART_Timer2_Configuation)
    __arm_cp.2_4                             0x08001014   Number         4  usart.o(.text.USART_Timer2_Configuation)
    __NVIC_EnableIRQ                         0x08001019   Thumb Code    28  gd32e230_misc.o(.text.__NVIC_EnableIRQ)
    [Anonymous Symbol]                       0x08001018   Section        0  gd32e230_misc.o(.text.__NVIC_EnableIRQ)
    __arm_cp.2_0                             0x08001030   Number         4  gd32e230_misc.o(.text.__NVIC_EnableIRQ)
    __NVIC_SetPriority                       0x08001035   Thumb Code    24  gd32e230_systick.o(.text.__NVIC_SetPriority)
    [Anonymous Symbol]                       0x08001034   Section        0  gd32e230_systick.o(.text.__NVIC_SetPriority)
    __arm_cp.7_0                             0x08001048   Number         4  gd32e230_systick.o(.text.__NVIC_SetPriority)
    __NVIC_SetPriority                       0x0800104d   Thumb Code    64  gd32e230_misc.o(.text.__NVIC_SetPriority)
    [Anonymous Symbol]                       0x0800104c   Section        0  gd32e230_misc.o(.text.__NVIC_SetPriority)
    __arm_cp.1_0                             0x08001084   Number         4  gd32e230_misc.o(.text.__NVIC_SetPriority)
    __arm_cp.1_1                             0x08001088   Number         4  gd32e230_misc.o(.text.__NVIC_SetPriority)
    [Anonymous Symbol]                       0x0800108c   Section        0  gd32e230_dma.o(.text.dma_channel_disable)
    [Anonymous Symbol]                       0x0800109c   Section        0  gd32e230_dma.o(.text.dma_channel_enable)
    [Anonymous Symbol]                       0x080010ac   Section        0  gd32e230_dma.o(.text.dma_circulation_disable)
    [Anonymous Symbol]                       0x080010bc   Section        0  gd32e230_dma.o(.text.dma_circulation_enable)
    [Anonymous Symbol]                       0x080010cc   Section        0  gd32e230_dma.o(.text.dma_deinit)
    [Anonymous Symbol]                       0x080010f8   Section        0  gd32e230_dma.o(.text.dma_init)
    [Anonymous Symbol]                       0x08001164   Section        0  gd32e230_dma.o(.text.dma_interrupt_disable)
    [Anonymous Symbol]                       0x08001174   Section        0  gd32e230_dma.o(.text.dma_interrupt_enable)
    [Anonymous Symbol]                       0x08001184   Section        0  gd32e230_dma.o(.text.dma_interrupt_flag_clear)
    __arm_cp.24_0                            0x08001194   Number         4  gd32e230_dma.o(.text.dma_interrupt_flag_clear)
    [Anonymous Symbol]                       0x08001198   Section        0  gd32e230_dma.o(.text.dma_interrupt_flag_get)
    __arm_cp.23_0                            0x080011d8   Number         4  gd32e230_dma.o(.text.dma_interrupt_flag_get)
    [Anonymous Symbol]                       0x080011dc   Section        0  gd32e230_dma.o(.text.dma_memory_to_memory_disable)
    __arm_cp.7_0                             0x080011f0   Number         4  gd32e230_dma.o(.text.dma_memory_to_memory_disable)
    [Anonymous Symbol]                       0x080011f4   Section        0  gd32e230_dma.o(.text.dma_struct_para_init)
    [Anonymous Symbol]                       0x08001208   Section        0  gd32e230_dma.o(.text.dma_transfer_number_config)
    [Anonymous Symbol]                       0x08001214   Section        0  gd32e230_dma.o(.text.dma_transfer_number_get)
    __arm_cp.12_0                            0x08001220   Number         4  gd32e230_dma.o(.text.dma_transfer_number_get)
    [Anonymous Symbol]                       0x08001224   Section        0  flash.o(.text.flash_read_MultiBytes)
    [Anonymous Symbol]                       0x08001238   Section        0  gd32e230_fmc.o(.text.fmc_flag_clear)
    [Anonymous Symbol]                       0x08001240   Section        0  gd32e230_fmc.o(.text.fmc_lock)
    [Anonymous Symbol]                       0x0800124c   Section        0  gd32e230_fmc.o(.text.fmc_page_erase)
    [Anonymous Symbol]                       0x08001288   Section        0  gd32e230_fmc.o(.text.fmc_ready_wait)
    [Anonymous Symbol]                       0x080012a8   Section        0  gd32e230_fmc.o(.text.fmc_state_get)
    __arm_cp.29_0                            0x080012c8   Number         4  gd32e230_fmc.o(.text.fmc_state_get)
    [Anonymous Symbol]                       0x080012cc   Section        0  gd32e230_fmc.o(.text.fmc_unlock)
    __arm_cp.0_0                             0x080012e0   Number         4  gd32e230_fmc.o(.text.fmc_unlock)
    __arm_cp.0_1                             0x080012e4   Number         4  gd32e230_fmc.o(.text.fmc_unlock)
    __arm_cp.0_2                             0x080012e8   Number         4  gd32e230_fmc.o(.text.fmc_unlock)
    [Anonymous Symbol]                       0x080012ec   Section        0  gd32e230_fmc.o(.text.fmc_word_program)
    __arm_cp.9_0                             0x08001324   Number         4  gd32e230_fmc.o(.text.fmc_word_program)
    [Anonymous Symbol]                       0x08001328   Section        0  gd32e230_gpio.o(.text.gpio_af_set)
    [Anonymous Symbol]                       0x08001386   Section        0  gd32e230_gpio.o(.text.gpio_mode_set)
    [Anonymous Symbol]                       0x080013c8   Section        0  gd32e230_gpio.o(.text.gpio_output_options_set)
    [Anonymous Symbol]                       0x08001410   Section        0  main.o(.text.main)
    __arm_cp.2_0                             0x08001440   Number         4  main.o(.text.main)
    __arm_cp.2_1                             0x08001444   Number         4  main.o(.text.main)
    __arm_cp.2_2                             0x08001448   Number         4  main.o(.text.main)
    [Anonymous Symbol]                       0x0800144c   Section        0  gd32e230_misc.o(.text.nvic_irq_enable)
    [Anonymous Symbol]                       0x08001460   Section        0  gd32e230_misc.o(.text.nvic_vector_table_set)
    __arm_cp.7_0                             0x0800146c   Number         4  gd32e230_misc.o(.text.nvic_vector_table_set)
    __arm_cp.7_1                             0x08001470   Number         4  gd32e230_misc.o(.text.nvic_vector_table_set)
    [Anonymous Symbol]                       0x08001474   Section        0  gd32e230_rcu.o(.text.rcu_clock_freq_get)
    __arm_cp.38_0                            0x0800157c   Number         4  gd32e230_rcu.o(.text.rcu_clock_freq_get)
    __arm_cp.38_1                            0x08001580   Number         4  gd32e230_rcu.o(.text.rcu_clock_freq_get)
    __arm_cp.38_2                            0x08001584   Number         4  gd32e230_rcu.o(.text.rcu_clock_freq_get)
    __arm_cp.38_5                            0x080015a0   Number         4  gd32e230_rcu.o(.text.rcu_clock_freq_get)
    __arm_cp.38_6                            0x080015a4   Number         4  gd32e230_rcu.o(.text.rcu_clock_freq_get)
    [Anonymous Symbol]                       0x080015a8   Section        0  gd32e230_rcu.o(.text.rcu_periph_clock_enable)
    [Anonymous Symbol]                       0x080015bc   Section        0  gd32e230_rcu.o(.text.rcu_periph_reset_disable)
    [Anonymous Symbol]                       0x080015d0   Section        0  gd32e230_rcu.o(.text.rcu_periph_reset_enable)
    __arm_cp.5_0                             0x080015e4   Number         4  gd32e230_rcu.o(.text.rcu_periph_reset_enable)
    system_clock_72m_irc8m                   0x080015e9   Thumb Code   140  system_gd32e230.o(.text.system_clock_72m_irc8m)
    [Anonymous Symbol]                       0x080015e8   Section        0  system_gd32e230.o(.text.system_clock_72m_irc8m)
    __arm_cp.3_0                             0x08001660   Number         4  system_gd32e230.o(.text.system_clock_72m_irc8m)
    __arm_cp.3_1                             0x08001664   Number         4  system_gd32e230.o(.text.system_clock_72m_irc8m)
    __arm_cp.3_2                             0x08001668   Number         4  system_gd32e230.o(.text.system_clock_72m_irc8m)
    __arm_cp.3_3                             0x0800166c   Number         4  system_gd32e230.o(.text.system_clock_72m_irc8m)
    __arm_cp.3_4                             0x08001670   Number         4  system_gd32e230.o(.text.system_clock_72m_irc8m)
    system_clock_config                      0x08001675   Thumb Code     8  system_gd32e230.o(.text.system_clock_config)
    [Anonymous Symbol]                       0x08001674   Section        0  system_gd32e230.o(.text.system_clock_config)
    [Anonymous Symbol]                       0x0800167c   Section        0  gd32e230_timer.o(.text.timer_counter_value_config)
    [Anonymous Symbol]                       0x08001680   Section        0  gd32e230_timer.o(.text.timer_deinit)
    __arm_cp.0_0                             0x080016e0   Number         4  gd32e230_timer.o(.text.timer_deinit)
    __arm_cp.0_1                             0x080016e4   Number         4  gd32e230_timer.o(.text.timer_deinit)
    __arm_cp.0_2                             0x080016e8   Number         4  gd32e230_timer.o(.text.timer_deinit)
    __arm_cp.0_8                             0x080016ec   Number         4  gd32e230_timer.o(.text.timer_deinit)
    [Anonymous Symbol]                       0x080016f0   Section        0  gd32e230_timer.o(.text.timer_disable)
    [Anonymous Symbol]                       0x080016fa   Section        0  gd32e230_timer.o(.text.timer_enable)
    [Anonymous Symbol]                       0x08001704   Section        0  gd32e230_timer.o(.text.timer_flag_clear)
    [Anonymous Symbol]                       0x0800170c   Section        0  gd32e230_timer.o(.text.timer_flag_get)
    [Anonymous Symbol]                       0x08001718   Section        0  gd32e230_timer.o(.text.timer_init)
    __arm_cp.2_0                             0x080017a8   Number         4  gd32e230_timer.o(.text.timer_init)
    __arm_cp.2_1                             0x080017ac   Number         4  gd32e230_timer.o(.text.timer_init)
    __arm_cp.2_2                             0x080017b0   Number         4  gd32e230_timer.o(.text.timer_init)
    __arm_cp.2_3                             0x080017b4   Number         4  gd32e230_timer.o(.text.timer_init)
    __arm_cp.2_4                             0x080017b8   Number         4  gd32e230_timer.o(.text.timer_init)
    __arm_cp.2_5                             0x080017bc   Number         4  gd32e230_timer.o(.text.timer_init)
    __arm_cp.2_6                             0x080017c0   Number         4  gd32e230_timer.o(.text.timer_init)
    __arm_cp.2_7                             0x080017c4   Number         4  gd32e230_timer.o(.text.timer_init)
    [Anonymous Symbol]                       0x080017c8   Section        0  gd32e230_timer.o(.text.timer_interrupt_disable)
    [Anonymous Symbol]                       0x080017d0   Section        0  gd32e230_timer.o(.text.timer_interrupt_enable)
    [Anonymous Symbol]                       0x080017d8   Section        0  gd32e230_timer.o(.text.timer_struct_para_init)
    __arm_cp.1_0                             0x080017e8   Number         4  gd32e230_timer.o(.text.timer_struct_para_init)
    [Anonymous Symbol]                       0x080017ec   Section        0  gd32e230_usart.o(.text.usart_baudrate_set)
    __arm_cp.1_2                             0x08001838   Number         4  gd32e230_usart.o(.text.usart_baudrate_set)
    [Anonymous Symbol]                       0x0800183c   Section        0  gd32e230_usart.o(.text.usart_data_receive)
    __arm_cp.19_0                            0x08001844   Number         4  gd32e230_usart.o(.text.usart_data_receive)
    [Anonymous Symbol]                       0x08001848   Section        0  gd32e230_usart.o(.text.usart_deinit)
    __arm_cp.0_0                             0x0800186c   Number         4  gd32e230_usart.o(.text.usart_deinit)
    __arm_cp.0_1                             0x08001870   Number         4  gd32e230_usart.o(.text.usart_deinit)
    __arm_cp.0_2                             0x08001874   Number         4  gd32e230_usart.o(.text.usart_deinit)
    __arm_cp.0_3                             0x08001878   Number         4  gd32e230_usart.o(.text.usart_deinit)
    [Anonymous Symbol]                       0x0800187c   Section        0  gd32e230_usart.o(.text.usart_disable)
    [Anonymous Symbol]                       0x08001886   Section        0  gd32e230_usart.o(.text.usart_dma_receive_config)
    [Anonymous Symbol]                       0x08001896   Section        0  gd32e230_usart.o(.text.usart_dma_transmit_config)
    [Anonymous Symbol]                       0x080018a6   Section        0  gd32e230_usart.o(.text.usart_enable)
    [Anonymous Symbol]                       0x080018b0   Section        0  gd32e230_usart.o(.text.usart_flag_clear)
    [Anonymous Symbol]                       0x080018c0   Section        0  gd32e230_usart.o(.text.usart_flag_get)
    [Anonymous Symbol]                       0x080018d0   Section        0  gd32e230_usart.o(.text.usart_hardware_flow_cts_config)
    [Anonymous Symbol]                       0x080018ea   Section        0  gd32e230_usart.o(.text.usart_hardware_flow_rts_config)
    [Anonymous Symbol]                       0x08001904   Section        0  gd32e230_usart.o(.text.usart_interrupt_enable)
    [Anonymous Symbol]                       0x08001916   Section        0  gd32e230_usart.o(.text.usart_parity_config)
    [Anonymous Symbol]                       0x08001930   Section        0  gd32e230_usart.o(.text.usart_receive_config)
    [Anonymous Symbol]                       0x08001940   Section        0  gd32e230_usart.o(.text.usart_stop_bit_set)
    [Anonymous Symbol]                       0x0800195a   Section        0  gd32e230_usart.o(.text.usart_transmit_config)
    [Anonymous Symbol]                       0x0800196a   Section        0  gd32e230_usart.o(.text.usart_word_length_set)
    i.__scatterload_copy                     0x08001984   Section       14  handlers.o(i.__scatterload_copy)
    i.__scatterload_null                     0x08001992   Section        2  handlers.o(i.__scatterload_null)
    i.__scatterload_zeroinit                 0x08001994   Section       14  handlers.o(i.__scatterload_zeroinit)
    commpara                                 0x20000004   Data           4  main.o(.data.commpara)
    [Anonymous Symbol]                       0x20000004   Section        0  main.o(.data.commpara)
    JumpAddress                              0x20000008   Data           4  main.o(.bss.JumpAddress)
    [Anonymous Symbol]                       0x20000008   Section        0  main.o(.bss.JumpAddress)
    TmrTbl                                   0x20000010   Data          60  gd32e230_systick.o(.bss.TmrTbl)
    [Anonymous Symbol]                       0x20000010   Section        0  gd32e230_systick.o(.bss.TmrTbl)
    destflashaddr                            0x2000004c   Data           4  main.o(.bss.destflashaddr)
    [Anonymous Symbol]                       0x2000004c   Section        0  main.o(.bss.destflashaddr)
    flag_send_busy                           0x20000050   Data           1  usart.o(.bss.flag_send_busy)
    [Anonymous Symbol]                       0x20000050   Section        0  usart.o(.bss.flag_send_busy)
    mdbus_parsebuf                           0x20000051   Data        1088  main.o(.bss.mdbus_parsebuf)
    [Anonymous Symbol]                       0x20000051   Section        0  main.o(.bss.mdbus_parsebuf)
    mdbus_rcvbuf                             0x20000491   Data        2048  main.o(.bss.mdbus_rcvbuf)
    [Anonymous Symbol]                       0x20000491   Section        0  main.o(.bss.mdbus_rcvbuf)
    mdbus_sndbuf                             0x20000c91   Data        1088  main.o(.bss.mdbus_sndbuf)
    [Anonymous Symbol]                       0x20000c91   Section        0  main.o(.bss.mdbus_sndbuf)
    s_mdbs_para                              0x200010d1   Data           3  usart.o(.bss.s_mdbs_para)
    [Anonymous Symbol]                       0x200010d1   Section        0  usart.o(.bss.s_mdbs_para)
    s_parse.0                                0x200010d4   Data           4  usart.o(.bss.s_parse.0)
    [Anonymous Symbol]                       0x200010d4   Section        0  usart.o(.bss.s_parse.0)
    s_parse.2                                0x200010d8   Data           4  usart.o(.bss.s_parse.2)
    [Anonymous Symbol]                       0x200010d8   Section        0  usart.o(.bss.s_parse.2)
    s_rcvq                                   0x200010dc   Data          12  usart.o(.bss.s_rcvq)
    [Anonymous Symbol]                       0x200010dc   Section        0  usart.o(.bss.s_rcvq)
    s_sndpara                                0x200010e8   Data           8  usart.o(.bss.s_sndpara)
    [Anonymous Symbol]                       0x200010e8   Section        0  usart.o(.bss.s_sndpara)
    s_upp                                    0x200010f0   Data          16  main.o(.bss.s_upp)
    [Anonymous Symbol]                       0x200010f0   Section        0  main.o(.bss.s_upp)
    STACK                                    0x20001110   Section     1024  startup_gd32e230.o(STACK)

    Global Symbols

    Symbol Name                              Value     Ov Type        Size  Object(Section)

    BuildAttributes$$THM_ISAv3M$S$8M$PE$A:L22$X:L11$S22$IEEE1$IW$~IW$USESV6$~STKCKD$USESV7$~SHL$OTIME$EBA8$MICROLIB$REQ8$PRES8$EABIv2 0x00000000   Number         0  anon$$obj.o ABSOLUTE
    __cpp_initialize__aeabi_                  - Undefined Weak Reference
    __cxa_finalize                            - Undefined Weak Reference
    __decompress                              - Undefined Weak Reference
    _clock_init                               - Undefined Weak Reference
    _microlib_exit                            - Undefined Weak Reference
    __Vectors_Size                           0x000000cc   Number         0  startup_gd32e230.o ABSOLUTE
    __Vectors                                0x08000000   Data           4  startup_gd32e230.o(RESET)
    __Vectors_End                            0x080000cc   Data           0  startup_gd32e230.o(RESET)
    __main                                   0x080000cd   Thumb Code     0  entry.o(.ARM.Collect$$$$00000000)
    _main_stk                                0x080000cd   Thumb Code     0  entry2.o(.ARM.Collect$$$$00000001)
    _main_scatterload                        0x080000d1   Thumb Code     0  entry5.o(.ARM.Collect$$$$00000004)
    __main_after_scatterload                 0x080000d5   Thumb Code     0  entry5.o(.ARM.Collect$$$$00000004)
    _main_clock                              0x080000d5   Thumb Code     0  entry7b.o(.ARM.Collect$$$$00000008)
    _main_cpp_init                           0x080000d5   Thumb Code     0  entry8b.o(.ARM.Collect$$$$0000000A)
    _main_init                               0x080000d5   Thumb Code     0  entry9a.o(.ARM.Collect$$$$0000000B)
    __rt_final_cpp                           0x080000dd   Thumb Code     0  entry10a.o(.ARM.Collect$$$$0000000D)
    __rt_final_exit                          0x080000dd   Thumb Code     0  entry11a.o(.ARM.Collect$$$$0000000F)
    Reset_Handler                            0x080000e1   Thumb Code     8  startup_gd32e230.o(.text)
    ADC_CMP_IRQHandler                       0x080000f3   Thumb Code     0  startup_gd32e230.o(.text)
    DMA_Channel0_IRQHandler                  0x080000f3   Thumb Code     0  startup_gd32e230.o(.text)
    DMA_Channel1_2_IRQHandler                0x080000f3   Thumb Code     0  startup_gd32e230.o(.text)
    EXTI0_1_IRQHandler                       0x080000f3   Thumb Code     0  startup_gd32e230.o(.text)
    EXTI2_3_IRQHandler                       0x080000f3   Thumb Code     0  startup_gd32e230.o(.text)
    EXTI4_15_IRQHandler                      0x080000f3   Thumb Code     0  startup_gd32e230.o(.text)
    FMC_IRQHandler                           0x080000f3   Thumb Code     0  startup_gd32e230.o(.text)
    I2C0_ER_IRQHandler                       0x080000f3   Thumb Code     0  startup_gd32e230.o(.text)
    I2C0_EV_IRQHandler                       0x080000f3   Thumb Code     0  startup_gd32e230.o(.text)
    I2C1_ER_IRQHandler                       0x080000f3   Thumb Code     0  startup_gd32e230.o(.text)
    I2C1_EV_IRQHandler                       0x080000f3   Thumb Code     0  startup_gd32e230.o(.text)
    LVD_IRQHandler                           0x080000f3   Thumb Code     0  startup_gd32e230.o(.text)
    RCU_IRQHandler                           0x080000f3   Thumb Code     0  startup_gd32e230.o(.text)
    RTC_IRQHandler                           0x080000f3   Thumb Code     0  startup_gd32e230.o(.text)
    SPI0_IRQHandler                          0x080000f3   Thumb Code     0  startup_gd32e230.o(.text)
    SPI1_IRQHandler                          0x080000f3   Thumb Code     0  startup_gd32e230.o(.text)
    TIMER0_BRK_UP_TRG_COM_IRQHandler         0x080000f3   Thumb Code     0  startup_gd32e230.o(.text)
    TIMER0_Channel_IRQHandler                0x080000f3   Thumb Code     0  startup_gd32e230.o(.text)
    TIMER13_IRQHandler                       0x080000f3   Thumb Code     0  startup_gd32e230.o(.text)
    TIMER14_IRQHandler                       0x080000f3   Thumb Code     0  startup_gd32e230.o(.text)
    TIMER15_IRQHandler                       0x080000f3   Thumb Code     0  startup_gd32e230.o(.text)
    TIMER16_IRQHandler                       0x080000f3   Thumb Code     0  startup_gd32e230.o(.text)
    TIMER5_IRQHandler                        0x080000f3   Thumb Code     0  startup_gd32e230.o(.text)
    USART0_IRQHandler                        0x080000f3   Thumb Code     0  startup_gd32e230.o(.text)
    WWDGT_IRQHandler                         0x080000f3   Thumb Code     0  startup_gd32e230.o(.text)
    __aeabi_memcpy                           0x080000fd   Thumb Code    36  memcpya.o(.text)
    __aeabi_memcpy4                          0x080000fd   Thumb Code     0  memcpya.o(.text)
    __aeabi_memcpy8                          0x080000fd   Thumb Code     0  memcpya.o(.text)
    __aeabi_memset                           0x08000121   Thumb Code    14  memseta.o(.text)
    __aeabi_memset4                          0x08000121   Thumb Code     0  memseta.o(.text)
    __aeabi_memset8                          0x08000121   Thumb Code     0  memseta.o(.text)
    __aeabi_memclr                           0x0800012f   Thumb Code     4  memseta.o(.text)
    __aeabi_memclr4                          0x0800012f   Thumb Code     0  memseta.o(.text)
    __aeabi_memclr8                          0x0800012f   Thumb Code     0  memseta.o(.text)
    _memset$wrapper                          0x08000133   Thumb Code    18  memseta.o(.text)
    __scatterload                            0x08000145   Thumb Code    28  init.o(.text)
    __scatterload_rt2                        0x08000145   Thumb Code     0  init.o(.text)
    COMMON_Bits16Convert2Bits8               0x080002c5   Thumb Code    24  commonfunctions.o(.text.COMMON_Bits16Convert2Bits8)
    COMMON_Bits8Convert2Bits16               0x080002dd   Thumb Code    36  commonfunctions.o(.text.COMMON_Bits8Convert2Bits16)
    COMMON_Bits8Convert2Bits32               0x08000301   Thumb Code    68  commonfunctions.o(.text.COMMON_Bits8Convert2Bits32)
    COMMON_ConverAscii2CommonMode            0x08000345   Thumb Code   116  commonfunctions.o(.text.COMMON_ConverAscii2CommonMode)
    COMMON_Convert1Byteto4Bits               0x080003b9   Thumb Code    60  commonfunctions.o(.text.COMMON_Convert1Byteto4Bits)
    COMMON_ConvertHex2Ascii                  0x080003f5   Thumb Code   110  commonfunctions.o(.text.COMMON_ConvertHex2Ascii)
    COMMON_GeneratorLRCCheckCode             0x08000463   Thumb Code    32  commonfunctions.o(.text.COMMON_GeneratorLRCCheckCode)
    COMMON_GeneratorU16bitsCRCCheckCode      0x08000485   Thumb Code    64  commonfunctions.o(.text.COMMON_GeneratorU16bitsCRCCheckCode)
    DMA_Channel3_4_IRQHandler                0x080004c5   Thumb Code    44  dmaconfig.o(.text.DMA_Channel3_4_IRQHandler)
    DMA_Rcv_TransDataParaConfig              0x080004f1   Thumb Code   200  dmaconfig.o(.text.DMA_Rcv_TransDataParaConfig)
    GD32E230_Systick_Config                  0x08000831   Thumb Code    32  gd32e230_systick.o(.text.GD32E230_Systick_Config)
    GD32E230_Systick_TimerKill               0x0800086d   Thumb Code    24  gd32e230_systick.o(.text.GD32E230_Systick_TimerKill)
    GD32E230_Systick_TimerProcess            0x08000885   Thumb Code    56  gd32e230_systick.o(.text.GD32E230_Systick_TimerProcess)
    GD32E230_TimerSet                        0x080008bd   Thumb Code    32  gd32e230_systick.o(.text.GD32E230_TimerSet)
    GD32E23X_Modbus_UpgradeResponseProcess   0x08000a41   Thumb Code    68  usart.o(.text.GD32E23X_Modbus_UpgradeResponseProcess)
    GDFLASHOP_EraseSpecifiedFlashPages       0x08000a85   Thumb Code   104  flash.o(.text.GDFLASHOP_EraseSpecifiedFlashPages)
    GDFLASHOP_ReadDataFromChipFlash          0x08000aed   Thumb Code    52  flash.o(.text.GDFLASHOP_ReadDataFromChipFlash)
    GDFLASHOP_WriteData2SpecifiedFlash       0x08000b21   Thumb Code    76  flash.o(.text.GDFLASHOP_WriteData2SpecifiedFlash)
    HardFault_Handler                        0x08000b6d   Thumb Code     2  gd32e230_it.o(.text.HardFault_Handler)
    NMI_Handler                              0x08000bb5   Thumb Code     2  gd32e230_it.o(.text.NMI_Handler)
    PendSV_Handler                           0x08000bb7   Thumb Code     2  gd32e230_it.o(.text.PendSV_Handler)
    SVC_Handler                              0x08000bb9   Thumb Code     2  gd32e230_it.o(.text.SVC_Handler)
    SysTick_Handler                          0x08000be1   Thumb Code    48  gd32e230_systick.o(.text.SysTick_Handler)
    SystemInit                               0x08000c11   Thumb Code   128  system_gd32e230.o(.text.SystemInit)
    TIMER2_IRQHandler                        0x08000c91   Thumb Code    72  usart.o(.text.TIMER2_IRQHandler)
    USART1_IRQHandler                        0x08000cd9   Thumb Code   100  usart.o(.text.USART1_IRQHandler)
    USART_CommunicateInitial                 0x08000d6d   Thumb Code   260  usart.o(.text.USART_CommunicateInitial)
    USART_CommunicateParaConfig              0x08000e71   Thumb Code   212  usart.o(.text.USART_CommunicateParaConfig)
    USART_ConfigPaserParameters              0x08000f45   Thumb Code    36  usart.o(.text.USART_ConfigPaserParameters)
    USART_SendDataViaUSART0DmaChannel        0x08000f69   Thumb Code    36  usart.o(.text.USART_SendDataViaUSART0DmaChannel)
    USART_SendDataViaUSART0DmaChnIsBusy      0x08000f8d   Thumb Code    12  usart.o(.text.USART_SendDataViaUSART0DmaChnIsBusy)
    USART_Timer2_Configuation                0x08000f99   Thumb Code   128  usart.o(.text.USART_Timer2_Configuation)
    dma_channel_disable                      0x0800108d   Thumb Code    16  gd32e230_dma.o(.text.dma_channel_disable)
    dma_channel_enable                       0x0800109d   Thumb Code    16  gd32e230_dma.o(.text.dma_channel_enable)
    dma_circulation_disable                  0x080010ad   Thumb Code    16  gd32e230_dma.o(.text.dma_circulation_disable)
    dma_circulation_enable                   0x080010bd   Thumb Code    16  gd32e230_dma.o(.text.dma_circulation_enable)
    dma_deinit                               0x080010cd   Thumb Code    44  gd32e230_dma.o(.text.dma_deinit)
    dma_init                                 0x080010f9   Thumb Code   108  gd32e230_dma.o(.text.dma_init)
    dma_interrupt_disable                    0x08001165   Thumb Code    16  gd32e230_dma.o(.text.dma_interrupt_disable)
    dma_interrupt_enable                     0x08001175   Thumb Code    16  gd32e230_dma.o(.text.dma_interrupt_enable)
    dma_interrupt_flag_clear                 0x08001185   Thumb Code    20  gd32e230_dma.o(.text.dma_interrupt_flag_clear)
    dma_interrupt_flag_get                   0x08001199   Thumb Code    68  gd32e230_dma.o(.text.dma_interrupt_flag_get)
    dma_memory_to_memory_disable             0x080011dd   Thumb Code    24  gd32e230_dma.o(.text.dma_memory_to_memory_disable)
    dma_struct_para_init                     0x080011f5   Thumb Code    20  gd32e230_dma.o(.text.dma_struct_para_init)
    dma_transfer_number_config               0x08001209   Thumb Code    12  gd32e230_dma.o(.text.dma_transfer_number_config)
    dma_transfer_number_get                  0x08001215   Thumb Code    16  gd32e230_dma.o(.text.dma_transfer_number_get)
    flash_read_MultiBytes                    0x08001225   Thumb Code    20  flash.o(.text.flash_read_MultiBytes)
    fmc_flag_clear                           0x08001239   Thumb Code     8  gd32e230_fmc.o(.text.fmc_flag_clear)
    fmc_lock                                 0x08001241   Thumb Code    12  gd32e230_fmc.o(.text.fmc_lock)
    fmc_page_erase                           0x0800124d   Thumb Code    60  gd32e230_fmc.o(.text.fmc_page_erase)
    fmc_ready_wait                           0x08001289   Thumb Code    32  gd32e230_fmc.o(.text.fmc_ready_wait)
    fmc_state_get                            0x080012a9   Thumb Code    36  gd32e230_fmc.o(.text.fmc_state_get)
    fmc_unlock                               0x080012cd   Thumb Code    32  gd32e230_fmc.o(.text.fmc_unlock)
    fmc_word_program                         0x080012ed   Thumb Code    60  gd32e230_fmc.o(.text.fmc_word_program)
    gpio_af_set                              0x08001329   Thumb Code    94  gd32e230_gpio.o(.text.gpio_af_set)
    gpio_mode_set                            0x08001387   Thumb Code    66  gd32e230_gpio.o(.text.gpio_mode_set)
    gpio_output_options_set                  0x080013c9   Thumb Code    70  gd32e230_gpio.o(.text.gpio_output_options_set)
    main                                     0x08001411   Thumb Code    60  main.o(.text.main)
    nvic_irq_enable                          0x0800144d   Thumb Code    18  gd32e230_misc.o(.text.nvic_irq_enable)
    nvic_vector_table_set                    0x08001461   Thumb Code    20  gd32e230_misc.o(.text.nvic_vector_table_set)
    rcu_clock_freq_get                       0x08001475   Thumb Code   308  gd32e230_rcu.o(.text.rcu_clock_freq_get)
    rcu_periph_clock_enable                  0x080015a9   Thumb Code    20  gd32e230_rcu.o(.text.rcu_periph_clock_enable)
    rcu_periph_reset_disable                 0x080015bd   Thumb Code    20  gd32e230_rcu.o(.text.rcu_periph_reset_disable)
    rcu_periph_reset_enable                  0x080015d1   Thumb Code    24  gd32e230_rcu.o(.text.rcu_periph_reset_enable)
    timer_counter_value_config               0x0800167d   Thumb Code     4  gd32e230_timer.o(.text.timer_counter_value_config)
    timer_deinit                             0x08001681   Thumb Code   112  gd32e230_timer.o(.text.timer_deinit)
    timer_disable                            0x080016f1   Thumb Code    10  gd32e230_timer.o(.text.timer_disable)
    timer_enable                             0x080016fb   Thumb Code    10  gd32e230_timer.o(.text.timer_enable)
    timer_flag_clear                         0x08001705   Thumb Code     8  gd32e230_timer.o(.text.timer_flag_clear)
    timer_flag_get                           0x0800170d   Thumb Code    10  gd32e230_timer.o(.text.timer_flag_get)
    timer_init                               0x08001719   Thumb Code   176  gd32e230_timer.o(.text.timer_init)
    timer_interrupt_disable                  0x080017c9   Thumb Code     8  gd32e230_timer.o(.text.timer_interrupt_disable)
    timer_interrupt_enable                   0x080017d1   Thumb Code     8  gd32e230_timer.o(.text.timer_interrupt_enable)
    timer_struct_para_init                   0x080017d9   Thumb Code    20  gd32e230_timer.o(.text.timer_struct_para_init)
    usart_baudrate_set                       0x080017ed   Thumb Code    80  gd32e230_usart.o(.text.usart_baudrate_set)
    usart_data_receive                       0x0800183d   Thumb Code    12  gd32e230_usart.o(.text.usart_data_receive)
    usart_deinit                             0x08001849   Thumb Code    52  gd32e230_usart.o(.text.usart_deinit)
    usart_disable                            0x0800187d   Thumb Code    10  gd32e230_usart.o(.text.usart_disable)
    usart_dma_receive_config                 0x08001887   Thumb Code    16  gd32e230_usart.o(.text.usart_dma_receive_config)
    usart_dma_transmit_config                0x08001897   Thumb Code    16  gd32e230_usart.o(.text.usart_dma_transmit_config)
    usart_enable                             0x080018a7   Thumb Code    10  gd32e230_usart.o(.text.usart_enable)
    usart_flag_clear                         0x080018b1   Thumb Code    16  gd32e230_usart.o(.text.usart_flag_clear)
    usart_flag_get                           0x080018c1   Thumb Code    16  gd32e230_usart.o(.text.usart_flag_get)
    usart_hardware_flow_cts_config           0x080018d1   Thumb Code    26  gd32e230_usart.o(.text.usart_hardware_flow_cts_config)
    usart_hardware_flow_rts_config           0x080018eb   Thumb Code    26  gd32e230_usart.o(.text.usart_hardware_flow_rts_config)
    usart_interrupt_enable                   0x08001905   Thumb Code    18  gd32e230_usart.o(.text.usart_interrupt_enable)
    usart_parity_config                      0x08001917   Thumb Code    26  gd32e230_usart.o(.text.usart_parity_config)
    usart_receive_config                     0x08001931   Thumb Code    16  gd32e230_usart.o(.text.usart_receive_config)
    usart_stop_bit_set                       0x08001941   Thumb Code    26  gd32e230_usart.o(.text.usart_stop_bit_set)
    usart_transmit_config                    0x0800195b   Thumb Code    16  gd32e230_usart.o(.text.usart_transmit_config)
    usart_word_length_set                    0x0800196b   Thumb Code    26  gd32e230_usart.o(.text.usart_word_length_set)
    __scatterload_copy                       0x08001985   Thumb Code    14  handlers.o(i.__scatterload_copy)
    __scatterload_null                       0x08001993   Thumb Code     2  handlers.o(i.__scatterload_null)
    __scatterload_zeroinit                   0x08001995   Thumb Code    14  handlers.o(i.__scatterload_zeroinit)
    BaudrateTab                              0x080019a4   Data          32  usart.o(.rodata.BaudrateTab)
    CRCHighTab                               0x080019c4   Data         256  commonfunctions.o(.rodata.CRCHighTab)
    CRCLowTab                                0x08001ac4   Data         256  commonfunctions.o(.rodata.CRCLowTab)
    FrameInterval                            0x08001bc4   Data           8  usart.o(.rodata.FrameInterval)
    Rs485ctrldly                             0x08001bcc   Data          16  usart.o(.rodata.Rs485ctrldly)
    enstr                                    0x08001bdc   Data          64  main.o(.rodata.enstr)
    Region$$Table$$Base                      0x08001c1c   Number         0  anon$$obj.o(Region$$Table)
    Region$$Table$$Limit                     0x08001c3c   Number         0  anon$$obj.o(Region$$Table)
    SystemCoreClock                          0x20000000   Data           4  system_gd32e230.o(.data.SystemCoreClock)
    Jump_To_Application                      0x2000000c   Data           4  main.o(.bss.Jump_To_Application)
    usart_dma_para                           0x20001100   Data          16  main.o(.bss.usart_dma_para)
    __initial_sp                             0x20001510   Data           0  startup_gd32e230.o(STACK)



==============================================================================

Memory Map of the image

  Image Entry point : 0x080000cd

  Load Region LR_IROM1 (Base: 0x08000000, Size: 0x00001c48, Max: 0x00010000, ABSOLUTE)

    Execution Region ER_IROM1 (Exec base: 0x08000000, Load base: 0x08000000, Size: 0x00001c3c, Max: 0x00010000, ABSOLUTE)

    Exec Addr    Load Addr    Size         Type   Attr      Idx    E Section Name        Object

    0x08000000   0x08000000   0x000000cc   Data   RO         1365    RESET               startup_gd32e230.o
    0x080000cc   0x080000cc   0x00000000   Code   RO         1372  * .ARM.Collect$$$$00000000  mc_p.l(entry.o)
    0x080000cc   0x080000cc   0x00000004   Code   RO         1381    .ARM.Collect$$$$00000001  mc_p.l(entry2.o)
    0x080000d0   0x080000d0   0x00000004   Code   RO         1384    .ARM.Collect$$$$00000004  mc_p.l(entry5.o)
    0x080000d4   0x080000d4   0x00000000   Code   RO         1386    .ARM.Collect$$$$00000008  mc_p.l(entry7b.o)
    0x080000d4   0x080000d4   0x00000000   Code   RO         1388    .ARM.Collect$$$$0000000A  mc_p.l(entry8b.o)
    0x080000d4   0x080000d4   0x00000008   Code   RO         1389    .ARM.Collect$$$$0000000B  mc_p.l(entry9a.o)
    0x080000dc   0x080000dc   0x00000000   Code   RO         1391    .ARM.Collect$$$$0000000D  mc_p.l(entry10a.o)
    0x080000dc   0x080000dc   0x00000000   Code   RO         1393    .ARM.Collect$$$$0000000F  mc_p.l(entry11a.o)
    0x080000dc   0x080000dc   0x00000004   Code   RO         1382    .ARM.Collect$$$$00002712  mc_p.l(entry2.o)
    0x080000e0   0x080000e0   0x0000001c   Code   RO         1366    .text               startup_gd32e230.o
    0x080000fc   0x080000fc   0x00000024   Code   RO         1375    .text               mc_p.l(memcpya.o)
    0x08000120   0x08000120   0x00000024   Code   RO         1377    .text               mc_p.l(memseta.o)
    0x08000144   0x08000144   0x00000024   Code   RO         1395    .text               mc_p.l(init.o)
    0x08000168   0x08000168   0x0000015c   Code   RO           37    .text.Boot_ParseReceiveModbusData  main.o
    0x080002c4   0x080002c4   0x00000018   Code   RO          184    .text.COMMON_Bits16Convert2Bits8  commonfunctions.o
    0x080002dc   0x080002dc   0x00000024   Code   RO          180    .text.COMMON_Bits8Convert2Bits16  commonfunctions.o
    0x08000300   0x08000300   0x00000044   Code   RO          182    .text.COMMON_Bits8Convert2Bits32  commonfunctions.o
    0x08000344   0x08000344   0x00000074   Code   RO          188    .text.COMMON_ConverAscii2CommonMode  commonfunctions.o
    0x080003b8   0x080003b8   0x0000003c   Code   RO          190    .text.COMMON_Convert1Byteto4Bits  commonfunctions.o
    0x080003f4   0x080003f4   0x0000006e   Code   RO          194    .text.COMMON_ConvertHex2Ascii  commonfunctions.o
    0x08000462   0x08000462   0x00000020   Code   RO          192    .text.COMMON_GeneratorLRCCheckCode  commonfunctions.o
    0x08000482   0x08000482   0x00000002   PAD
    0x08000484   0x08000484   0x00000040   Code   RO          196    .text.COMMON_GeneratorU16bitsCRCCheckCode  commonfunctions.o
    0x080004c4   0x080004c4   0x0000002c   Code   RO          168    .text.DMA_Channel3_4_IRQHandler  dmaconfig.o
    0x080004f0   0x080004f0   0x000000c8   Code   RO          166    .text.DMA_Rcv_TransDataParaConfig  dmaconfig.o
    0x080005b8   0x080005b8   0x00000068   Code   RO           39    .text.GD32E230BOOT_1sOverTimePorcess  main.o
    0x08000620   0x08000620   0x00000010   Code   RO           41    .text.GD32E230BOOT_ClearAppFlashArea  main.o
    0x08000630   0x08000630   0x00000050   Code   RO           45    .text.GD32E230BOOT_EraseUpgradeFlag  main.o
    0x08000680   0x08000680   0x00000084   Code   RO           33    .text.GD32E230BOOT_ResourceInit  main.o
    0x08000704   0x08000704   0x00000104   Code   RO           43    .text.GD32E230BOOT_UpGradePayloadProcess  main.o
    0x08000808   0x08000808   0x00000028   Code   RO           47    .text.GD32E230BOOT_UpgradePackagePayloadDecoding  main.o
    0x08000830   0x08000830   0x00000020   Code   RO          141    .text.GD32E230_Systick_Config  gd32e230_systick.o
    0x08000850   0x08000850   0x0000001c   Code   RO          145    .text.GD32E230_Systick_TimerControlInit  gd32e230_systick.o
    0x0800086c   0x0800086c   0x00000018   Code   RO          151    .text.GD32E230_Systick_TimerKill  gd32e230_systick.o
    0x08000884   0x08000884   0x00000038   Code   RO          147    .text.GD32E230_Systick_TimerProcess  gd32e230_systick.o
    0x080008bc   0x080008bc   0x00000020   Code   RO          149    .text.GD32E230_TimerSet  gd32e230_systick.o
    0x080008dc   0x080008dc   0x00000074   Code   RO          122    .text.GD32E23X_Modbus_CommunicateResponseInformation  usart.o
    0x08000950   0x08000950   0x000000f0   Code   RO          116    .text.GD32E23X_Modbus_ModbusTimer  usart.o
    0x08000a40   0x08000a40   0x00000044   Code   RO          120    .text.GD32E23X_Modbus_UpgradeResponseProcess  usart.o
    0x08000a84   0x08000a84   0x00000068   Code   RO           68    .text.GDFLASHOP_EraseSpecifiedFlashPages  flash.o
    0x08000aec   0x08000aec   0x00000034   Code   RO           72    .text.GDFLASHOP_ReadDataFromChipFlash  flash.o
    0x08000b20   0x08000b20   0x0000004c   Code   RO           70    .text.GDFLASHOP_WriteData2SpecifiedFlash  flash.o
    0x08000b6c   0x08000b6c   0x00000002   Code   RO            4    .text.HardFault_Handler  gd32e230_it.o
    0x08000b6e   0x08000b6e   0x00000002   PAD
    0x08000b70   0x08000b70   0x00000044   Code   RO           31    .text.JumpToUserApplication  main.o
    0x08000bb4   0x08000bb4   0x00000002   Code   RO            2    .text.NMI_Handler   gd32e230_it.o
    0x08000bb6   0x08000bb6   0x00000002   Code   RO           16    .text.PendSV_Handler  gd32e230_it.o
    0x08000bb8   0x08000bb8   0x00000002   Code   RO           12    .text.SVC_Handler   gd32e230_it.o
    0x08000bba   0x08000bba   0x00000002   PAD
    0x08000bbc   0x08000bbc   0x00000024   Code   RO          143    .text.SysTick_Config  gd32e230_systick.o
    0x08000be0   0x08000be0   0x00000030   Code   RO          153    .text.SysTick_Handler  gd32e230_systick.o
    0x08000c10   0x08000c10   0x00000080   Code   RO          208    .text.SystemInit    system_gd32e230.o
    0x08000c90   0x08000c90   0x00000048   Code   RO          118    .text.TIMER2_IRQHandler  usart.o
    0x08000cd8   0x08000cd8   0x00000064   Code   RO          114    .text.USART1_IRQHandler  usart.o
    0x08000d3c   0x08000d3c   0x00000030   Code   RO          102    .text.USART_CommunicateControlPinInit  usart.o
    0x08000d6c   0x08000d6c   0x00000104   Code   RO          100    .text.USART_CommunicateInitial  usart.o
    0x08000e70   0x08000e70   0x000000d4   Code   RO          106    .text.USART_CommunicateParaConfig  usart.o
    0x08000f44   0x08000f44   0x00000024   Code   RO          108    .text.USART_ConfigPaserParameters  usart.o
    0x08000f68   0x08000f68   0x00000024   Code   RO          110    .text.USART_SendDataViaUSART0DmaChannel  usart.o
    0x08000f8c   0x08000f8c   0x0000000c   Code   RO          112    .text.USART_SendDataViaUSART0DmaChnIsBusy  usart.o
    0x08000f98   0x08000f98   0x00000080   Code   RO          104    .text.USART_Timer2_Configuation  usart.o
    0x08001018   0x08001018   0x0000001c   Code   RO          689    .text.__NVIC_EnableIRQ  gd32e230_misc.o
    0x08001034   0x08001034   0x00000018   Code   RO          155    .text.__NVIC_SetPriority  gd32e230_systick.o
    0x0800104c   0x0800104c   0x00000040   Code   RO          687    .text.__NVIC_SetPriority  gd32e230_misc.o
    0x0800108c   0x0800108c   0x00000010   Code   RO          387    .text.dma_channel_disable  gd32e230_dma.o
    0x0800109c   0x0800109c   0x00000010   Code   RO          397    .text.dma_channel_enable  gd32e230_dma.o
    0x080010ac   0x080010ac   0x00000010   Code   RO          391    .text.dma_circulation_disable  gd32e230_dma.o
    0x080010bc   0x080010bc   0x00000010   Code   RO          389    .text.dma_circulation_enable  gd32e230_dma.o
    0x080010cc   0x080010cc   0x0000002c   Code   RO          381    .text.dma_deinit    gd32e230_dma.o
    0x080010f8   0x080010f8   0x0000006c   Code   RO          385    .text.dma_init      gd32e230_dma.o
    0x08001164   0x08001164   0x00000010   Code   RO          433    .text.dma_interrupt_disable  gd32e230_dma.o
    0x08001174   0x08001174   0x00000010   Code   RO          431    .text.dma_interrupt_enable  gd32e230_dma.o
    0x08001184   0x08001184   0x00000014   Code   RO          429    .text.dma_interrupt_flag_clear  gd32e230_dma.o
    0x08001198   0x08001198   0x00000044   Code   RO          427    .text.dma_interrupt_flag_get  gd32e230_dma.o
    0x080011dc   0x080011dc   0x00000018   Code   RO          395    .text.dma_memory_to_memory_disable  gd32e230_dma.o
    0x080011f4   0x080011f4   0x00000014   Code   RO          383    .text.dma_struct_para_init  gd32e230_dma.o
    0x08001208   0x08001208   0x0000000c   Code   RO          403    .text.dma_transfer_number_config  gd32e230_dma.o
    0x08001214   0x08001214   0x00000010   Code   RO          405    .text.dma_transfer_number_get  gd32e230_dma.o
    0x08001224   0x08001224   0x00000014   Code   RO           78    .text.flash_read_MultiBytes  flash.o
    0x08001238   0x08001238   0x00000008   Code   RO          527    .text.fmc_flag_clear  gd32e230_fmc.o
    0x08001240   0x08001240   0x0000000c   Code   RO          477    .text.fmc_lock      gd32e230_fmc.o
    0x0800124c   0x0800124c   0x0000003c   Code   RO          485    .text.fmc_page_erase  gd32e230_fmc.o
    0x08001288   0x08001288   0x00000020   Code   RO          487    .text.fmc_ready_wait  gd32e230_fmc.o
    0x080012a8   0x080012a8   0x00000024   Code   RO          533    .text.fmc_state_get  gd32e230_fmc.o
    0x080012cc   0x080012cc   0x00000020   Code   RO          475    .text.fmc_unlock    gd32e230_fmc.o
    0x080012ec   0x080012ec   0x0000003c   Code   RO          493    .text.fmc_word_program  gd32e230_fmc.o
    0x08001328   0x08001328   0x0000005e   Code   RO          591    .text.gpio_af_set   gd32e230_gpio.o
    0x08001386   0x08001386   0x00000042   Code   RO          571    .text.gpio_mode_set  gd32e230_gpio.o
    0x080013c8   0x080013c8   0x00000046   Code   RO          573    .text.gpio_output_options_set  gd32e230_gpio.o
    0x0800140e   0x0800140e   0x00000002   PAD
    0x08001410   0x08001410   0x0000003c   Code   RO           29    .text.main          main.o
    0x0800144c   0x0800144c   0x00000012   Code   RO          685    .text.nvic_irq_enable  gd32e230_misc.o
    0x0800145e   0x0800145e   0x00000002   PAD
    0x08001460   0x08001460   0x00000014   Code   RO          699    .text.nvic_vector_table_set  gd32e230_misc.o
    0x08001474   0x08001474   0x00000134   Code   RO          828    .text.rcu_clock_freq_get  gd32e230_rcu.o
    0x080015a8   0x080015a8   0x00000014   Code   RO          754    .text.rcu_periph_clock_enable  gd32e230_rcu.o
    0x080015bc   0x080015bc   0x00000014   Code   RO          764    .text.rcu_periph_reset_disable  gd32e230_rcu.o
    0x080015d0   0x080015d0   0x00000018   Code   RO          762    .text.rcu_periph_reset_enable  gd32e230_rcu.o
    0x080015e8   0x080015e8   0x0000008c   Code   RO          214    .text.system_clock_72m_irc8m  system_gd32e230.o
    0x08001674   0x08001674   0x00000008   Code   RO          210    .text.system_clock_config  system_gd32e230.o
    0x0800167c   0x0800167c   0x00000004   Code   RO         1062    .text.timer_counter_value_config  gd32e230_timer.o
    0x08001680   0x08001680   0x00000070   Code   RO         1032    .text.timer_deinit  gd32e230_timer.o
    0x080016f0   0x080016f0   0x0000000a   Code   RO         1040    .text.timer_disable  gd32e230_timer.o
    0x080016fa   0x080016fa   0x0000000a   Code   RO         1038    .text.timer_enable  gd32e230_timer.o
    0x08001704   0x08001704   0x00000008   Code   RO         1084    .text.timer_flag_clear  gd32e230_timer.o
    0x0800170c   0x0800170c   0x0000000a   Code   RO         1082    .text.timer_flag_get  gd32e230_timer.o
    0x08001716   0x08001716   0x00000002   PAD
    0x08001718   0x08001718   0x000000b0   Code   RO         1036    .text.timer_init    gd32e230_timer.o
    0x080017c8   0x080017c8   0x00000008   Code   RO         1076    .text.timer_interrupt_disable  gd32e230_timer.o
    0x080017d0   0x080017d0   0x00000008   Code   RO         1074    .text.timer_interrupt_enable  gd32e230_timer.o
    0x080017d8   0x080017d8   0x00000014   Code   RO         1034    .text.timer_struct_para_init  gd32e230_timer.o
    0x080017ec   0x080017ec   0x00000050   Code   RO         1188    .text.usart_baudrate_set  gd32e230_usart.o
    0x0800183c   0x0800183c   0x0000000c   Code   RO         1224    .text.usart_data_receive  gd32e230_usart.o
    0x08001848   0x08001848   0x00000034   Code   RO         1186    .text.usart_deinit  gd32e230_usart.o
    0x0800187c   0x0800187c   0x0000000a   Code   RO         1198    .text.usart_disable  gd32e230_usart.o
    0x08001886   0x08001886   0x00000010   Code   RO         1300    .text.usart_dma_receive_config  gd32e230_usart.o
    0x08001896   0x08001896   0x00000010   Code   RO         1302    .text.usart_dma_transmit_config  gd32e230_usart.o
    0x080018a6   0x080018a6   0x0000000a   Code   RO         1196    .text.usart_enable  gd32e230_usart.o
    0x080018b0   0x080018b0   0x00000010   Code   RO         1322    .text.usart_flag_clear  gd32e230_usart.o
    0x080018c0   0x080018c0   0x00000010   Code   RO         1320    .text.usart_flag_get  gd32e230_usart.o
    0x080018d0   0x080018d0   0x0000001a   Code   RO         1286    .text.usart_hardware_flow_cts_config  gd32e230_usart.o
    0x080018ea   0x080018ea   0x0000001a   Code   RO         1284    .text.usart_hardware_flow_rts_config  gd32e230_usart.o
    0x08001904   0x08001904   0x00000012   Code   RO         1324    .text.usart_interrupt_enable  gd32e230_usart.o
    0x08001916   0x08001916   0x0000001a   Code   RO         1190    .text.usart_parity_config  gd32e230_usart.o
    0x08001930   0x08001930   0x00000010   Code   RO         1202    .text.usart_receive_config  gd32e230_usart.o
    0x08001940   0x08001940   0x0000001a   Code   RO         1194    .text.usart_stop_bit_set  gd32e230_usart.o
    0x0800195a   0x0800195a   0x00000010   Code   RO         1200    .text.usart_transmit_config  gd32e230_usart.o
    0x0800196a   0x0800196a   0x0000001a   Code   RO         1192    .text.usart_word_length_set  gd32e230_usart.o
    0x08001984   0x08001984   0x0000000e   Code   RO         1399    i.__scatterload_copy  mc_p.l(handlers.o)
    0x08001992   0x08001992   0x00000002   Code   RO         1400    i.__scatterload_null  mc_p.l(handlers.o)
    0x08001994   0x08001994   0x0000000e   Code   RO         1401    i.__scatterload_zeroinit  mc_p.l(handlers.o)
    0x080019a2   0x080019a2   0x00000002   PAD
    0x080019a4   0x080019a4   0x00000020   Data   RO          126    .rodata.BaudrateTab  usart.o
    0x080019c4   0x080019c4   0x00000100   Data   RO          199    .rodata.CRCHighTab  commonfunctions.o
    0x08001ac4   0x08001ac4   0x00000100   Data   RO          198    .rodata.CRCLowTab   commonfunctions.o
    0x08001bc4   0x08001bc4   0x00000008   Data   RO          124    .rodata.FrameInterval  usart.o
    0x08001bcc   0x08001bcc   0x00000010   Data   RO          125    .rodata.Rs485ctrldly  usart.o
    0x08001bdc   0x08001bdc   0x00000040   Data   RO           49    .rodata.enstr       main.o
    0x08001c1c   0x08001c1c   0x00000020   Data   RO         1398    Region$$Table       anon$$obj.o


    Execution Region RW_IRAM1 (Exec base: 0x20000000, Load base: 0x08001c40, Size: 0x00001510, Max: 0x00002000, ABSOLUTE)

    Exec Addr    Load Addr    Size         Type   Attr      Idx    E Section Name        Object

    0x20000000   0x08001c40   0x00000004   Data   RW          216    .data.SystemCoreClock  system_gd32e230.o
    0x20000004   0x08001c44   0x00000004   Data   RW           57    .data.commpara      main.o
    0x20000008        -       0x00000004   Zero   RW           52    .bss.JumpAddress    main.o
    0x2000000c        -       0x00000004   Zero   RW           50    .bss.Jump_To_Application  main.o
    0x20000010        -       0x0000003c   Zero   RW          157    .bss.TmrTbl         gd32e230_systick.o
    0x2000004c        -       0x00000004   Zero   RW           58    .bss.destflashaddr  main.o
    0x20000050        -       0x00000001   Zero   RW          129    .bss.flag_send_busy  usart.o
    0x20000051        -       0x00000440   Zero   RW           56    .bss.mdbus_parsebuf  main.o
    0x20000491        -       0x00000800   Zero   RW           54    .bss.mdbus_rcvbuf   main.o
    0x20000c91        -       0x00000440   Zero   RW           55    .bss.mdbus_sndbuf   main.o
    0x200010d1        -       0x00000003   Zero   RW          130    .bss.s_mdbs_para    usart.o
    0x200010d4        -       0x00000004   Zero   RW          131    .bss.s_parse.0      usart.o
    0x200010d8        -       0x00000004   Zero   RW          132    .bss.s_parse.2      usart.o
    0x200010dc        -       0x0000000c   Zero   RW          127    .bss.s_rcvq         usart.o
    0x200010e8        -       0x00000008   Zero   RW          128    .bss.s_sndpara      usart.o
    0x200010f0        -       0x00000010   Zero   RW           53    .bss.s_upp          main.o
    0x20001100        -       0x00000010   Zero   RW           51    .bss.usart_dma_para  main.o
    0x20001110        -       0x00000400   Zero   RW         1363    STACK               startup_gd32e230.o


==============================================================================

Image component sizes


      Code (inc. data)   RO Data    RW Data    ZI Data      Debug   Object Name

       510          8        512          0          0       4790   commonfunctions.o
       244          8          0          0          0       2936   dmaconfig.o
       252         12          0          0          0       5495   flash.o
       408         16          0          0          0       6568   gd32e230_dma.o
       240         20          0          0          0       7403   gd32e230_fmc.o
       230          0          0          0          0       4853   gd32e230_gpio.o
         8          0          0          0          0        944   gd32e230_it.o
       130         20          0          0          0       4152   gd32e230_misc.o
       372         48          0          0          0      13364   gd32e230_rcu.o
       280         16          0          0         60       4388   gd32e230_systick.o
       366         52          0          0          0      18691   gd32e230_timer.o
       408         24          0          0          0      14220   gd32e230_usart.o
      1108        116         64          4       4268       7770   main.o
        28          8        204          0       1024        740   startup_gd32e230.o
       276         36          0          4          0       2106   system_gd32e230.o
      1328        172         56          0         32       8637   usart.o

    ----------------------------------------------------------------------
      6200        556        868          8       5384     107057   Object Totals
         0          0         32          0          0          0   (incl. Generated)
        12          0          0          0          0          0   (incl. Padding)

    ----------------------------------------------------------------------

      Code (inc. data)   RO Data    RW Data    ZI Data      Debug   Library Member Name

         0          0          0          0          0          0   entry.o
         0          0          0          0          0          0   entry10a.o
         0          0          0          0          0          0   entry11a.o
         8          4          0          0          0          0   entry2.o
         4          0          0          0          0          0   entry5.o
         0          0          0          0          0          0   entry7b.o
         0          0          0          0          0          0   entry8b.o
         8          4          0          0          0          0   entry9a.o
        30          0          0          0          0          0   handlers.o
        36          8          0          0          0         68   init.o
        36          0          0          0          0         60   memcpya.o
        36          0          0          0          0        100   memseta.o

    ----------------------------------------------------------------------
       160         16          0          0          0        228   Library Totals
         2          0          0          0          0          0   (incl. Padding)

    ----------------------------------------------------------------------

      Code (inc. data)   RO Data    RW Data    ZI Data      Debug   Library Name

       158         16          0          0          0        228   mc_p.l

    ----------------------------------------------------------------------
       160         16          0          0          0        228   Library Totals

    ----------------------------------------------------------------------

==============================================================================


      Code (inc. data)   RO Data    RW Data    ZI Data      Debug   

      6360        572        868          8       5384     107169   Grand Totals
      6360        572        868          8       5384     107169   ELF Image Totals
      6360        572        868          8          0          0   ROM Totals

==============================================================================

    Total RO  Size (Code + RO Data)                 7228 (   7.06kB)
    Total RW  Size (RW Data + ZI Data)              5392 (   5.27kB)
    Total ROM Size (Code + RO Data + RW Data)       7236 (   7.07kB)

==============================================================================

